<html>
<body>
<pre>
<h1>µVision Build Log</h1>
<h2>Tool Versions:</h2>
IDE-Version: ¦ÌVision V5.28.0.0
Copyright (C) 2019 ARM Ltd and ARM Germany GmbH. All rights reserved.
License Information: 1 lyr, HP Inc., LIC=JL201-C92WQ-UGX7Q-NYRBQ-0PQ1Z-WFZWA
 
Tool Versions:
Toolchain:       MDK-ARM Plus  Version: 5.28.0.0
Toolchain Path:  D:\lyr\ruanjian\Keil_v5\ARM\ARMCC\Bin
C Compiler:      Armcc.exe V5.06 update 6 (build 750)
Assembler:       Armasm.exe V5.06 update 6 (build 750)
Linker/Locator:  ArmLink.exe V5.06 update 6 (build 750)
Library Manager: ArmAr.exe V5.06 update 6 (build 750)
Hex Converter:   FromElf.exe V5.06 update 6 (build 750)
CPU DLL:         SARMCM3.DLL V5.28.0.0
Dialog DLL:      DRAMSTM.DLL
Target DLL:      Segger\JL2CM3.dll V2.99.36.0
Dialog DLL:      TCM.DLL V1.36.2.0
 
<h2>Project:</h2>
d:\lyr\project\stm32\xian2024\SGA_nin - 2\Project\STM32.uvprojx
Project File Date:  09/19/2024

<h2>Output:</h2>
*** Using Compiler 'V5.06 update 6 (build 750)', folder: 'D:\lyr\ruanjian\Keil_v5\ARM\ARMCC\Bin'
Build target 'Demo'
compiling threadpool.c...
compiling config.c...
compiling task_sysinit.c...
compiling ocd_at24cxx.c...
compiling task_irq.c...
compiling ocd_jy901.c...
..\Bsp\OCD\Src\ocd_jy901.c(397): warning:  #870-D: invalid multibyte character sequence
  	if(_tJY901->tConfig.usType & JY901_OUTPUT_TIME)		printf("time: %då¹?%dæœ?%dæ—?%dæ—?%dåˆ?%dç§’\r\n",_tJY901->stcTime.Year,_tJY901->stcTime.Month,_tJY901->stcTime.Day,_tJY901->stcTime.Hour,_tJY901->stcTime.Min,_tJY901->stcTime.Sec);
..\Bsp\OCD\Src\ocd_jy901.c(397): warning:  #870-D: invalid multibyte character sequence
  	if(_tJY901->tConfig.usType & JY901_OUTPUT_TIME)		printf("time: %då¹?%dæœ?%dæ—?%dæ—?%dåˆ?%dç§’\r\n",_tJY901->stcTime.Year,_tJY901->stcTime.Month,_tJY901->stcTime.Day,_tJY901->stcTime.Hour,_tJY901->stcTime.Min,_tJY901->stcTime.Sec);
..\Bsp\OCD\Src\ocd_jy901.c(397): warning:  #870-D: invalid multibyte character sequence
  	if(_tJY901->tConfig.usType & JY901_OUTPUT_TIME)		printf("time: %då¹?%dæœ?%dæ—?%dæ—?%dåˆ?%dç§’\r\n",_tJY901->stcTime.Year,_tJY901->stcTime.Month,_tJY901->stcTime.Day,_tJY901->stcTime.Hour,_tJY901->stcTime.Min,_tJY901->stcTime.Sec);
..\Bsp\OCD\Src\ocd_jy901.c(397): warning:  #870-D: invalid multibyte character sequence
  	if(_tJY901->tConfig.usType & JY901_OUTPUT_TIME)		printf("time: %då¹?%dæœ?%dæ—?%dæ—?%dåˆ?%dç§’\r\n",_tJY901->stcTime.Year,_tJY901->stcTime.Month,_tJY901->stcTime.Day,_tJY901->stcTime.Hour,_tJY901->stcTime.Min,_tJY901->stcTime.Sec);
..\Bsp\OCD\Src\ocd_jy901.c(397): warning:  #870-D: invalid multibyte character sequence
  	if(_tJY901->tConfig.usType & JY901_OUTPUT_TIME)		printf("time: %då¹?%dæœ?%dæ—?%dæ—?%dåˆ?%dç§’\r\n",_tJY901->stcTime.Year,_tJY901->stcTime.Month,_tJY901->stcTime.Day,_tJY901->stcTime.Hour,_tJY901->stcTime.Min,_tJY901->stcTime.Sec);
..\Bsp\OCD\Src\ocd_jy901.c: 5 warnings, 0 errors
compiling usercode.c...
compiling ocd_oled.c...
compiling ocd_rm3100.c...
compiling ocd_sdcard.c...
compiling task_analysisdata.c...
..\Apply\Task\Src\task_analysisdata.c(14): warning:  #177-D: variable "AMInfo"  was declared but never referenced
      AutoModeInfo AMInfo = {" ",0};
..\Apply\Task\Src\task_analysisdata.c(15): warning:  #177-D: variable "DCInfo"  was declared but never referenced
      DepthControlInfo DCInfo = {0};
..\Apply\Task\Src\task_analysisdata.c: 2 warnings, 0 errors
compiling task_handlemode.c...
..\Apply\Task\Src\task_handlemode.c(270): warning:  #223-D: function "Expect_angle_Init" declared implicitly
  					Expect_angle_Init();
..\Apply\Task\Src\task_handlemode.c: 1 warning, 0 errors
compiling task_userinit.c...
compiling ocd_ds3231.c...
compiling task_thruster.c...
compiling main.c...
compiling ocd_fatfs.c...
compiling task_motioncontrol.c...
..\Apply\Task\Src\task_motioncontrol.c(89): warning:  #177-D: variable "yawOutput"  was declared but never referenced
  	float rollOutput = 0,pitchOutput = 0,yawOutput = 0;
..\Apply\Task\Src\task_motioncontrol.c: 1 warning, 0 errors
compiling ocd_ads1256.c...
compiling task_depthcontrol.c...
compiling task_balance.c...
compiling task_automode.c...
compiling ocd_ms5837.c...
compiling drv_hal.c...
compiling dev_ps2.c...
compiling algo_func.c...
compiling algo_pid.c...
compiling drv_hal_adc.c...
compiling drv_hal_dac.c...
compiling drv_hal_delay.c...
compiling drv_hal_gpio.c...
compiling drv_hal_iic_soft.c...
compiling drv_hal_pwm.c...
compiling drv_hal_spi_soft.c...
compiling drv_hal_spi.c...
compiling drv_hal_pwr.c...
compiling drv_hal_timer.c...
compiling drv_hal_wdg.c...
compiling board.c...
compiling drv_hal_uart.c...
linking...
Program Size: Code=39284 RO-data=808 RW-data=3756 ZI-data=18508  
FromELF: creating hex file...
".\Objects\STM32.axf" - 0 Error(s), 9 Warning(s).

<h2>Software Packages used:</h2>

Package Vendor: Keil
                http://www.keil.com/pack/Keil.STM32F1xx_DFP.2.4.0.pack
                Keil.STM32F1xx_DFP.2.4.0
                STMicroelectronics STM32F1 Series Device Support, Drivers and Examples

<h2>Collection of Component include folders:</h2>
  .\RTE\_Demo
  D:\lyr\ruanjian\Keil_v5\Keil\STM32F1xx_DFP\2.4.0\Device\Include

<h2>Collection of Component Files used:</h2>
Build Time Elapsed:  00:00:08
</pre>
</body>
</html>
