Component: ARM Compiler 5.05 update 1 (build 106) Tool: armlink [4d0efa]

==============================================================================

Section Cross References

    main.o(i.main) refers to task_userinit.o(i.Task_UserInit) for Task_UserInit
    main.o(i.main) refers to kservice.o(i.rt_kprintf) for rt_kprintf
    main.o(i.main) refers to usercode.o(i.UserLogic_Code) for UserLogic_Code
    usercode.o(i.UserLogic_Code) refers to ipc.o(i.rt_sem_create) for rt_sem_create
    usercode.o(i.UserLogic_Code) refers to ipc.o(i.rt_mq_create) for rt_mq_create
    usercode.o(i.UserLogic_Code) refers to thread.o(i.rt_thread_create) for rt_thread_create
    usercode.o(i.UserLogic_Code) refers to thread.o(i.rt_thread_startup) for rt_thread_startup
    usercode.o(i.UserLogic_Code) refers to usercode.o(.data) for JY901S_Sem
    usercode.o(i.UserLogic_Code) refers to threadpool.o(i.DataFromIPC) for DataFromIPC
    usercode.o(i.UserLogic_Code) refers to threadpool.o(i.JY901SReadThread) for JY901SReadThread
    usercode.o(i.UserLogic_Code) refers to threadpool.o(i.MS5837ReadThread) for MS5837ReadThread
    usercode.o(i.UserLogic_Code) refers to threadpool.o(i.HANDLE_MODE) for HANDLE_MODE
    usercode.o(i.UserLogic_Code) refers to threadpool.o(i.AUTO_MODE) for AUTO_MODE
    usercode.o(i.UserLogic_Code) refers to threadpool.o(i.MotionControl) for MotionControl
    usercode.o(i.UserLogic_Code) refers to threadpool.o(i.ReportPWMout) for ReportPWMout
    usercode.o(i.UserLogic_Code) refers to threadpool.o(i.PlusControl) for PlusControl
    usercode.o(i.UserLogic_Code) refers to threadpool.o(i.TestThread) for TestThread
    threadpool.o(i.AUTO_MODE) refers to thread.o(i.rt_thread_self) for rt_thread_self
    threadpool.o(i.AUTO_MODE) refers to thread.o(i.rt_thread_suspend) for rt_thread_suspend
    threadpool.o(i.AUTO_MODE) refers to scheduler.o(i.rt_schedule) for rt_schedule
    threadpool.o(i.AUTO_MODE) refers to ipc.o(i.rt_mq_recv) for rt_mq_recv
    threadpool.o(i.AUTO_MODE) refers to kservice.o(i.rt_strcmp) for rt_strcmp
    threadpool.o(i.AUTO_MODE) refers to task_thruster.o(i.Task_Thruster_AllStop) for Task_Thruster_AllStop
    threadpool.o(i.AUTO_MODE) refers to printfa.o(i.__0printf) for __2printf
    threadpool.o(i.AUTO_MODE) refers to scheduler.o(i.rt_enter_critical) for rt_enter_critical
    threadpool.o(i.AUTO_MODE) refers to thread.o(i.rt_thread_resume) for rt_thread_resume
    threadpool.o(i.AUTO_MODE) refers to scheduler.o(i.rt_exit_critical) for rt_exit_critical
    threadpool.o(i.AUTO_MODE) refers to task_automode.o(i.Task_AutoMode_Process) for Task_AutoMode_Process
    threadpool.o(i.AUTO_MODE) refers to drv_hal_delay.o(i.Drv_Delay_Ms) for Drv_Delay_Ms
    threadpool.o(i.AUTO_MODE) refers to usercode.o(.data) for AutoModemq
    threadpool.o(i.DataFromIPC) refers to ipc.o(i.rt_sem_take) for rt_sem_take
    threadpool.o(i.DataFromIPC) refers to drv_hal_uart.o(i.Drv_Uart_Receive_DMA) for Drv_Uart_Receive_DMA
    threadpool.o(i.DataFromIPC) refers to task_analysisdata.o(i.Task_AnalysisData) for Task_AnalysisData
    threadpool.o(i.DataFromIPC) refers to kservice.o(i.rt_memset) for rt_memset
    threadpool.o(i.DataFromIPC) refers to drv_hal_delay.o(i.Drv_Delay_Ms) for Drv_Delay_Ms
    threadpool.o(i.DataFromIPC) refers to usercode.o(.data) for DataFromIPC_Sem
    threadpool.o(i.DataFromIPC) refers to config.o(.data) for Uart3
    threadpool.o(i.HANDLE_MODE) refers to ipc.o(i.rt_mq_recv) for rt_mq_recv
    threadpool.o(i.HANDLE_MODE) refers to kservice.o(i.rt_strcmp) for rt_strcmp
    threadpool.o(i.HANDLE_MODE) refers to task_thruster.o(i.Task_Thruster_AllStop) for Task_Thruster_AllStop
    threadpool.o(i.HANDLE_MODE) refers to printfa.o(i.__0printf) for __2printf
    threadpool.o(i.HANDLE_MODE) refers to scheduler.o(i.rt_enter_critical) for rt_enter_critical
    threadpool.o(i.HANDLE_MODE) refers to thread.o(i.rt_thread_self) for rt_thread_self
    threadpool.o(i.HANDLE_MODE) refers to thread.o(i.rt_thread_suspend) for rt_thread_suspend
    threadpool.o(i.HANDLE_MODE) refers to thread.o(i.rt_thread_resume) for rt_thread_resume
    threadpool.o(i.HANDLE_MODE) refers to scheduler.o(i.rt_exit_critical) for rt_exit_critical
    threadpool.o(i.HANDLE_MODE) refers to scheduler.o(i.rt_schedule) for rt_schedule
    threadpool.o(i.HANDLE_MODE) refers to task_handlemode.o(i.Task_HandleMode_Process) for Task_HandleMode_Process
    threadpool.o(i.HANDLE_MODE) refers to drv_hal_delay.o(i.Drv_Delay_Ms) for Drv_Delay_Ms
    threadpool.o(i.HANDLE_MODE) refers to usercode.o(.data) for HandleModemq
    threadpool.o(i.JY901SReadThread) refers to ipc.o(i.rt_sem_take) for rt_sem_take
    threadpool.o(i.JY901SReadThread) refers to ocd_jy901.o(i.OCD_JY901_DataProcess) for OCD_JY901_DataProcess
    threadpool.o(i.JY901SReadThread) refers to ocd_jy901.o(i.OCD_JY901_DataConversion) for OCD_JY901_DataConversion
    threadpool.o(i.JY901SReadThread) refers to ocd_jy901.o(i.OCD_JY901_Printf) for OCD_JY901_Printf
[...]
    __rt_final_cpp                           0x08000141   Thumb Code     0  entry10a.o(.ARM.Collect$$$$0000000D)
    __rt_final_exit                          0x08000141   Thumb Code     0  entry11a.o(.ARM.Collect$$$$0000000F)
    rt_hw_interrupt_disable                  0x08000145   Thumb Code     8  context_rvds.o(.text)
    rt_hw_interrupt_enable                   0x0800014d   Thumb Code     6  context_rvds.o(.text)
    rt_hw_context_switch                     0x08000153   Thumb Code    32  context_rvds.o(.text)
    rt_hw_context_switch_interrupt           0x08000153   Thumb Code     0  context_rvds.o(.text)
    PendSV_Handler                           0x08000173   Thumb Code    60  context_rvds.o(.text)
    rt_hw_context_switch_to                  0x080001af   Thumb Code    56  context_rvds.o(.text)
    rt_hw_interrupt_thread_switch            0x080001e7   Thumb Code     2  context_rvds.o(.text)
    HardFault_Handler                        0x080001e9   Thumb Code    52  context_rvds.o(.text)
    Reset_Handler                            0x08000239   Thumb Code     8  startup_stm32f103xe.o(.text)
    ADC1_2_IRQHandler                        0x08000253   Thumb Code     0  startup_stm32f103xe.o(.text)
    ADC3_IRQHandler                          0x08000253   Thumb Code     0  startup_stm32f103xe.o(.text)
    CAN1_RX1_IRQHandler                      0x08000253   Thumb Code     0  startup_stm32f103xe.o(.text)
    CAN1_SCE_IRQHandler                      0x08000253   Thumb Code     0  startup_stm32f103xe.o(.text)
    DMA1_Channel1_IRQHandler                 0x08000253   Thumb Code     0  startup_stm32f103xe.o(.text)
    DMA1_Channel2_IRQHandler                 0x08000253   Thumb Code     0  startup_stm32f103xe.o(.text)
    DMA1_Channel3_IRQHandler                 0x08000253   Thumb Code     0  startup_stm32f103xe.o(.text)
    DMA1_Channel4_IRQHandler                 0x08000253   Thumb Code     0  startup_stm32f103xe.o(.text)
    DMA1_Channel5_IRQHandler                 0x08000253   Thumb Code     0  startup_stm32f103xe.o(.text)
    DMA1_Channel6_IRQHandler                 0x08000253   Thumb Code     0  startup_stm32f103xe.o(.text)
    DMA1_Channel7_IRQHandler                 0x08000253   Thumb Code     0  startup_stm32f103xe.o(.text)
    DMA2_Channel1_IRQHandler                 0x08000253   Thumb Code     0  startup_stm32f103xe.o(.text)
    DMA2_Channel2_IRQHandler                 0x08000253   Thumb Code     0  startup_stm32f103xe.o(.text)
    DMA2_Channel3_IRQHandler                 0x08000253   Thumb Code     0  startup_stm32f103xe.o(.text)
    DMA2_Channel4_5_IRQHandler               0x08000253   Thumb Code     0  startup_stm32f103xe.o(.text)
    EXTI0_IRQHandler                         0x08000253   Thumb Code     0  startup_stm32f103xe.o(.text)
    EXTI1_IRQHandler                         0x08000253   Thumb Code     0  startup_stm32f103xe.o(.text)
    EXTI2_IRQHandler                         0x08000253   Thumb Code     0  startup_stm32f103xe.o(.text)
    EXTI3_IRQHandler                         0x08000253   Thumb Code     0  startup_stm32f103xe.o(.text)
    EXTI4_IRQHandler                         0x08000253   Thumb Code     0  startup_stm32f103xe.o(.text)
    FLASH_IRQHandler                         0x08000253   Thumb Code     0  startup_stm32f103xe.o(.text)
    FSMC_IRQHandler                          0x08000253   Thumb Code     0  startup_stm32f103xe.o(.text)
    I2C1_ER_IRQHandler                       0x08000253   Thumb Code     0  startup_stm32f103xe.o(.text)
    I2C1_EV_IRQHandler                       0x08000253   Thumb Code     0  startup_stm32f103xe.o(.text)
    I2C2_ER_IRQHandler                       0x08000253   Thumb Code     0  startup_stm32f103xe.o(.text)
    I2C2_EV_IRQHandler                       0x08000253   Thumb Code     0  startup_stm32f103xe.o(.text)
    PVD_IRQHandler                           0x08000253   Thumb Code     0  startup_stm32f103xe.o(.text)
    RCC_IRQHandler                           0x08000253   Thumb Code     0  startup_stm32f103xe.o(.text)
    RTC_Alarm_IRQHandler                     0x08000253   Thumb Code     0  startup_stm32f103xe.o(.text)
    RTC_IRQHandler                           0x08000253   Thumb Code     0  startup_stm32f103xe.o(.text)
    SDIO_IRQHandler                          0x08000253   Thumb Code     0  startup_stm32f103xe.o(.text)
    SPI1_IRQHandler                          0x08000253   Thumb Code     0  startup_stm32f103xe.o(.text)
    SPI2_IRQHandler                          0x08000253   Thumb Code     0  startup_stm32f103xe.o(.text)
    SPI3_IRQHandler                          0x08000253   Thumb Code     0  startup_stm32f103xe.o(.text)
    TAMPER_IRQHandler                        0x08000253   Thumb Code     0  startup_stm32f103xe.o(.text)
    TIM1_BRK_IRQHandler                      0x08000253   Thumb Code     0  startup_stm32f103xe.o(.text)
    TIM1_CC_IRQHandler                       0x08000253   Thumb Code     0  startup_stm32f103xe.o(.text)
    TIM1_TRG_COM_IRQHandler                  0x08000253   Thumb Code     0  startup_stm32f103xe.o(.text)
    TIM1_UP_IRQHandler                       0x08000253   Thumb Code     0  startup_stm32f103xe.o(.text)
    TIM8_BRK_IRQHandler                      0x08000253   Thumb Code     0  startup_stm32f103xe.o(.text)
    TIM8_CC_IRQHandler                       0x08000253   Thumb Code     0  startup_stm32f103xe.o(.text)
    TIM8_TRG_COM_IRQHandler                  0x08000253   Thumb Code     0  startup_stm32f103xe.o(.text)
    TIM8_UP_IRQHandler                       0x08000253   Thumb Code     0  startup_stm32f103xe.o(.text)
    USBWakeUp_IRQHandler                     0x08000253   Thumb Code     0  startup_stm32f103xe.o(.text)
    USB_HP_CAN1_TX_IRQHandler                0x08000253   Thumb Code     0  startup_stm32f103xe.o(.text)
    USB_LP_CAN1_RX0_IRQHandler               0x08000253   Thumb Code     0  startup_stm32f103xe.o(.text)
    WWDG_IRQHandler                          0x08000253   Thumb Code     0  startup_stm32f103xe.o(.text)
    __aeabi_ldivmod                          0x0800025d   Thumb Code    98  ldiv.o(.text)
    __aeabi_llsr                             0x080002bf   Thumb Code    32  llushr.o(.text)
    _ll_ushift_r                             0x080002bf   Thumb Code     0  llushr.o(.text)
    __aeabi_memcpy                           0x080002df   Thumb Code    36  memcpya.o(.text)
    __aeabi_memcpy4                          0x080002df   Thumb Code     0  memcpya.o(.text)
    __aeabi_memcpy8                          0x080002df   Thumb Code     0  memcpya.o(.text)
    __aeabi_memset                           0x08000303   Thumb Code    14  memseta.o(.text)
    __aeabi_memset4                          0x08000303   Thumb Code     0  memseta.o(.text)
    __aeabi_memset8                          0x08000303   Thumb Code     0  memseta.o(.text)
    __aeabi_memclr                           0x08000311   Thumb Code     4  memseta.o(.text)
    __aeabi_memclr4                          0x08000311   Thumb Code     0  memseta.o(.text)
    __aeabi_memclr8                          0x08000311   Thumb Code     0  memseta.o(.text)
    _memset$wrapper                          0x08000315   Thumb Code    18  memseta.o(.text)
    __0sscanf                                0x08000329   Thumb Code    48  __0sscanf.o(.text)
    _scanf_string                            0x08000361   Thumb Code   224  _scanf_str.o(.text)
    __aeabi_fadd                             0x08000441   Thumb Code   164  fadd.o(.text)
    __aeabi_fsub                             0x080004e5   Thumb Code     6  fadd.o(.text)
    __aeabi_frsub                            0x080004eb   Thumb Code     6  fadd.o(.text)
    __aeabi_fmul                             0x080004f1   Thumb Code   100  fmul.o(.text)
    __aeabi_fdiv                             0x08000555   Thumb Code   124  fdiv.o(.text)
    __aeabi_dadd                             0x080005d1   Thumb Code   322  dadd.o(.text)
    __aeabi_dsub                             0x08000713   Thumb Code     6  dadd.o(.text)
    __aeabi_drsub                            0x08000719   Thumb Code     6  dadd.o(.text)
    __aeabi_dmul                             0x0800071f   Thumb Code   228  dmul.o(.text)
    __aeabi_ddiv                             0x08000803   Thumb Code   222  ddiv.o(.text)
    __aeabi_i2f                              0x080008e1   Thumb Code    18  fflti.o(.text)
    __aeabi_ui2f                             0x080008f3   Thumb Code    10  ffltui.o(.text)
    __aeabi_l2f                              0x080008fd   Thumb Code    44  ffltl.o(.text)
    __aeabi_f2iz                             0x08000929   Thumb Code    50  ffixi.o(.text)
    __aeabi_f2uiz                            0x0800095b   Thumb Code    40  ffixui.o(.text)
    __aeabi_f2d                              0x08000983   Thumb Code    38  f2d.o(.text)
    __aeabi_cdcmpeq                          0x080009a9   Thumb Code     0  cdcmple.o(.text)
    __aeabi_cdcmple                          0x080009a9   Thumb Code    48  cdcmple.o(.text)
    __aeabi_cdrcmple                         0x080009d9   Thumb Code    48  cdrcmple.o(.text)
    __aeabi_d2f                              0x08000a09   Thumb Code    56  d2f.o(.text)
    __aeabi_cfcmpeq                          0x08000a41   Thumb Code     0  cfcmple.o(.text)
    __aeabi_cfcmple                          0x08000a41   Thumb Code    20  cfcmple.o(.text)
    __aeabi_cfrcmple                         0x08000a55   Thumb Code    20  cfrcmple.o(.text)
    __aeabi_uidiv                            0x08000a69   Thumb Code     0  uidiv.o(.text)
    __aeabi_uidivmod                         0x08000a69   Thumb Code    44  uidiv.o(.text)
    __aeabi_uldivmod                         0x08000a95   Thumb Code    98  uldiv.o(.text)
    __aeabi_llsl                             0x08000af7   Thumb Code    30  llshl.o(.text)
    _ll_shift_l                              0x08000af7   Thumb Code     0  llshl.o(.text)
    __aeabi_lasr                             0x08000b15   Thumb Code    36  llsshr.o(.text)
    _ll_sshift_r                             0x08000b15   Thumb Code     0  llsshr.o(.text)
    __vfscanf_char                           0x08000b45   Thumb Code    20  scanf_char.o(.text)
    _sgetc                                   0x08000b61   Thumb Code    30  _sgetc.o(.text)
    _sbackspace                              0x08000b7f   Thumb Code    34  _sgetc.o(.text)
    __strtod_int                             0x08000bd7   Thumb Code    88  strtod.o(.text)
    __I$use$fp                               0x08000c3d   Thumb Code     0  iusefp.o(.text)
    _float_round                             0x08000c3d   Thumb Code    18  fepilogue.o(.text)
    _float_epilogue                          0x08000c4f   Thumb Code    92  fepilogue.o(.text)
    _double_round                            0x08000cab   Thumb Code    30  depilogue.o(.text)
    _double_epilogue                         0x08000cc9   Thumb Code   156  depilogue.o(.text)
    __aeabi_d2ulz                            0x08000d65   Thumb Code    48  dfixul.o(.text)
    __scatterload                            0x08000d95   Thumb Code    28  init.o(.text)
    __scatterload_rt2                        0x08000d95   Thumb Code     0  init.o(.text)
    isspace                                  0x08000db9   Thumb Code    10  isspace_c.o(.text)
    __vfscanf                                0x08000dc5   Thumb Code   808  _scanf.o(.text)
    _scanf_real                              0x080011f1   Thumb Code     0  scanf_fp.o(.text)
    _scanf_really_real                       0x080011f1   Thumb Code   556  scanf_fp.o(.text)
    __ctype_lookup                           0x08001429   Thumb Code    34  ctype_c.o(.text)
    __aeabi_ul2d                             0x08001451   Thumb Code    24  dfltul.o(.text)
    __decompress                             0x08001469   Thumb Code     0  __dczerorl2.o(.text)
    __decompress1                            0x08001469   Thumb Code    86  __dczerorl2.o(.text)
    main                                     0x080014bf   Thumb Code    10  components.o(i.$Sub$$main)
    AUTO_MODE                                0x080014c9   Thumb Code   138  threadpool.o(i.AUTO_MODE)
    Algo_PID_Calculate                       0x08001589   Thumb Code   156  algo_pid.o(i.Algo_PID_Calculate)
    Algo_PID_Init                            0x08001625   Thumb Code    42  algo_pid.o(i.Algo_PID_Init)
    Algo_PID_Update                          0x0800166d   Thumb Code    14  algo_pid.o(i.Algo_PID_Update)
    Balance_data_handle                      0x0800167d   Thumb Code   308  task_motioncontrol.o(i.Balance_data_handle)
    BusFault_Handler                         0x080017c9   Thumb Code     4  drv_hal.o(i.BusFault_Handler)
    DataFromIPC                              0x080017f9   Thumb Code    58  threadpool.o(i.DataFromIPC)
    DebugMon_Handler                         0x0800183d   Thumb Code     2  drv_hal.o(i.DebugMon_Handler)
    Drv_Delay_Ms                             0x0800183f   Thumb Code    12  drv_hal_delay.o(i.Drv_Delay_Ms)
    Drv_Delay_Us                             0x0800184b   Thumb Code    80  drv_hal_delay.o(i.Drv_Delay_Us)
    Drv_GPIO_Init                            0x0800189d   Thumb Code   104  drv_hal_gpio.o(i.Drv_GPIO_Init)
    Drv_GPIO_Reset                           0x08001911   Thumb Code    18  drv_hal_gpio.o(i.Drv_GPIO_Reset)
    Drv_GPIO_Set                             0x08001923   Thumb Code    18  drv_hal_gpio.o(i.Drv_GPIO_Set)
    Drv_HAL_Error                            0x08001935   Thumb Code    24  drv_hal.o(i.Drv_HAL_Error)
    Drv_HAL_Init                             0x08001991   Thumb Code    16  drv_hal.o(i.Drv_HAL_Init)
    Drv_IICSoft_Init                         0x080019a1   Thumb Code    14  drv_hal_iic_soft.o(i.Drv_IICSoft_Init)
    Drv_IICSoft_ReadByte                     0x080019af   Thumb Code    90  drv_hal_iic_soft.o(i.Drv_IICSoft_ReadByte)
    Drv_IICSoft_SendByte                     0x08001a09   Thumb Code    86  drv_hal_iic_soft.o(i.Drv_IICSoft_SendByte)
    Drv_IICSoft_Start                        0x08001a5f   Thumb Code    48  drv_hal_iic_soft.o(i.Drv_IICSoft_Start)
    Drv_IICSoft_Stop                         0x08001a8f   Thumb Code    48  drv_hal_iic_soft.o(i.Drv_IICSoft_Stop)
    Drv_IICSoft_WaitAck                      0x08001abf   Thumb Code    76  drv_hal_iic_soft.o(i.Drv_IICSoft_WaitAck)
    Drv_PWM_HighLvTimeSet                    0x08001b0d   Thumb Code    70  drv_hal_pwm.o(i.Drv_PWM_HighLvTimeSet)
    Drv_PWM_Init                             0x08001b71   Thumb Code    56  drv_hal_pwm.o(i.Drv_PWM_Init)
    Drv_Uart_DMAInit                         0x08001ba9   Thumb Code   150  drv_hal_uart.o(i.Drv_Uart_DMAInit)
    Drv_Uart_DMA_RxHandler                   0x08001c3f   Thumb Code    82  drv_hal_uart.o(i.Drv_Uart_DMA_RxHandler)
    Drv_Uart_Receive_DMA                     0x08001c91   Thumb Code    52  drv_hal_uart.o(i.Drv_Uart_Receive_DMA)
    Drv_Uart_Transmit                        0x08001cc5   Thumb Code    22  drv_hal_uart.o(i.Drv_Uart_Transmit)
    EXTI15_10_IRQHandler                     0x08001cdb   Thumb Code     2  task_irq.o(i.EXTI15_10_IRQHandler)
    EXTI9_5_IRQHandler                       0x08001cdd   Thumb Code     2  task_irq.o(i.EXTI9_5_IRQHandler)
    Expect_angle_Init                        0x08001ce1   Thumb Code    28  task_motioncontrol.o(i.Expect_angle_Init)
    HAL_DMA_Abort                            0x08001d05   Thumb Code    86  stm32f1xx_hal_dma.o(i.HAL_DMA_Abort)
    HAL_DMA_Init                             0x08001d5d   Thumb Code   132  stm32f1xx_hal_dma.o(i.HAL_DMA_Init)
    HAL_DMA_Start_IT                         0x08001de9   Thumb Code   156  stm32f1xx_hal_dma.o(i.HAL_DMA_Start_IT)
    HAL_GPIO_Init                            0x08001e85   Thumb Code   792  stm32f1xx_hal_gpio.o(i.HAL_GPIO_Init)
    HAL_GPIO_ReadPin                         0x080021c5   Thumb Code    16  stm32f1xx_hal_gpio.o(i.HAL_GPIO_ReadPin)
    HAL_GPIO_WritePin                        0x080021d5   Thumb Code    12  stm32f1xx_hal_gpio.o(i.HAL_GPIO_WritePin)
    HAL_GetTick                              0x080021e1   Thumb Code     6  stm32f1xx_hal.o(i.HAL_GetTick)
    HAL_Init                                 0x080021ed   Thumb Code    34  stm32f1xx_hal.o(i.HAL_Init)
    HAL_InitTick                             0x08002215   Thumb Code    64  stm32f1xx_hal.o(i.HAL_InitTick)
    HAL_MspInit                              0x08002261   Thumb Code   158  drv_hal.o(i.HAL_MspInit)
    HAL_NVIC_EnableIRQ                       0x08002309   Thumb Code    32  stm32f1xx_hal_cortex.o(i.HAL_NVIC_EnableIRQ)
    HAL_NVIC_SetPriority                     0x08002329   Thumb Code   124  stm32f1xx_hal_cortex.o(i.HAL_NVIC_SetPriority)
    HAL_NVIC_SetPriorityGrouping             0x080023a5   Thumb Code    32  stm32f1xx_hal_cortex.o(i.HAL_NVIC_SetPriorityGrouping)
    HAL_RCC_ClockConfig                      0x080023cd   Thumb Code   376  stm32f1xx_hal_rcc.o(i.HAL_RCC_ClockConfig)
    HAL_RCC_GetHCLKFreq                      0x08002559   Thumb Code     6  stm32f1xx_hal_rcc.o(i.HAL_RCC_GetHCLKFreq)
    HAL_RCC_GetPCLK1Freq                     0x08002565   Thumb Code    22  stm32f1xx_hal_rcc.o(i.HAL_RCC_GetPCLK1Freq)
    HAL_RCC_GetPCLK2Freq                     0x08002585   Thumb Code    22  stm32f1xx_hal_rcc.o(i.HAL_RCC_GetPCLK2Freq)
    HAL_RCC_GetSysClockFreq                  0x080025a5   Thumb Code   116  stm32f1xx_hal_rcc.o(i.HAL_RCC_GetSysClockFreq)
    HAL_RCC_OscConfig                        0x08002639   Thumb Code  1114  stm32f1xx_hal_rcc.o(i.HAL_RCC_OscConfig)
    HAL_SYSTICK_CLKSourceConfig              0x08002a9d   Thumb Code    40  stm32f1xx_hal_cortex.o(i.HAL_SYSTICK_CLKSourceConfig)
    HAL_SYSTICK_Config                       0x08002ac5   Thumb Code    52  stm32f1xx_hal_cortex.o(i.HAL_SYSTICK_Config)
    HAL_TIM_PWM_ConfigChannel                0x08002af9   Thumb Code   252  stm32f1xx_hal_tim.o(i.HAL_TIM_PWM_ConfigChannel)
    HAL_TIM_PWM_Init                         0x08002bf5   Thumb Code   102  stm32f1xx_hal_tim.o(i.HAL_TIM_PWM_Init)
    HAL_TIM_PWM_MspInit                      0x08002c5b   Thumb Code     2  stm32f1xx_hal_tim.o(i.HAL_TIM_PWM_MspInit)
    HAL_TIM_PWM_Start                        0x08002c5d   Thumb Code   222  stm32f1xx_hal_tim.o(i.HAL_TIM_PWM_Start)
    HAL_UART_DMAStop                         0x08002d51   Thumb Code   102  stm32f1xx_hal_uart.o(i.HAL_UART_DMAStop)
    HAL_UART_ErrorCallback                   0x08002db7   Thumb Code     2  stm32f1xx_hal_uart.o(i.HAL_UART_ErrorCallback)
    HAL_UART_Init                            0x08002db9   Thumb Code   114  stm32f1xx_hal_uart.o(i.HAL_UART_Init)
    HAL_UART_MspInit                         0x08002e2b   Thumb Code     2  stm32f1xx_hal_uart.o(i.HAL_UART_MspInit)
    HAL_UART_Receive_DMA                     0x08002e2d   Thumb Code   182  stm32f1xx_hal_uart.o(i.HAL_UART_Receive_DMA)
    HAL_UART_RxCpltCallback                  0x08002ef1   Thumb Code     2  stm32f1xx_hal_uart.o(i.HAL_UART_RxCpltCallback)
    HAL_UART_RxHalfCpltCallback              0x08002ef3   Thumb Code     2  stm32f1xx_hal_uart.o(i.HAL_UART_RxHalfCpltCallback)
    HAL_UART_Transmit                        0x08002ef5   Thumb Code   210  stm32f1xx_hal_uart.o(i.HAL_UART_Transmit)
    HANDLE_MODE                              0x08002fc9   Thumb Code   130  threadpool.o(i.HANDLE_MODE)
    HandleMode_data_handle                   0x0800307d   Thumb Code   302  task_motioncontrol.o(i.HandleMode_data_handle)
    HandleMode_data_storage                  0x080031c1   Thumb Code   764  task_handlemode.o(i.HandleMode_data_storage)
    JY901SReadThread                         0x080034f5   Thumb Code    58  threadpool.o(i.JY901SReadThread)
    MS5837ReadThread                         0x0800353d   Thumb Code    84  threadpool.o(i.MS5837ReadThread)
    MemManage_Handler                        0x080035b1   Thumb Code     4  drv_hal.o(i.MemManage_Handler)
    MotionControl                            0x080035b5   Thumb Code    14  threadpool.o(i.MotionControl)
    NMI_Handler                              0x080035c3   Thumb Code     4  drv_hal.o(i.NMI_Handler)
    OCD_JY901_AxisConfig                     0x080035c9   Thumb Code    32  ocd_jy901.o(i.OCD_JY901_AxisConfig)
    OCD_JY901_DMAInit                        0x080035f1   Thumb Code    56  ocd_jy901.o(i.OCD_JY901_DMAInit)
    OCD_JY901_DataConversion                 0x08003629   Thumb Code   498  ocd_jy901.o(i.OCD_JY901_DataConversion)
    OCD_JY901_DataProcess                    0x08003825   Thumb Code   260  ocd_jy901.o(i.OCD_JY901_DataProcess)
    OCD_JY901_GyroAutoCorrect                0x08003929   Thumb Code    28  ocd_jy901.o(i.OCD_JY901_GyroAutoCorrect)
    OCD_JY901_OrientConfig                   0x0800394d   Thumb Code    32  ocd_jy901.o(i.OCD_JY901_OrientConfig)
    OCD_JY901_Printf                         0x08003975   Thumb Code   490  ocd_jy901.o(i.OCD_JY901_Printf)
    OCD_JY901_RxBaudConfig                   0x08003c09   Thumb Code    30  ocd_jy901.o(i.OCD_JY901_RxBaudConfig)
    OCD_JY901_RxSpeedConfig                  0x08003c31   Thumb Code    32  ocd_jy901.o(i.OCD_JY901_RxSpeedConfig)
    OCD_JY901_RxTypeConfig                   0x08003c59   Thumb Code    44  ocd_jy901.o(i.OCD_JY901_RxTypeConfig)
    OCD_MS5837_GetData                       0x08003c8d   Thumb Code   942  ocd_ms5837.o(i.OCD_MS5837_GetData)
    OCD_MS5837_Init                          0x08004085   Thumb Code    52  ocd_ms5837.o(i.OCD_MS5837_Init)
    PWNOutput_limit                          0x080040b9   Thumb Code   290  task_motioncontrol.o(i.PWNOutput_limit)
    PlusControl                              0x080041e1   Thumb Code   858  threadpool.o(i.PlusControl)
    ReportPWMout                             0x0800458d   Thumb Code    12  threadpool.o(i.ReportPWMout)
    SVC_Handler                              0x08004599   Thumb Code     2  drv_hal.o(i.SVC_Handler)
    Servo_Angle_To_HightTime                 0x08005931   Thumb Code    40  task_thruster.o(i.Servo_Angle_To_HightTime)
    SysTick_Handler                          0x08005959   Thumb Code    16  board.o(i.SysTick_Handler)
    SystemCoreClockUpdate                    0x08005969   Thumb Code   142  system_stm32f1xx.o(i.SystemCoreClockUpdate)
    SystemInit                               0x08005a0d   Thumb Code     2  system_stm32f1xx.o(i.SystemInit)
    TIM2_IRQHandler                          0x08005a0f   Thumb Code     2  task_irq.o(i.TIM2_IRQHandler)
    TIM3_IRQHandler                          0x08005a11   Thumb Code     2  task_irq.o(i.TIM3_IRQHandler)
    TIM4_IRQHandler                          0x08005a13   Thumb Code     2  task_irq.o(i.TIM4_IRQHandler)
    TIM5_IRQHandler                          0x08005a15   Thumb Code     2  task_irq.o(i.TIM5_IRQHandler)
    TIM6_IRQHandler                          0x08005a17   Thumb Code     2  task_irq.o(i.TIM6_IRQHandler)
    TIM7_IRQHandler                          0x08005a19   Thumb Code     2  task_irq.o(i.TIM7_IRQHandler)
    TIM_Base_SetConfig                       0x08005a1d   Thumb Code   134  stm32f1xx_hal_tim.o(i.TIM_Base_SetConfig)
    TIM_CCxChannelCmd                        0x08005ab9   Thumb Code    34  stm32f1xx_hal_tim.o(i.TIM_CCxChannelCmd)
    TIM_OC2_SetConfig                        0x08005b4d   Thumb Code   114  stm32f1xx_hal_tim.o(i.TIM_OC2_SetConfig)
    Task_AnalysisData                        0x08005c95   Thumb Code   896  task_analysisdata.o(i.Task_AnalysisData)
    Task_AutoMode_Process                    0x08006159   Thumb Code  1294  task_automode.o(i.Task_AutoMode_Process)
    Task_HandleMode_Process                  0x0800666d   Thumb Code    38  task_handlemode.o(i.Task_HandleMode_Process)
    Task_Motion_Process                      0x08006695   Thumb Code    28  task_motioncontrol.o(i.Task_Motion_Process)
    Task_Servo_AllStart                      0x080066b9   Thumb Code    38  task_thruster.o(i.Task_Servo_AllStart)
    Task_Thruster_AllStart                   0x080066df   Thumb Code    70  task_thruster.o(i.Task_Thruster_AllStart)
    Task_Thruster_AllStop                    0x08006725   Thumb Code    52  task_thruster.o(i.Task_Thruster_AllStop)
    Task_Thruster_Init                       0x08006759   Thumb Code   108  task_thruster.o(i.Task_Thruster_Init)
    Task_Thruster_SpeedSet                   0x080067d5   Thumb Code    24  task_thruster.o(i.Task_Thruster_SpeedSet)
    Task_Thruster_Start                      0x080067f1   Thumb Code    16  task_thruster.o(i.Task_Thruster_Start)
    Task_Thruster_Stop                       0x08006801   Thumb Code    34  task_thruster.o(i.Task_Thruster_Stop)
    Task_UserInit                            0x0800682d   Thumb Code    84  task_userinit.o(i.Task_UserInit)
    TestThread                               0x080068b9   Thumb Code    34  threadpool.o(i.TestThread)
    UART4_IRQHandler                         0x080068e1   Thumb Code     2  task_irq.o(i.UART4_IRQHandler)
    UART5_IRQHandler                         0x080068e3   Thumb Code     2  task_irq.o(i.UART5_IRQHandler)
    USART1_IRQHandler                        0x08006b25   Thumb Code    26  task_irq.o(i.USART1_IRQHandler)
    USART2_IRQHandler                        0x08006b49   Thumb Code    26  task_irq.o(i.USART2_IRQHandler)
    USART3_IRQHandler                        0x08006b6d   Thumb Code    26  task_irq.o(i.USART3_IRQHandler)
    UsageFault_Handler                       0x08006b91   Thumb Code     4  drv_hal.o(i.UsageFault_Handler)
    UserLogic_Code                           0x08006b95   Thumb Code   402  usercode.o(i.UserLogic_Code)
    __0printf                                0x08006e65   Thumb Code    22  printfa.o(i.__0printf)
    __1printf                                0x08006e65   Thumb Code     0  printfa.o(i.__0printf)
    __2printf                                0x08006e65   Thumb Code     0  printfa.o(i.__0printf)
    __c89printf                              0x08006e65   Thumb Code     0  printfa.o(i.__0printf)
    printf                                   0x08006e65   Thumb Code     0  printfa.o(i.__0printf)
    __rt_ffs                                 0x08006ebd   Thumb Code    70  kservice.o(i.__rt_ffs)
    __scatterload_copy                       0x08006f09   Thumb Code    14  handlers.o(i.__scatterload_copy)
    __scatterload_null                       0x08006f17   Thumb Code     2  handlers.o(i.__scatterload_null)
    __scatterload_zeroinit                   0x08006f19   Thumb Code    14  handlers.o(i.__scatterload_zeroinit)
    _is_digit                                0x0800708d   Thumb Code    14  scanf_fp.o(i._is_digit)
    circle_conduct                           0x080078e5   Thumb Code   126  threadpool.o(i.circle_conduct)
    fputc                                    0x0800797d   Thumb Code    48  drv_hal.o(i.fputc)
    $Super$$main                             0x080079b1   Thumb Code    20  main.o(i.main)
    main_thread_entry                        0x080079d5   Thumb Code    14  components.o(i.main_thread_entry)
    malloc                                   0x080079e5   Thumb Code    92  malloc.o(i.malloc)
    rt_application_init                      0x08007c61   Thumb Code    34  components.o(i.rt_application_init)
    rt_components_board_init                 0x08007c91   Thumb Code    20  components.o(i.rt_components_board_init)
    rt_components_init                       0x08007cad   Thumb Code    20  components.o(i.rt_components_init)
    rt_enter_critical                        0x08007cc9   Thumb Code    28  scheduler.o(i.rt_enter_critical)
    rt_exit_critical                         0x08007ce9   Thumb Code    60  scheduler.o(i.rt_exit_critical)
    rt_free                                  0x08007d2d   Thumb Code   146  mem.o(i.rt_free)
    rt_heap_begin_get                        0x08007e25   Thumb Code     4  board.o(i.rt_heap_begin_get)
    rt_heap_end_get                          0x08007e2d   Thumb Code     4  board.o(i.rt_heap_end_get)
    rt_hw_board_init                         0x08007e35   Thumb Code    52  board.o(i.rt_hw_board_init)
    rt_hw_console_output                     0x08007e69   Thumb Code    74  board.o(i.rt_hw_console_output)
    rt_hw_hard_fault_exception               0x08007eb9   Thumb Code   190  cpuport.o(i.rt_hw_hard_fault_exception)
    rt_hw_stack_init                         0x080080b9   Thumb Code    70  cpuport.o(i.rt_hw_stack_init)
    rt_interrupt_enter                       0x08008105   Thumb Code    42  irq.o(i.rt_interrupt_enter)
    rt_interrupt_leave                       0x08008139   Thumb Code    42  irq.o(i.rt_interrupt_leave)
    rt_kprintf                               0x08008201   Thumb Code    44  kservice.o(i.rt_kprintf)
    rt_malloc                                0x080082d1   Thumb Code   360  mem.o(i.rt_malloc)
    rt_memcpy                                0x08008459   Thumb Code   124  kservice.o(i.rt_memcpy)
    rt_memset                                0x080084d5   Thumb Code    72  kservice.o(i.rt_memset)
    rt_mq_create                             0x0800851d   Thumb Code   136  ipc.o(i.rt_mq_create)
    rt_mq_recv                               0x080085a5   Thumb Code   344  ipc.o(i.rt_mq_recv)
    rt_mq_send                               0x08008705   Thumb Code    22  ipc.o(i.rt_mq_send)
    rt_mq_send_wait                          0x0800871d   Thumb Code   320  ipc.o(i.rt_mq_send_wait)
    rt_object_allocate                       0x08008861   Thumb Code   102  object.o(i.rt_object_allocate)
    rt_object_delete                         0x080088cd   Thumb Code    54  object.o(i.rt_object_delete)
    rt_object_detach                         0x08008909   Thumb Code    48  object.o(i.rt_object_detach)
    rt_object_get_information                0x0800893d   Thumb Code    36  object.o(i.rt_object_get_information)
    rt_object_init                           0x08008965   Thumb Code   104  object.o(i.rt_object_init)
    rt_object_is_systemobject                0x080089d1   Thumb Code    18  object.o(i.rt_object_is_systemobject)
    rt_schedule                              0x080089e5   Thumb Code   126  scheduler.o(i.rt_schedule)
    rt_schedule_insert_thread                0x08008a81   Thumb Code    72  scheduler.o(i.rt_schedule_insert_thread)
    rt_schedule_remove_thread                0x08008ad1   Thumb Code    76  scheduler.o(i.rt_schedule_remove_thread)
    rt_sem_create                            0x08008b25   Thumb Code    42  ipc.o(i.rt_sem_create)
    rt_sem_init                              0x08008b4f   Thumb Code    38  ipc.o(i.rt_sem_init)
    rt_sem_release                           0x08008b75   Thumb Code   100  ipc.o(i.rt_sem_release)
    rt_sem_take                              0x08008bdd   Thumb Code   152  ipc.o(i.rt_sem_take)
    rt_soft_timer_check                      0x08008c7d   Thumb Code   214  timer.o(i.rt_soft_timer_check)
    rt_strcmp                                0x08008d65   Thumb Code    28  kservice.o(i.rt_strcmp)
    rt_strlen                                0x08008d81   Thumb Code    18  kservice.o(i.rt_strlen)
    rt_strncpy                               0x08008d93   Thumb Code    52  kservice.o(i.rt_strncpy)
    rt_system_heap_init                      0x08008dc9   Thumb Code   160  mem.o(i.rt_system_heap_init)
    rt_system_scheduler_init                 0x08008ec1   Thumb Code    52  scheduler.o(i.rt_system_scheduler_init)
    rt_system_scheduler_start                0x08008f0d   Thumb Code    36  scheduler.o(i.rt_system_scheduler_start)
    rt_system_timer_init                     0x08008f3d   Thumb Code    24  timer.o(i.rt_system_timer_init)
    rt_system_timer_thread_init              0x08008f59   Thumb Code    58  timer.o(i.rt_system_timer_thread_init)
    rt_thread_create                         0x08008fad   Thumb Code    80  thread.o(i.rt_thread_create)
    rt_thread_delay                          0x08008ffd   Thumb Code    12  thread.o(i.rt_thread_delay)
    rt_thread_exit                           0x08009009   Thumb Code    78  thread.o(i.rt_thread_exit)
    rt_thread_idle_excute                    0x08009089   Thumb Code    92  idle.o(i.rt_thread_idle_excute)
    rt_thread_idle_init                      0x080090e9   Thumb Code    38  idle.o(i.rt_thread_idle_init)
    rt_thread_init                           0x08009125   Thumb Code    52  thread.o(i.rt_thread_init)
    rt_thread_mdelay                         0x08009159   Thumb Code    20  thread.o(i.rt_thread_mdelay)
    rt_thread_resume                         0x0800916d   Thumb Code    78  thread.o(i.rt_thread_resume)
    rt_thread_self                           0x080091c1   Thumb Code     6  thread.o(i.rt_thread_self)
    rt_thread_sleep                          0x080091cd   Thumb Code    62  thread.o(i.rt_thread_sleep)
    rt_thread_startup                        0x08009211   Thumb Code    44  thread.o(i.rt_thread_startup)
    rt_thread_suspend                        0x0800923d   Thumb Code    86  thread.o(i.rt_thread_suspend)
    rt_thread_timeout                        0x08009299   Thumb Code    32  thread.o(i.rt_thread_timeout)
    rt_thread_yield                          0x080092fd   Thumb Code    92  thread.o(i.rt_thread_yield)
    rt_tick_from_millisecond                 0x08009361   Thumb Code    56  clock.o(i.rt_tick_from_millisecond)
    rt_tick_get                              0x08009399   Thumb Code     6  clock.o(i.rt_tick_get)
    rt_tick_increase                         0x080093a5   Thumb Code    42  clock.o(i.rt_tick_increase)
    rt_timer_check                           0x080093d5   Thumb Code   196  timer.o(i.rt_timer_check)
    rt_timer_control                         0x080094a5   Thumb Code    98  timer.o(i.rt_timer_control)
    rt_timer_detach                          0x08009507   Thumb Code    40  timer.o(i.rt_timer_detach)
    rt_timer_init                            0x0800952f   Thumb Code    46  timer.o(i.rt_timer_init)
    rt_timer_start                           0x08009589   Thumb Code   296  timer.o(i.rt_timer_start)
    rt_timer_stop                            0x080096c9   Thumb Code    66  timer.o(i.rt_timer_stop)
    rt_vsnprintf                             0x08009711   Thumb Code   824  kservice.o(i.rt_vsnprintf)
    rtthread_startup                         0x08009a61   Thumb Code    38  components.o(i.rtthread_startup)
    strtod                                   0x08009aad   Thumb Code    28  strtod.o(i.strtod)
    strtof                                   0x08009ac9   Thumb Code    34  strtof.o(i.strtof)
    ucpUnlockCmd                             0x08009bd0   Data           5  ocd_jy901.o(.constdata)
    ucpSleepCmd                              0x08009bd5   Data           5  ocd_jy901.o(.constdata)
    ucpOutputOnceCmd                         0x08009bda   Data           5  ocd_jy901.o(.constdata)
    __lowest_bit_bitmap                      0x08009bdf   Data         256  kservice.o(.constdata)
    AHBPrescTable                            0x08009d01   Data          16  system_stm32f1xx.o(.constdata)
    APBPrescTable                            0x08009d11   Data           8  system_stm32f1xx.o(.constdata)
    __ctype_categories                       0x08009d19   Data          64  ctype_c.o(.constdata)
    __rt_init_rti_start                      0x08009d5c   Data           4  components.o(.rti_fn.0)
    __rt_init_rti_board_start                0x08009d60   Data           4  components.o(.rti_fn.0.end)
    __rt_init_uart_init                      0x08009d64   Data           4  board.o(.rti_fn.1)
    __rt_init_rti_board_end                  0x08009d68   Data           4  components.o(.rti_fn.1.end)
    __rt_init_rti_end                        0x08009d6c   Data           4  components.o(.rti_fn.6.end)
    Region$$Table$$Base                      0x08009d70   Number         0  anon$$obj.o(Region$$Table)
    Region$$Table$$Limit                     0x08009d90   Number         0  anon$$obj.o(Region$$Table)
    num                                      0x20000000   Data           1  usercode.o(.data)
    thread1                                  0x20000004   Data           4  usercode.o(.data)
    thread2                                  0x20000008   Data           4  usercode.o(.data)
    thread3                                  0x2000000c   Data           4  usercode.o(.data)
    thread4                                  0x20000010   Data           4  usercode.o(.data)
    thread5                                  0x20000014   Data           4  usercode.o(.data)
    thread6                                  0x20000018   Data           4  usercode.o(.data)
    thread7                                  0x2000001c   Data           4  usercode.o(.data)
    thread8                                  0x20000020   Data           4  usercode.o(.data)
    thread9                                  0x20000024   Data           4  usercode.o(.data)
    thread10                                 0x20000028   Data           4  usercode.o(.data)
    DataFromIPC_Sem                          0x2000002c   Data           4  usercode.o(.data)
    JY901S_Sem                               0x20000030   Data           4  usercode.o(.data)
    AutoModemq                               0x20000034   Data           4  usercode.o(.data)
    HandleModemq                             0x20000038   Data           4  usercode.o(.data)
    DepthControlmq                           0x2000003c   Data           4  usercode.o(.data)
    x_y_z_pitch                              0x20000040   Data           1  config.o(.data)
    left_rocker                              0x20000041   Data           1  config.o(.data)
    right_rocker                             0x20000042   Data           1  config.o(.data)
    Mode_control                             0x20000043   Data           1  config.o(.data)
    State_control                            0x20000044   Data           1  config.o(.data)
    Light_control                            0x20000045   Data           1  config.o(.data)
    speed_kH                                 0x20000046   Data           1  config.o(.data)
    speed_kV                                 0x20000047   Data           1  config.o(.data)
    concon_YAW                               0x20000048   Data           4  config.o(.data)
    ConnetFlag                               0x2000004c   Data           1  config.o(.data)
    BalanceFlag                              0x2000004d   Data           1  config.o(.data)
    Plus                                     0x2000004e   Data           1  config.o(.data)
    demoGPIO                                 0x20000050   Data          72  config.o(.data)
    DepthPID                                 0x20000098   Data          72  config.o(.data)
    YawPID                                   0x200000e0   Data          72  config.o(.data)
    AngleLoopPID                             0x20000128   Data          72  config.o(.data)
    PositionLoopPID                          0x20000170   Data          72  config.o(.data)
    RollPID                                  0x200001b8   Data          72  config.o(.data)
    PitchPID                                 0x20000200   Data          72  config.o(.data)
    Uart1                                    0x20000248   Data         296  config.o(.data)
    Uart3                                    0x20000370   Data         296  config.o(.data)
    JY901S                                   0x20000498   Data         416  config.o(.data)
    MS5837                                   0x20000638   Data         104  config.o(.data)
    PWM                                      0x200006a0   Data        1632  config.o(.data)
    PWMInfo                                  0x20000d00   Data          24  threadpool.o(.data)
    dT                                       0x20000d20   Data           4  ocd_ms5837.o(.data)
    TEMP                                     0x20000d24   Data           4  ocd_ms5837.o(.data)
    OFF                                      0x20000d28   Data           8  ocd_ms5837.o(.data)
    SENS                                     0x20000d30   Data           8  ocd_ms5837.o(.data)
    D1_Press                                 0x20000d38   Data           4  ocd_ms5837.o(.data)
    D2_Temp                                  0x20000d3c   Data           4  ocd_ms5837.o(.data)
    OFFi                                     0x20000d40   Data           4  ocd_ms5837.o(.data)
    SENSi                                    0x20000d44   Data           4  ocd_ms5837.o(.data)
    Ti                                       0x20000d48   Data           4  ocd_ms5837.o(.data)
    OFF2                                     0x20000d50   Data           8  ocd_ms5837.o(.data)
    SENS2                                    0x20000d58   Data           8  ocd_ms5837.o(.data)
    __stdout                                 0x20000d60   Data           4  drv_hal.o(.data)
    rt_interrupt_nest                        0x20000d70   Data           1  irq.o(.data)
    rt_object_trytake_hook                   0x20000e2c   Data           4  object.o(.data)
    rt_object_take_hook                      0x20000e30   Data           4  object.o(.data)
    rt_object_put_hook                       0x20000e34   Data           4  object.o(.data)
    rt_thread_ready_priority_group           0x20000e38   Data           4  scheduler.o(.data)
    rt_current_thread                        0x20000e40   Data           4  scheduler.o(.data)
    rt_current_priority                      0x20000e44   Data           1  scheduler.o(.data)
    rt_thread_defunct                        0x20000e48   Data           8  scheduler.o(.data)
    rt_interrupt_from_thread                 0x20000e80   Data           4  cpuport.o(.data)
    rt_interrupt_to_thread                   0x20000e84   Data           4  cpuport.o(.data)
    rt_thread_switch_interrupt_flag          0x20000e88   Data           4  cpuport.o(.data)
    uwTick                                   0x20000e90   Data           4  stm32f1xx_hal.o(.data)
    uwTickPrio                               0x20000e94   Data           4  stm32f1xx_hal.o(.data)
    uwTickFreq                               0x20000e98   Data           1  stm32f1xx_hal.o(.data)
    SystemCoreClock                          0x20000e9c   Data           4  system_stm32f1xx.o(.data)
    __microlib_freelist                      0x20000ea0   Data           4  mvars.o(.data)
    __microlib_freelist_initialised          0x20000ea4   Data           4  mvars.o(.data)
    Exp_AngleInfo                            0x20000ea8   Data          12  config.o(.bss)
    rt_thread_priority_table                 0x20004d70   Data         256  scheduler.o(.bss)
    __heap_base                              0x200050f0   Data           0  startup_stm32f103xe.o(HEAP)
    __heap_limit                             0x200052f0   Data           0  startup_stm32f103xe.o(HEAP)
    __initial_sp                             0x200056f0   Data           0  startup_stm32f103xe.o(STACK)



==============================================================================

Memory Map of the image

  Image Entry point : 0x08000131

  Load Region LR_IROM1 (Base: 0x08000000, Size: 0x0000ac38, Max: 0x00040000, ABSOLUTE, COMPRESSED[0x00009edc])

    Execution Region ER_IROM1 (Exec base: 0x08000000, Load base: 0x08000000, Size: 0x00009d90, Max: 0x00040000, ABSOLUTE)

    Exec Addr    Load Addr    Size         Type   Attr      Idx    E Section Name        Object

    0x08000000   0x08000000   0x00000130   Data   RO         8960    RESET               startup_stm32f103xe.o
    0x08000130   0x08000130   0x00000000   Code   RO         8973  * .ARM.Collect$$$$00000000  mc_w.l(entry.o)
    0x08000130   0x08000130   0x00000004   Code   RO         9323    .ARM.Collect$$$$00000001  mc_w.l(entry2.o)
    0x08000134   0x08000134   0x00000004   Code   RO         9326    .ARM.Collect$$$$00000004  mc_w.l(entry5.o)
    0x08000138   0x08000138   0x00000000   Code   RO         9328    .ARM.Collect$$$$00000008  mc_w.l(entry7b.o)
    0x08000138   0x08000138   0x00000000   Code   RO         9330    .ARM.Collect$$$$0000000A  mc_w.l(entry8b.o)
    0x08000138   0x08000138   0x00000008   Code   RO         9331    .ARM.Collect$$$$0000000B  mc_w.l(entry9a.o)
    0x08000140   0x08000140   0x00000000   Code   RO         9333    .ARM.Collect$$$$0000000D  mc_w.l(entry10a.o)
    0x08000140   0x08000140   0x00000000   Code   RO         9335    .ARM.Collect$$$$0000000F  mc_w.l(entry11a.o)
    0x08000140   0x08000140   0x00000004   Code   RO         9324    .ARM.Collect$$$$00002712  mc_w.l(entry2.o)
    0x08000144   0x08000144   0x000000f4   Code   RO         4946    .text               context_rvds.o
    0x08000238   0x08000238   0x00000024   Code   RO         8961    .text               startup_stm32f103xe.o
    0x0800025c   0x0800025c   0x00000062   Code   RO         8976    .text               mc_w.l(ldiv.o)
    0x080002be   0x080002be   0x00000020   Code   RO         8978    .text               mc_w.l(llushr.o)
    0x080002de   0x080002de   0x00000024   Code   RO         8980    .text               mc_w.l(memcpya.o)
    0x08000302   0x08000302   0x00000024   Code   RO         8982    .text               mc_w.l(memseta.o)
    0x08000326   0x08000326   0x00000002   PAD
    0x08000328   0x08000328   0x00000038   Code   RO         9281    .text               mc_w.l(__0sscanf.o)
    0x08000360   0x08000360   0x000000e0   Code   RO         9283    .text               mc_w.l(_scanf_str.o)
    0x08000440   0x08000440   0x000000b0   Code   RO         9285    .text               mf_w.l(fadd.o)
    0x080004f0   0x080004f0   0x00000064   Code   RO         9287    .text               mf_w.l(fmul.o)
    0x08000554   0x08000554   0x0000007c   Code   RO         9289    .text               mf_w.l(fdiv.o)
    0x080005d0   0x080005d0   0x0000014e   Code   RO         9291    .text               mf_w.l(dadd.o)
    0x0800071e   0x0800071e   0x000000e4   Code   RO         9293    .text               mf_w.l(dmul.o)
    0x08000802   0x08000802   0x000000de   Code   RO         9295    .text               mf_w.l(ddiv.o)
    0x080008e0   0x080008e0   0x00000012   Code   RO         9297    .text               mf_w.l(fflti.o)
    0x080008f2   0x080008f2   0x0000000a   Code   RO         9299    .text               mf_w.l(ffltui.o)
    0x080008fc   0x080008fc   0x0000002c   Code   RO         9301    .text               mf_w.l(ffltl.o)
    0x08000928   0x08000928   0x00000032   Code   RO         9305    .text               mf_w.l(ffixi.o)
    0x0800095a   0x0800095a   0x00000028   Code   RO         9307    .text               mf_w.l(ffixui.o)
    0x08000982   0x08000982   0x00000026   Code   RO         9311    .text               mf_w.l(f2d.o)
    0x080009a8   0x080009a8   0x00000030   Code   RO         9313    .text               mf_w.l(cdcmple.o)
    0x080009d8   0x080009d8   0x00000030   Code   RO         9315    .text               mf_w.l(cdrcmple.o)
    0x08000a08   0x08000a08   0x00000038   Code   RO         9317    .text               mf_w.l(d2f.o)
    0x08000a40   0x08000a40   0x00000014   Code   RO         9319    .text               mf_w.l(cfcmple.o)
    0x08000a54   0x08000a54   0x00000014   Code   RO         9321    .text               mf_w.l(cfrcmple.o)
    0x08000a68   0x08000a68   0x0000002c   Code   RO         9337    .text               mc_w.l(uidiv.o)
    0x08000a94   0x08000a94   0x00000062   Code   RO         9339    .text               mc_w.l(uldiv.o)
    0x08000af6   0x08000af6   0x0000001e   Code   RO         9341    .text               mc_w.l(llshl.o)
    0x08000b14   0x08000b14   0x00000024   Code   RO         9343    .text               mc_w.l(llsshr.o)
    0x08000b38   0x08000b38   0x00000028   Code   RO         9347    .text               mc_w.l(scanf_char.o)
    0x08000b60   0x08000b60   0x00000040   Code   RO         9349    .text               mc_w.l(_sgetc.o)
    0x08000ba0   0x08000ba0   0x0000009c   Code   RO         9351    .text               mc_w.l(strtod.o)
    0x08000c3c   0x08000c3c   0x00000000   Code   RO         9353    .text               mc_w.l(iusefp.o)
    0x08000c3c   0x08000c3c   0x0000006e   Code   RO         9354    .text               mf_w.l(fepilogue.o)
    0x08000caa   0x08000caa   0x000000ba   Code   RO         9356    .text               mf_w.l(depilogue.o)
    0x08000d64   0x08000d64   0x00000030   Code   RO         9358    .text               mf_w.l(dfixul.o)
    0x08000d94   0x08000d94   0x00000024   Code   RO         9360    .text               mc_w.l(init.o)
    0x08000db8   0x08000db8   0x0000000a   Code   RO         9362    .text               mc_w.l(isspace_c.o)
    0x08000dc2   0x08000dc2   0x00000002   PAD
    0x08000dc4   0x08000dc4   0x0000032c   Code   RO         9364    .text               mc_w.l(_scanf.o)
    0x080010f0   0x080010f0   0x00000338   Code   RO         9366    .text               mc_w.l(scanf_fp.o)
    0x08001428   0x08001428   0x00000028   Code   RO         9370    .text               mc_w.l(ctype_c.o)
    0x08001450   0x08001450   0x00000018   Code   RO         9373    .text               mf_w.l(dfltul.o)
    0x08001468   0x08001468   0x00000056   Code   RO         9383    .text               mc_w.l(__dczerorl2.o)
    0x080014be   0x080014be   0x0000000a   Code   RO         3638    i.$Sub$$main        components.o
    0x080014c8   0x080014c8   0x000000c0   Code   RO          683    i.AUTO_MODE         threadpool.o
    0x08001588   0x08001588   0x0000009c   Code   RO         2196    i.Algo_PID_Calculate  algo_pid.o
    0x08001624   0x08001624   0x00000048   Code   RO         2198    i.Algo_PID_Init     algo_pid.o
    0x0800166c   0x0800166c   0x0000000e   Code   RO         2199    i.Algo_PID_Update   algo_pid.o
    0x0800167a   0x0800167a   0x00000002   PAD
    0x0800167c   0x0800167c   0x0000014c   Code   RO         1166    i.Balance_data_handle  task_motioncontrol.o
    0x080017c8   0x080017c8   0x00000004   Code   RO         2615    i.BusFault_Handler  drv_hal.o
    0x080017cc   0x080017cc   0x0000002c   Code   RO         5909    i.DMA_SetConfig     stm32f1xx_hal_dma.o
    0x080017f8   0x080017f8   0x00000044   Code   RO          684    i.DataFromIPC       threadpool.o
    0x0800183c   0x0800183c   0x00000002   Code   RO         2616    i.DebugMon_Handler  drv_hal.o
    0x0800183e   0x0800183e   0x0000000c   Code   RO         2860    i.Drv_Delay_Ms      drv_hal_delay.o
    0x0800184a   0x0800184a   0x00000050   Code   RO         2861    i.Drv_Delay_Us      drv_hal_delay.o
    0x0800189a   0x0800189a   0x00000002   PAD
    0x0800189c   0x0800189c   0x00000074   Code   RO         2892    i.Drv_GPIO_Init     drv_hal_gpio.o
    0x08001910   0x08001910   0x00000012   Code   RO         2896    i.Drv_GPIO_Reset    drv_hal_gpio.o
    0x08001922   0x08001922   0x00000012   Code   RO         2897    i.Drv_GPIO_Set      drv_hal_gpio.o
    0x08001934   0x08001934   0x0000005c   Code   RO         2617    i.Drv_HAL_Error     drv_hal.o
    0x08001990   0x08001990   0x00000010   Code   RO         2619    i.Drv_HAL_Init      drv_hal.o
    0x080019a0   0x080019a0   0x0000000e   Code   RO         2988    i.Drv_IICSoft_Init  drv_hal_iic_soft.o
    0x080019ae   0x080019ae   0x0000005a   Code   RO         2989    i.Drv_IICSoft_ReadByte  drv_hal_iic_soft.o
    0x08001a08   0x08001a08   0x00000056   Code   RO         2990    i.Drv_IICSoft_SendByte  drv_hal_iic_soft.o
    0x08001a5e   0x08001a5e   0x00000030   Code   RO         2991    i.Drv_IICSoft_Start  drv_hal_iic_soft.o
    0x08001a8e   0x08001a8e   0x00000030   Code   RO         2992    i.Drv_IICSoft_Stop  drv_hal_iic_soft.o
    0x08001abe   0x08001abe   0x0000004c   Code   RO         2993    i.Drv_IICSoft_WaitAck  drv_hal_iic_soft.o
    0x08001b0a   0x08001b0a   0x00000002   PAD
    0x08001b0c   0x08001b0c   0x00000064   Code   RO         3093    i.Drv_PWM_HighLvTimeSet  drv_hal_pwm.o
    0x08001b70   0x08001b70   0x00000038   Code   RO         3094    i.Drv_PWM_Init      drv_hal_pwm.o
    0x08001ba8   0x08001ba8   0x00000096   Code   RO         3355    i.Drv_Uart_DMAInit  drv_hal_uart.o
    0x08001c3e   0x08001c3e   0x00000052   Code   RO         3356    i.Drv_Uart_DMA_RxHandler  drv_hal_uart.o
    0x08001c90   0x08001c90   0x00000034   Code   RO         3362    i.Drv_Uart_Receive_DMA  drv_hal_uart.o
    0x08001cc4   0x08001cc4   0x00000016   Code   RO         3364    i.Drv_Uart_Transmit  drv_hal_uart.o
    0x08001cda   0x08001cda   0x00000002   Code   RO          805    i.EXTI15_10_IRQHandler  task_irq.o
    0x08001cdc   0x08001cdc   0x00000002   Code   RO          806    i.EXTI9_5_IRQHandler  task_irq.o
    0x08001cde   0x08001cde   0x00000002   PAD
    0x08001ce0   0x08001ce0   0x00000024   Code   RO         1167    i.Expect_angle_Init  task_motioncontrol.o
    0x08001d04   0x08001d04   0x00000056   Code   RO         5910    i.HAL_DMA_Abort     stm32f1xx_hal_dma.o
    0x08001d5a   0x08001d5a   0x00000002   PAD
    0x08001d5c   0x08001d5c   0x0000008c   Code   RO         5916    i.HAL_DMA_Init      stm32f1xx_hal_dma.o
    0x08001de8   0x08001de8   0x0000009c   Code   RO         5920    i.HAL_DMA_Start_IT  stm32f1xx_hal_dma.o
    0x08001e84   0x08001e84   0x00000340   Code   RO         6306    i.HAL_GPIO_Init     stm32f1xx_hal_gpio.o
    0x080021c4   0x080021c4   0x00000010   Code   RO         6308    i.HAL_GPIO_ReadPin  stm32f1xx_hal_gpio.o
    0x080021d4   0x080021d4   0x0000000c   Code   RO         6310    i.HAL_GPIO_WritePin  stm32f1xx_hal_gpio.o
    0x080021e0   0x080021e0   0x0000000c   Code   RO         4964    i.HAL_GetTick       stm32f1xx_hal.o
    0x080021ec   0x080021ec   0x00000028   Code   RO         4971    i.HAL_Init          stm32f1xx_hal.o
    0x08002214   0x08002214   0x0000004c   Code   RO         4972    i.HAL_InitTick      stm32f1xx_hal.o
    0x08002260   0x08002260   0x000000a8   Code   RO         2625    i.HAL_MspInit       drv_hal.o
    0x08002308   0x08002308   0x00000020   Code   RO         5543    i.HAL_NVIC_EnableIRQ  stm32f1xx_hal_cortex.o
    0x08002328   0x08002328   0x0000007c   Code   RO         5549    i.HAL_NVIC_SetPriority  stm32f1xx_hal_cortex.o
    0x080023a4   0x080023a4   0x00000028   Code   RO         5550    i.HAL_NVIC_SetPriorityGrouping  stm32f1xx_hal_cortex.o
    0x080023cc   0x080023cc   0x0000018c   Code   RO         6741    i.HAL_RCC_ClockConfig  stm32f1xx_hal_rcc.o
    0x08002558   0x08002558   0x0000000c   Code   RO         6746    i.HAL_RCC_GetHCLKFreq  stm32f1xx_hal_rcc.o
    0x08002564   0x08002564   0x00000020   Code   RO         6748    i.HAL_RCC_GetPCLK1Freq  stm32f1xx_hal_rcc.o
    0x08002584   0x08002584   0x00000020   Code   RO         6749    i.HAL_RCC_GetPCLK2Freq  stm32f1xx_hal_rcc.o
    0x080025a4   0x080025a4   0x00000094   Code   RO         6750    i.HAL_RCC_GetSysClockFreq  stm32f1xx_hal_rcc.o
    0x08002638   0x08002638   0x00000464   Code   RO         6753    i.HAL_RCC_OscConfig  stm32f1xx_hal_rcc.o
    0x08002a9c   0x08002a9c   0x00000028   Code   RO         5552    i.HAL_SYSTICK_CLKSourceConfig  stm32f1xx_hal_cortex.o
    0x08002ac4   0x08002ac4   0x00000034   Code   RO         5554    i.HAL_SYSTICK_Config  stm32f1xx_hal_cortex.o
    0x08002af8   0x08002af8   0x000000fc   Code   RO         7369    i.HAL_TIM_PWM_ConfigChannel  stm32f1xx_hal_tim.o
    0x08002bf4   0x08002bf4   0x00000066   Code   RO         7372    i.HAL_TIM_PWM_Init  stm32f1xx_hal_tim.o
    0x08002c5a   0x08002c5a   0x00000002   Code   RO         7374    i.HAL_TIM_PWM_MspInit  stm32f1xx_hal_tim.o
    0x08002c5c   0x08002c5c   0x000000f4   Code   RO         7377    i.HAL_TIM_PWM_Start  stm32f1xx_hal_tim.o
    0x08002d50   0x08002d50   0x00000066   Code   RO         8298    i.HAL_UART_DMAStop  stm32f1xx_hal_uart.o
    0x08002db6   0x08002db6   0x00000002   Code   RO         8300    i.HAL_UART_ErrorCallback  stm32f1xx_hal_uart.o
    0x08002db8   0x08002db8   0x00000072   Code   RO         8304    i.HAL_UART_Init     stm32f1xx_hal_uart.o
    0x08002e2a   0x08002e2a   0x00000002   Code   RO         8306    i.HAL_UART_MspInit  stm32f1xx_hal_uart.o
    0x08002e2c   0x08002e2c   0x000000c4   Code   RO         8308    i.HAL_UART_Receive_DMA  stm32f1xx_hal_uart.o
    0x08002ef0   0x08002ef0   0x00000002   Code   RO         8310    i.HAL_UART_RxCpltCallback  stm32f1xx_hal_uart.o
    0x08002ef2   0x08002ef2   0x00000002   Code   RO         8311    i.HAL_UART_RxHalfCpltCallback  stm32f1xx_hal_uart.o
    0x08002ef4   0x08002ef4   0x000000d2   Code   RO         8312    i.HAL_UART_Transmit  stm32f1xx_hal_uart.o
    0x08002fc6   0x08002fc6   0x00000002   PAD
    0x08002fc8   0x08002fc8   0x000000b4   Code   RO          685    i.HANDLE_MODE       threadpool.o
    0x0800307c   0x0800307c   0x00000144   Code   RO         1168    i.HandleMode_data_handle  task_motioncontrol.o
    0x080031c0   0x080031c0   0x00000334   Code   RO         1060    i.HandleMode_data_storage  task_handlemode.o
    0x080034f4   0x080034f4   0x00000048   Code   RO          686    i.JY901SReadThread  threadpool.o
    0x0800353c   0x0800353c   0x00000074   Code   RO          687    i.MS5837ReadThread  threadpool.o
    0x080035b0   0x080035b0   0x00000004   Code   RO         2626    i.MemManage_Handler  drv_hal.o
    0x080035b4   0x080035b4   0x0000000e   Code   RO          688    i.MotionControl     threadpool.o
    0x080035c2   0x080035c2   0x00000004   Code   RO         2627    i.NMI_Handler       drv_hal.o
    0x080035c6   0x080035c6   0x00000002   PAD
    0x080035c8   0x080035c8   0x00000028   Code   RO         1457    i.OCD_JY901_AxisConfig  ocd_jy901.o
    0x080035f0   0x080035f0   0x00000038   Code   RO         1459    i.OCD_JY901_DMAInit  ocd_jy901.o
    0x08003628   0x08003628   0x000001fc   Code   RO         1460    i.OCD_JY901_DataConversion  ocd_jy901.o
    0x08003824   0x08003824   0x00000104   Code   RO         1461    i.OCD_JY901_DataProcess  ocd_jy901.o
    0x08003928   0x08003928   0x00000024   Code   RO         1462    i.OCD_JY901_GyroAutoCorrect  ocd_jy901.o
    0x0800394c   0x0800394c   0x00000028   Code   RO         1463    i.OCD_JY901_OrientConfig  ocd_jy901.o
    0x08003974   0x08003974   0x00000294   Code   RO         1465    i.OCD_JY901_Printf  ocd_jy901.o
    0x08003c08   0x08003c08   0x00000028   Code   RO         1466    i.OCD_JY901_RxBaudConfig  ocd_jy901.o
    0x08003c30   0x08003c30   0x00000028   Code   RO         1467    i.OCD_JY901_RxSpeedConfig  ocd_jy901.o
    0x08003c58   0x08003c58   0x00000034   Code   RO         1468    i.OCD_JY901_RxTypeConfig  ocd_jy901.o
    0x08003c8c   0x08003c8c   0x000003f8   Code   RO         1668    i.OCD_MS5837_GetData  ocd_ms5837.o
    0x08004084   0x08004084   0x00000034   Code   RO         1669    i.OCD_MS5837_Init   ocd_ms5837.o
    0x080040b8   0x080040b8   0x00000128   Code   RO         1169    i.PWNOutput_limit   task_motioncontrol.o
    0x080041e0   0x080041e0   0x00000384   Code   RO          689    i.PlusControl       threadpool.o
    0x08004564   0x08004564   0x00000028   Code   RO         6754    i.RCC_Delay         stm32f1xx_hal_rcc.o
    0x0800458c   0x0800458c   0x0000000c   Code   RO          690    i.ReportPWMout      threadpool.o
    0x08004598   0x08004598   0x00000002   Code   RO         2628    i.SVC_Handler       drv_hal.o
    0x0800459a   0x0800459a   0x00000002   PAD
    0x0800459c   0x0800459c   0x000000d0   Code   RO         2900    i.S_GPIO_CLKEnable  drv_hal_gpio.o
    0x0800466c   0x0800466c   0x000000f2   Code   RO         2902    i.S_GPIO_NVICParamConfig  drv_hal_gpio.o
    0x0800475e   0x0800475e   0x0000000e   Code   RO         2903    i.S_GPIO_ParamConfig  drv_hal_gpio.o
    0x0800476c   0x0800476c   0x00000066   Code   RO         2629    i.S_HAL_CLKConfig   drv_hal.o
    0x080047d2   0x080047d2   0x00000026   Code   RO         2630    i.S_HAL_RTTCLKInit  drv_hal.o
    0x080047f8   0x080047f8   0x0000000c   Code   RO         2994    i.S_IICSoft_DelayUs  drv_hal_iic_soft.o
    0x08004804   0x08004804   0x00000010   Code   RO         2995    i.S_IICSoft_READ_SDA  drv_hal_iic_soft.o
    0x08004814   0x08004814   0x00000012   Code   RO         2996    i.S_IICSoft_SCL_H   drv_hal_iic_soft.o
    0x08004826   0x08004826   0x00000012   Code   RO         2997    i.S_IICSoft_SCL_L   drv_hal_iic_soft.o
    0x08004838   0x08004838   0x00000012   Code   RO         2998    i.S_IICSoft_SDA_H   drv_hal_iic_soft.o
    0x0800484a   0x0800484a   0x00000026   Code   RO         2999    i.S_IICSoft_SDA_InputMode  drv_hal_iic_soft.o
    0x08004870   0x08004870   0x00000012   Code   RO         3000    i.S_IICSoft_SDA_L   drv_hal_iic_soft.o
    0x08004882   0x08004882   0x00000028   Code   RO         3001    i.S_IICSoft_SDA_OutputMode  drv_hal_iic_soft.o
    0x080048aa   0x080048aa   0x00000030   Code   RO         3002    i.S_IICSoft_SendAck  drv_hal_iic_soft.o
    0x080048da   0x080048da   0x00000030   Code   RO         3003    i.S_IICSoft_SendNAck  drv_hal_iic_soft.o
    0x0800490a   0x0800490a   0x0000000a   Code   RO         1470    i.S_JY901_Delay     ocd_jy901.o
    0x08004914   0x08004914   0x00000098   Code   RO         1471    i.S_JY901_ParamMatch  ocd_jy901.o
    0x080049ac   0x080049ac   0x0000004c   Code   RO         1472    i.S_JY901_SaveConfig  ocd_jy901.o
    0x080049f8   0x080049f8   0x00000028   Code   RO         1473    i.S_JY901_Setting   ocd_jy901.o
    0x08004a20   0x08004a20   0x00000014   Code   RO         1474    i.S_JY901_UnLock    ocd_jy901.o
    0x08004a34   0x08004a34   0x0000009a   Code   RO         1670    i.S_MS5837_CRC4     ocd_ms5837.o
    0x08004ace   0x08004ace   0x000000b2   Code   RO         1671    i.S_MS5837_GetCalibrationData  ocd_ms5837.o
    0x08004b80   0x08004b80   0x000000da   Code   RO         1672    i.S_MS5837_GetConversion  ocd_ms5837.o
    0x08004c5a   0x08004c5a   0x0000003a   Code   RO         1673    i.S_MS5837_Reset    ocd_ms5837.o
    0x08004c94   0x08004c94   0x000000f4   Code   RO         3095    i.S_PWM_CLKEnable   drv_hal_pwm.o
    0x08004d88   0x08004d88   0x00000234   Code   RO         3096    i.S_PWM_GPIOConfig  drv_hal_pwm.o
    0x08004fbc   0x08004fbc   0x000000b8   Code   RO         3097    i.S_PWM_PramConfig  drv_hal_pwm.o
    0x08005074   0x08005074   0x00000002   Code   RO         3367    i.S_Uart_CLKConfig  drv_hal_uart.o
    0x08005076   0x08005076   0x00000002   PAD
    0x08005078   0x08005078   0x000000d0   Code   RO         3368    i.S_Uart_CLKEnable  drv_hal_uart.o
    0x08005148   0x08005148   0x0000005c   Code   RO         3369    i.S_Uart_DMAParamConfig  drv_hal_uart.o
    0x080051a4   0x080051a4   0x000000e4   Code   RO         3370    i.S_Uart_DMA_CLKEnable  drv_hal_uart.o
    0x08005288   0x08005288   0x00000114   Code   RO         3371    i.S_Uart_DMA_NVICConfig  drv_hal_uart.o
    0x0800539c   0x0800539c   0x00000168   Code   RO         3372    i.S_Uart_GPIOConfig  drv_hal_uart.o
    0x08005504   0x08005504   0x000000b0   Code   RO         3373    i.S_Uart_NVICConfig  drv_hal_uart.o
    0x080055b4   0x080055b4   0x00000038   Code   RO         3374    i.S_Uart_ParamConfig  drv_hal_uart.o
    0x080055ec   0x080055ec   0x00000344   Code   RO         3375    i.S_Uart_ParamMatch  drv_hal_uart.o
    0x08005930   0x08005930   0x00000028   Code   RO          981    i.Servo_Angle_To_HightTime  task_thruster.o
    0x08005958   0x08005958   0x00000010   Code   RO         3525    i.SysTick_Handler   board.o
    0x08005968   0x08005968   0x000000a4   Code   RO         8924    i.SystemCoreClockUpdate  system_stm32f1xx.o
    0x08005a0c   0x08005a0c   0x00000002   Code   RO         8925    i.SystemInit        system_stm32f1xx.o
    0x08005a0e   0x08005a0e   0x00000002   Code   RO          807    i.TIM2_IRQHandler   task_irq.o
    0x08005a10   0x08005a10   0x00000002   Code   RO          808    i.TIM3_IRQHandler   task_irq.o
    0x08005a12   0x08005a12   0x00000002   Code   RO          809    i.TIM4_IRQHandler   task_irq.o
    0x08005a14   0x08005a14   0x00000002   Code   RO          810    i.TIM5_IRQHandler   task_irq.o
    0x08005a16   0x08005a16   0x00000002   Code   RO          811    i.TIM6_IRQHandler   task_irq.o
    0x08005a18   0x08005a18   0x00000002   Code   RO          812    i.TIM7_IRQHandler   task_irq.o
    0x08005a1a   0x08005a1a   0x00000002   PAD
    0x08005a1c   0x08005a1c   0x0000009c   Code   RO         7390    i.TIM_Base_SetConfig  stm32f1xx_hal_tim.o
    0x08005ab8   0x08005ab8   0x00000022   Code   RO         7391    i.TIM_CCxChannelCmd  stm32f1xx_hal_tim.o
    0x08005ada   0x08005ada   0x00000002   PAD
    0x08005adc   0x08005adc   0x00000070   Code   RO         7403    i.TIM_OC1_SetConfig  stm32f1xx_hal_tim.o
    0x08005b4c   0x08005b4c   0x0000007c   Code   RO         7404    i.TIM_OC2_SetConfig  stm32f1xx_hal_tim.o
    0x08005bc8   0x08005bc8   0x00000078   Code   RO         7405    i.TIM_OC3_SetConfig  stm32f1xx_hal_tim.o
    0x08005c40   0x08005c40   0x00000054   Code   RO         7406    i.TIM_OC4_SetConfig  stm32f1xx_hal_tim.o
    0x08005c94   0x08005c94   0x000004c4   Code   RO          953    i.Task_AnalysisData  task_analysisdata.o
    0x08006158   0x08006158   0x00000514   Code   RO         1091    i.Task_AutoMode_Process  task_automode.o
    0x0800666c   0x0800666c   0x00000026   Code   RO         1061    i.Task_HandleMode_Process  task_handlemode.o
    0x08006692   0x08006692   0x00000002   PAD
    0x08006694   0x08006694   0x00000024   Code   RO         1170    i.Task_Motion_Process  task_motioncontrol.o
    0x080066b8   0x080066b8   0x00000026   Code   RO          982    i.Task_Servo_AllStart  task_thruster.o
    0x080066de   0x080066de   0x00000046   Code   RO          985    i.Task_Thruster_AllStart  task_thruster.o
    0x08006724   0x08006724   0x00000034   Code   RO          986    i.Task_Thruster_AllStop  task_thruster.o
    0x08006758   0x08006758   0x0000007c   Code   RO          987    i.Task_Thruster_Init  task_thruster.o
    0x080067d4   0x080067d4   0x0000001c   Code   RO          988    i.Task_Thruster_SpeedSet  task_thruster.o
    0x080067f0   0x080067f0   0x00000010   Code   RO          989    i.Task_Thruster_Start  task_thruster.o
    0x08006800   0x08006800   0x0000002c   Code   RO          990    i.Task_Thruster_Stop  task_thruster.o
    0x0800682c   0x0800682c   0x0000008c   Code   RO          929    i.Task_UserInit     task_userinit.o
    0x080068b8   0x080068b8   0x00000028   Code   RO          691    i.TestThread        threadpool.o
    0x080068e0   0x080068e0   0x00000002   Code   RO          813    i.UART4_IRQHandler  task_irq.o
    0x080068e2   0x080068e2   0x00000002   Code   RO          814    i.UART5_IRQHandler  task_irq.o
    0x080068e4   0x080068e4   0x00000050   Code   RO         8318    i.UART_DMAError     stm32f1xx_hal_uart.o
    0x08006934   0x08006934   0x00000046   Code   RO         8319    i.UART_DMAReceiveCplt  stm32f1xx_hal_uart.o
    0x0800697a   0x0800697a   0x0000000e   Code   RO         8321    i.UART_DMARxHalfCplt  stm32f1xx_hal_uart.o
    0x08006988   0x08006988   0x00000020   Code   RO         8327    i.UART_EndRxTransfer  stm32f1xx_hal_uart.o
    0x080069a8   0x080069a8   0x00000014   Code   RO         8329    i.UART_EndTxTransfer  stm32f1xx_hal_uart.o
    0x080069bc   0x080069bc   0x000000fc   Code   RO         8331    i.UART_SetConfig    stm32f1xx_hal_uart.o
    0x08006ab8   0x08006ab8   0x0000006c   Code   RO         8333    i.UART_WaitOnFlagUntilTimeout  stm32f1xx_hal_uart.o
    0x08006b24   0x08006b24   0x00000024   Code   RO          815    i.USART1_IRQHandler  task_irq.o
    0x08006b48   0x08006b48   0x00000024   Code   RO          816    i.USART2_IRQHandler  task_irq.o
    0x08006b6c   0x08006b6c   0x00000024   Code   RO          817    i.USART3_IRQHandler  task_irq.o
    0x08006b90   0x08006b90   0x00000004   Code   RO         2631    i.UsageFault_Handler  drv_hal.o
    0x08006b94   0x08006b94   0x000002d0   Code   RO          229    i.UserLogic_Code    usercode.o
    0x08006e64   0x08006e64   0x00000020   Code   RO         9225    i.__0printf         mc_w.l(printfa.o)
    0x08006e84   0x08006e84   0x00000010   Code   RO         5556    i.__NVIC_GetPriorityGrouping  stm32f1xx_hal_cortex.o
    0x08006e94   0x08006e94   0x00000028   Code   RO         5557    i.__NVIC_SetPriority  stm32f1xx_hal_cortex.o
    0x08006ebc   0x08006ebc   0x0000004c   Code   RO         4077    i.__rt_ffs          kservice.o
    0x08006f08   0x08006f08   0x0000000e   Code   RO         9377    i.__scatterload_copy  mc_w.l(handlers.o)
    0x08006f16   0x08006f16   0x00000002   Code   RO         9378    i.__scatterload_null  mc_w.l(handlers.o)
    0x08006f18   0x08006f18   0x0000000e   Code   RO         9379    i.__scatterload_zeroinit  mc_w.l(handlers.o)
    0x08006f26   0x08006f26   0x00000002   PAD
    0x08006f28   0x08006f28   0x00000164   Code   RO         9232    i._fp_digits        mc_w.l(printfa.o)
    0x0800708c   0x0800708c   0x0000000e   Code   RO         9368    i._is_digit         mc_w.l(scanf_fp.o)
    0x0800709a   0x0800709a   0x00000002   PAD
    0x0800709c   0x0800709c   0x000006dc   Code   RO         9233    i._printf_core      mc_w.l(printfa.o)
    0x08007778   0x08007778   0x00000024   Code   RO         9234    i._printf_post_padding  mc_w.l(printfa.o)
    0x0800779c   0x0800779c   0x0000002e   Code   RO         9235    i._printf_pre_padding  mc_w.l(printfa.o)
    0x080077ca   0x080077ca   0x00000002   PAD
    0x080077cc   0x080077cc   0x0000009c   Code   RO         4618    i._rt_thread_init   thread.o
    0x08007868   0x08007868   0x00000042   Code   RO         4770    i._rt_timer_init    timer.o
    0x080078aa   0x080078aa   0x0000001c   Code   RO         4771    i._rt_timer_remove  timer.o
    0x080078c6   0x080078c6   0x0000001c   Code   RO         4619    i._thread_cleanup_execute  thread.o
    0x080078e2   0x080078e2   0x00000002   PAD
    0x080078e4   0x080078e4   0x00000098   Code   RO          692    i.circle_conduct    threadpool.o
    0x0800797c   0x0800797c   0x00000034   Code   RO         2633    i.fputc             drv_hal.o
    0x080079b0   0x080079b0   0x00000024   Code   RO            4    i.main              main.o
    0x080079d4   0x080079d4   0x0000000e   Code   RO         3639    i.main_thread_entry  components.o
    0x080079e2   0x080079e2   0x00000002   PAD
    0x080079e4   0x080079e4   0x0000006c   Code   RO         9254    i.malloc            mc_w.l(malloc.o)
    0x08007a50   0x08007a50   0x00000078   Code   RO         4254    i.plug_holes        mem.o
    0x08007ac8   0x08007ac8   0x00000198   Code   RO         4079    i.print_number      kservice.o
    0x08007c60   0x08007c60   0x00000030   Code   RO         3640    i.rt_application_init  components.o
    0x08007c90   0x08007c90   0x0000001c   Code   RO         3641    i.rt_components_board_init  components.o
    0x08007cac   0x08007cac   0x0000001c   Code   RO         3642    i.rt_components_init  components.o
    0x08007cc8   0x08007cc8   0x00000020   Code   RO         4540    i.rt_enter_critical  scheduler.o
    0x08007ce8   0x08007ce8   0x00000044   Code   RO         4541    i.rt_exit_critical  scheduler.o
    0x08007d2c   0x08007d2c   0x000000f8   Code   RO         4256    i.rt_free           mem.o
    0x08007e24   0x08007e24   0x00000008   Code   RO         3526    i.rt_heap_begin_get  board.o
    0x08007e2c   0x08007e2c   0x00000008   Code   RO         3527    i.rt_heap_end_get   board.o
    0x08007e34   0x08007e34   0x00000034   Code   RO         3528    i.rt_hw_board_init  board.o
    0x08007e68   0x08007e68   0x00000050   Code   RO         3529    i.rt_hw_console_output  board.o
    0x08007eb8   0x08007eb8   0x00000200   Code   RO         4910    i.rt_hw_hard_fault_exception  cpuport.o
    0x080080b8   0x080080b8   0x0000004c   Code   RO         4911    i.rt_hw_stack_init  cpuport.o
    0x08008104   0x08008104   0x00000034   Code   RO         4038    i.rt_interrupt_enter  irq.o
    0x08008138   0x08008138   0x00000034   Code   RO         4041    i.rt_interrupt_leave  irq.o
    0x0800816c   0x0800816c   0x00000014   Code   RO         3766    i.rt_ipc_list_resume  ipc.o
    0x08008180   0x08008180   0x0000006e   Code   RO         3768    i.rt_ipc_list_suspend  ipc.o
    0x080081ee   0x080081ee   0x00000010   Code   RO         3769    i.rt_ipc_object_init  ipc.o
    0x080081fe   0x080081fe   0x00000002   PAD
    0x08008200   0x08008200   0x00000030   Code   RO         4083    i.rt_kprintf        kservice.o
    0x08008230   0x08008230   0x00000006   Code   RO         3770    i.rt_list_init      ipc.o
    0x08008236   0x08008236   0x00000006   Code   RO         4542    i.rt_list_init      scheduler.o
    0x0800823c   0x0800823c   0x00000006   Code   RO         4772    i.rt_list_init      timer.o
    0x08008242   0x08008242   0x0000000e   Code   RO         4421    i.rt_list_insert_after  object.o
    0x08008250   0x08008250   0x0000000e   Code   RO         4620    i.rt_list_insert_after  thread.o
    0x0800825e   0x0800825e   0x0000000e   Code   RO         4773    i.rt_list_insert_after  timer.o
    0x0800826c   0x0800826c   0x0000000e   Code   RO         3771    i.rt_list_insert_before  ipc.o
    0x0800827a   0x0800827a   0x00000010   Code   RO         3772    i.rt_list_isempty   ipc.o
    0x0800828a   0x0800828a   0x00000010   Code   RO         4774    i.rt_list_isempty   timer.o
    0x0800829a   0x0800829a   0x00000012   Code   RO         4422    i.rt_list_remove    object.o
    0x080082ac   0x080082ac   0x00000012   Code   RO         4621    i.rt_list_remove    thread.o
    0x080082be   0x080082be   0x00000012   Code   RO         4775    i.rt_list_remove    timer.o
    0x080082d0   0x080082d0   0x00000188   Code   RO         4258    i.rt_malloc         mem.o
    0x08008458   0x08008458   0x0000007c   Code   RO         4087    i.rt_memcpy         kservice.o
    0x080084d4   0x080084d4   0x00000048   Code   RO         4089    i.rt_memset         kservice.o
    0x0800851c   0x0800851c   0x00000088   Code   RO         3782    i.rt_mq_create      ipc.o
    0x080085a4   0x080085a4   0x00000160   Code   RO         3786    i.rt_mq_recv        ipc.o
    0x08008704   0x08008704   0x00000016   Code   RO         3787    i.rt_mq_send        ipc.o
    0x0800871a   0x0800871a   0x00000002   PAD
    0x0800871c   0x0800871c   0x00000144   Code   RO         3788    i.rt_mq_send_wait   ipc.o
    0x08008860   0x08008860   0x0000006c   Code   RO         4423    i.rt_object_allocate  object.o
    0x080088cc   0x080088cc   0x0000003c   Code   RO         4425    i.rt_object_delete  object.o
    0x08008908   0x08008908   0x00000034   Code   RO         4426    i.rt_object_detach  object.o
    0x0800893c   0x0800893c   0x00000028   Code   RO         4429    i.rt_object_get_information  object.o
    0x08008964   0x08008964   0x0000006c   Code   RO         4433    i.rt_object_init    object.o
    0x080089d0   0x080089d0   0x00000012   Code   RO         4434    i.rt_object_is_systemobject  object.o
    0x080089e2   0x080089e2   0x00000002   PAD
    0x080089e4   0x080089e4   0x0000009c   Code   RO         4543    i.rt_schedule       scheduler.o
    0x08008a80   0x08008a80   0x00000050   Code   RO         4544    i.rt_schedule_insert_thread  scheduler.o
    0x08008ad0   0x08008ad0   0x00000054   Code   RO         4545    i.rt_schedule_remove_thread  scheduler.o
    0x08008b24   0x08008b24   0x0000002a   Code   RO         3798    i.rt_sem_create     ipc.o
    0x08008b4e   0x08008b4e   0x00000026   Code   RO         3801    i.rt_sem_init       ipc.o
    0x08008b74   0x08008b74   0x00000068   Code   RO         3802    i.rt_sem_release    ipc.o
    0x08008bdc   0x08008bdc   0x000000a0   Code   RO         3803    i.rt_sem_take       ipc.o
    0x08008c7c   0x08008c7c   0x000000e8   Code   RO         4776    i.rt_soft_timer_check  timer.o
    0x08008d64   0x08008d64   0x0000001c   Code   RO         4095    i.rt_strcmp         kservice.o
    0x08008d80   0x08008d80   0x00000012   Code   RO         4097    i.rt_strlen         kservice.o
    0x08008d92   0x08008d92   0x00000034   Code   RO         4099    i.rt_strncpy        kservice.o
    0x08008dc6   0x08008dc6   0x00000002   PAD
    0x08008dc8   0x08008dc8   0x000000f8   Code   RO         4262    i.rt_system_heap_init  mem.o
    0x08008ec0   0x08008ec0   0x0000004c   Code   RO         4547    i.rt_system_scheduler_init  scheduler.o
    0x08008f0c   0x08008f0c   0x00000030   Code   RO         4548    i.rt_system_scheduler_start  scheduler.o
    0x08008f3c   0x08008f3c   0x0000001c   Code   RO         4777    i.rt_system_timer_init  timer.o
    0x08008f58   0x08008f58   0x00000054   Code   RO         4778    i.rt_system_timer_thread_init  timer.o
    0x08008fac   0x08008fac   0x00000050   Code   RO         4623    i.rt_thread_create  thread.o
    0x08008ffc   0x08008ffc   0x0000000c   Code   RO         4624    i.rt_thread_delay   thread.o
    0x08009008   0x08009008   0x00000058   Code   RO         4628    i.rt_thread_exit    thread.o
    0x08009060   0x08009060   0x00000028   Code   RO         3713    i.rt_thread_idle_entry  idle.o
    0x08009088   0x08009088   0x00000060   Code   RO         3714    i.rt_thread_idle_excute  idle.o
    0x080090e8   0x080090e8   0x0000003c   Code   RO         3716    i.rt_thread_idle_init  idle.o
    0x08009124   0x08009124   0x00000034   Code   RO         4630    i.rt_thread_init    thread.o
    0x08009158   0x08009158   0x00000014   Code   RO         4632    i.rt_thread_mdelay  thread.o
    0x0800916c   0x0800916c   0x00000054   Code   RO         4633    i.rt_thread_resume  thread.o
    0x080091c0   0x080091c0   0x0000000c   Code   RO         4635    i.rt_thread_self    thread.o
    0x080091cc   0x080091cc   0x00000044   Code   RO         4636    i.rt_thread_sleep   thread.o
    0x08009210   0x08009210   0x0000002c   Code   RO         4637    i.rt_thread_startup  thread.o
    0x0800923c   0x0800923c   0x0000005c   Code   RO         4638    i.rt_thread_suspend  thread.o
    0x08009298   0x08009298   0x00000020   Code   RO         4640    i.rt_thread_timeout  thread.o
    0x080092b8   0x080092b8   0x00000044   Code   RO         4779    i.rt_thread_timer_entry  timer.o
    0x080092fc   0x080092fc   0x00000064   Code   RO         4641    i.rt_thread_yield   thread.o
    0x08009360   0x08009360   0x00000038   Code   RO         3583    i.rt_tick_from_millisecond  clock.o
    0x08009398   0x08009398   0x0000000c   Code   RO         3584    i.rt_tick_get       clock.o
    0x080093a4   0x080093a4   0x00000030   Code   RO         3585    i.rt_tick_increase  clock.o
    0x080093d4   0x080093d4   0x000000d0   Code   RO         4780    i.rt_timer_check    timer.o
    0x080094a4   0x080094a4   0x00000062   Code   RO         4781    i.rt_timer_control  timer.o
    0x08009506   0x08009506   0x00000028   Code   RO         4784    i.rt_timer_detach   timer.o
    0x0800952e   0x0800952e   0x0000002e   Code   RO         4787    i.rt_timer_init     timer.o
    0x0800955c   0x0800955c   0x0000002c   Code   RO         4788    i.rt_timer_list_next_timeout  timer.o
    0x08009588   0x08009588   0x00000140   Code   RO         4790    i.rt_timer_start    timer.o
    0x080096c8   0x080096c8   0x00000048   Code   RO         4791    i.rt_timer_stop     timer.o
    0x08009710   0x08009710   0x00000340   Code   RO         4102    i.rt_vsnprintf      kservice.o
    0x08009a50   0x08009a50   0x00000004   Code   RO         3643    i.rti_board_end     components.o
    0x08009a54   0x08009a54   0x00000004   Code   RO         3644    i.rti_board_start   components.o
    0x08009a58   0x08009a58   0x00000004   Code   RO         3645    i.rti_end           components.o
    0x08009a5c   0x08009a5c   0x00000004   Code   RO         3646    i.rti_start         components.o
    0x08009a60   0x08009a60   0x00000026   Code   RO         3647    i.rtthread_startup  components.o
    0x08009a86   0x08009a86   0x00000026   Code   RO         4104    i.skip_atoi         kservice.o
    0x08009aac   0x08009aac   0x0000001c   Code   RO         8966    i.strtod            m_ws.l(strtod.o)
    0x08009ac8   0x08009ac8   0x00000022   Code   RO         8970    i.strtof            m_ws.l(strtof.o)
    0x08009aea   0x08009aea   0x00000002   PAD
    0x08009aec   0x08009aec   0x000000ac   Code   RO         3530    i.uart_init         board.o
    0x08009b98   0x08009b98   0x00000038   Data   RO          955    .constdata          task_analysisdata.o
    0x08009bd0   0x08009bd0   0x0000000f   Data   RO         1475    .constdata          ocd_jy901.o
    0x08009bdf   0x08009bdf   0x00000122   Data   RO         4106    .constdata          kservice.o
    0x08009d01   0x08009d01   0x00000018   Data   RO         8926    .constdata          system_stm32f1xx.o
    0x08009d19   0x08009d19   0x00000040   Data   RO         9371    .constdata          mc_w.l(ctype_c.o)
    0x08009d59   0x08009d59   0x00000003   PAD
    0x08009d5c   0x08009d5c   0x00000004   Data   RO         3648    .rti_fn.0           components.o
    0x08009d60   0x08009d60   0x00000004   Data   RO         3649    .rti_fn.0.end       components.o
    0x08009d64   0x08009d64   0x00000004   Data   RO         3532    .rti_fn.1           board.o
    0x08009d68   0x08009d68   0x00000004   Data   RO         3650    .rti_fn.1.end       components.o
    0x08009d6c   0x08009d6c   0x00000004   Data   RO         3651    .rti_fn.6.end       components.o
    0x08009d70   0x08009d70   0x00000020   Data   RO         9375    Region$$Table       anon$$obj.o


    Execution Region RW_IRAM1 (Exec base: 0x20000000, Load base: 0x08009d90, Size: 0x000056f0, Max: 0x0000c000, ABSOLUTE, COMPRESSED[0x0000014c])

    Exec Addr    Load Addr    Size         Type   Attr      Idx    E Section Name        Object

    0x20000000   COMPRESSED   0x00000040   Data   RW          231    .data               usercode.o
    0x20000040   COMPRESSED   0x00000cc0   Data   RW          478    .data               config.o
    0x20000d00   COMPRESSED   0x0000001c   Data   RW          693    .data               threadpool.o
    0x20000d1c   COMPRESSED   0x00000004   Data   RW          956    .data               task_analysisdata.o
    0x20000d20   COMPRESSED   0x00000040   Data   RW         1674    .data               ocd_ms5837.o
    0x20000d60   COMPRESSED   0x00000004   Data   RW         2635    .data               drv_hal.o
    0x20000d64   COMPRESSED   0x00000004   Data   RW         3587    .data               clock.o
    0x20000d68   COMPRESSED   0x00000009   Data   RW         4043    .data               irq.o
    0x20000d71   COMPRESSED   0x00000003   PAD
    0x20000d74   COMPRESSED   0x00000020   Data   RW         4264    .data               mem.o
    0x20000d94   COMPRESSED   0x000000a4   Data   RW         4439    .data               object.o
    0x20000e38   COMPRESSED   0x0000001c   Data   RW         4550    .data               scheduler.o
    0x20000e54   COMPRESSED   0x0000000c   Data   RW         4642    .data               thread.o
    0x20000e60   COMPRESSED   0x00000020   Data   RW         4793    .data               timer.o
    0x20000e80   COMPRESSED   0x00000010   Data   RW         4912    .data               cpuport.o
    0x20000e90   COMPRESSED   0x00000009   Data   RW         4978    .data               stm32f1xx_hal.o
    0x20000e99   COMPRESSED   0x00000003   PAD
    0x20000e9c   COMPRESSED   0x00000004   Data   RW         8927    .data               system_stm32f1xx.o
    0x20000ea0   COMPRESSED   0x00000004   Data   RW         9345    .data               mc_w.l(mvars.o)
    0x20000ea4   COMPRESSED   0x00000004   Data   RW         9346    .data               mc_w.l(mvars.o)
    0x20000ea8        -       0x0000000c   Zero   RW          477    .bss                config.o
    0x20000eb4        -       0x0000004b   Zero   RW          954    .bss                task_analysisdata.o
    0x20000eff   COMPRESSED   0x00000001   PAD
    0x20000f00        -       0x00003c40   Zero   RW         3531    .bss                board.o
    0x20004b40        -       0x00000190   Zero   RW         3718    .bss                idle.o
    0x20004cd0        -       0x00000080   Zero   RW         4105    .bss                kservice.o
    0x20004d50        -       0x00000020   Zero   RW         4263    .bss                mem.o
    0x20004d70        -       0x00000100   Zero   RW         4549    .bss                scheduler.o
    0x20004e70        -       0x00000280   Zero   RW         4792    .bss                timer.o
    0x200050f0        -       0x00000200   Zero   RW         8959    HEAP                startup_stm32f103xe.o
    0x200052f0        -       0x00000400   Zero   RW         8958    STACK               startup_stm32f103xe.o


==============================================================================

Image component sizes


      Code (inc. data)   RO Data    RW Data    ZI Data      Debug   Object Name

       242         30          0          0          0       2535   algo_pid.o
       336         30          4          0      15424       3880   board.o
       116         12          0          4          0       7704   clock.o
       182         30         16          0          0       5628   components.o
         0          0          0       3264         12     447499   config.o
       244         28          0          0          0        780   context_rvds.o
       588        328          0         16          0       3206   cpuport.o
       488         82          0          4          0       7366   drv_hal.o
        92          0          0          0          0       1106   drv_hal_delay.o
       616         36          0          0          0       3572   drv_hal_gpio.o
       636          0          0          0          0       8562   drv_hal_iic_soft.o
      1148        116          0          0          0       4291   drv_hal_pwm.o
      2540        256          0          0          0       8443   drv_hal_uart.o
       196         30          0          0        400       5126   idle.o
      1360         24          0          0          0      12572   ipc.o
       104         20          0          9          0       1630   irq.o
      1696         26        290          0        128       9426   kservice.o
        36         16          0          0          0     459863   main.o
      1008        234          0         32         32       3852   mem.o
       418         24          0        164          0       8476   object.o
      2030        274         15          0          0       9002   ocd_jy901.o
      1676         80          0         64          0       5932   ocd_ms5837.o
       550         94          0         28        256       8314   scheduler.o
        36          8        304          0       1536        896   startup_stm32f103xe.o
       128         24          0          9          0     485759   stm32f1xx_hal.o
       344         22          0          0          0      30037   stm32f1xx_hal_cortex.o
       426          8          0          0          0       3274   stm32f1xx_hal_dma.o
       860         40          0          0          0       3351   stm32f1xx_hal_gpio.o
      1784        110          0          0          0       6056   stm32f1xx_hal_rcc.o
      1230         80          0          0          0       7578   stm32f1xx_hal_tim.o
      1206         18          0          0          0      10094   stm32f1xx_hal_uart.o
       166         22         24          4          0       2063   system_stm32f1xx.o
      1220        324         56          4         75       1748   task_analysisdata.o
      1300        166          0          0          0        964   task_automode.o
       858         80          0          0          0       1616   task_handlemode.o
       128         30          0          0          0       5582   task_irq.o
      1024         68          0          0          0       2975   task_motioncontrol.o
       412         30          0          0          0       4617   task_thruster.o
       140         56          0          0          0        512   task_userinit.o
       900         56          0         12          0      13305   thread.o
      1746        234          0         28          0       6423   threadpool.o
      1388        102          0         32        640      13511   timer.o
       720        318          0         64          0       9069   usercode.o

    ----------------------------------------------------------------------
     32354       3566        741       3744      18504    1638195   Object Totals
         0          0         32          0          0          0   (incl. Generated)
        36          0          0          6          1          0   (incl. Padding)

    ----------------------------------------------------------------------

      Code (inc. data)   RO Data    RW Data    ZI Data      Debug   Library Member Name

        28          0          0          0          0         80   strtod.o
        34          0          0          0          0         84   strtof.o
        56          8          0          0          0         84   __0sscanf.o
        86          0          0          0          0          0   __dczerorl2.o
       812          4          0          0          0        112   _scanf.o
       224          0          0          0          0         96   _scanf_str.o
        64          0          0          0          0         84   _sgetc.o
        40          6         64          0          0         68   ctype_c.o
         0          0          0          0          0          0   entry.o
         0          0          0          0          0          0   entry10a.o
         0          0          0          0          0          0   entry11a.o
         8          4          0          0          0          0   entry2.o
         4          0          0          0          0          0   entry5.o
         0          0          0          0          0          0   entry7b.o
         0          0          0          0          0          0   entry8b.o
         8          4          0          0          0          0   entry9a.o
        30          0          0          0          0          0   handlers.o
        36          8          0          0          0         68   init.o
        10          0          0          0          0         68   isspace_c.o
         0          0          0          0          0          0   iusefp.o
        98          0          0          0          0         84   ldiv.o
        30          0          0          0          0         68   llshl.o
        36          0          0          0          0         68   llsshr.o
        32          0          0          0          0         68   llushr.o
       108         16          0          0          0         84   malloc.o
        36          0          0          0          0         68   memcpya.o
        36          0          0          0          0        108   memseta.o
         0          0          0          8          0          0   mvars.o
      2226         90          0          0          0        444   printfa.o
        40          8          0          0          0         84   scanf_char.o
       838         12          0          0          0        216   scanf_fp.o
       156         14          0          0          0        120   strtod.o
        44          0          0          0          0         80   uidiv.o
        98          0          0          0          0         92   uldiv.o
        48          0          0          0          0         68   cdcmple.o
        48          0          0          0          0         68   cdrcmple.o
        20          0          0          0          0         68   cfcmple.o
        20          0          0          0          0         68   cfrcmple.o
        56          0          0          0          0         88   d2f.o
       334          0          0          0          0        148   dadd.o
       222          0          0          0          0        100   ddiv.o
       186          0          0          0          0        176   depilogue.o
        48          0          0          0          0         68   dfixul.o
        24          0          0          0          0         76   dfltul.o
       228          0          0          0          0         96   dmul.o
        38          0          0          0          0         68   f2d.o
       176          0          0          0          0        140   fadd.o
       124          0          0          0          0         88   fdiv.o
       110          0          0          0          0        168   fepilogue.o
        50          0          0          0          0         68   ffixi.o
        40          0          0          0          0         68   ffixui.o
        18          0          0          0          0         68   fflti.o
        44          0          0          0          0         92   ffltl.o
        10          0          0          0          0         68   ffltui.o
       100          0          0          0          0         76   fmul.o

    ----------------------------------------------------------------------
      7174        174         67          8          0       4256   Library Totals
        12          0          3          0          0          0   (incl. Padding)

    ----------------------------------------------------------------------

      Code (inc. data)   RO Data    RW Data    ZI Data      Debug   Library Name

        62          0          0          0          0        164   m_ws.l
      5156        174         64          8          0       2164   mc_w.l
      1944          0          0          0          0       1928   mf_w.l

    ----------------------------------------------------------------------
      7174        174         67          8          0       4256   Library Totals

    ----------------------------------------------------------------------

==============================================================================


      Code (inc. data)   RO Data    RW Data    ZI Data      Debug   

     39528       3740        808       3752      18504    1626199   Grand Totals
     39528       3740        808        332      18504    1626199   ELF Image Totals (compressed)
     39528       3740        808        332          0          0   ROM Totals

==============================================================================

    Total RO  Size (Code + RO Data)                40336 (  39.39kB)
    Total RW  Size (RW Data + ZI Data)             22256 (  21.73kB)
    Total ROM Size (Code + RO Data + RW Data)      40668 (  39.71kB)

==============================================================================

