<!doctype html public "-//w3c//dtd html 4.0 transitional//en">
<html><head>
<title>Static Call Graph - [.\Objects\STM32.axf]</title></head>
<body><HR>
<H1>Static Call Graph for image .\Objects\STM32.axf</H1><HR>
<BR><P>#&#060CALLGRAPH&#062# ARM Linker, 5050106: Last Updated: Sun Oct 27 13:11:44 2024
<BR><P>
<H3>Maximum Stack Usage =        480 bytes + Unknown(Cycles, Untraceable Function Pointers)</H3><H3>
Call chain for Maximum Stack Depth:</H3>
DataFromIPC &rArr; Task_AnalysisData &rArr; __0sscanf &rArr; __vfscanf_char &rArr; __vfscanf &rArr; _scanf_real
<P>
<H3>
Mutually Recursive functions
</H3> <LI><a href="#[1c]">ADC1_2_IRQHandler</a>&nbsp;&nbsp;&nbsp;&rArr;&nbsp;&nbsp;&nbsp;<a href="#[1c]">ADC1_2_IRQHandler</a><BR>
</UL>
<P>
<H3>
Function Pointers
</H3><UL>
 <LI><a href="#[1c]">ADC1_2_IRQHandler</a> from startup_stm32f103xe.o(.text) referenced from startup_stm32f103xe.o(RESET)
 <LI><a href="#[39]">ADC3_IRQHandler</a> from startup_stm32f103xe.o(.text) referenced from startup_stm32f103xe.o(RESET)
 <LI><a href="#[54]">AUTO_MODE</a> from threadpool.o(i.AUTO_MODE) referenced from usercode.o(i.UserLogic_Code)
 <LI><a href="#[4]">BusFault_Handler</a> from drv_hal.o(i.BusFault_Handler) referenced from startup_stm32f103xe.o(RESET)
 <LI><a href="#[1f]">CAN1_RX1_IRQHandler</a> from startup_stm32f103xe.o(.text) referenced from startup_stm32f103xe.o(RESET)
 <LI><a href="#[20]">CAN1_SCE_IRQHandler</a> from startup_stm32f103xe.o(.text) referenced from startup_stm32f103xe.o(RESET)
 <LI><a href="#[15]">DMA1_Channel1_IRQHandler</a> from startup_stm32f103xe.o(.text) referenced from startup_stm32f103xe.o(RESET)
 <LI><a href="#[16]">DMA1_Channel2_IRQHandler</a> from startup_stm32f103xe.o(.text) referenced from startup_stm32f103xe.o(RESET)
 <LI><a href="#[17]">DMA1_Channel3_IRQHandler</a> from startup_stm32f103xe.o(.text) referenced from startup_stm32f103xe.o(RESET)
 <LI><a href="#[18]">DMA1_Channel4_IRQHandler</a> from startup_stm32f103xe.o(.text) referenced from startup_stm32f103xe.o(RESET)
 <LI><a href="#[19]">DMA1_Channel5_IRQHandler</a> from startup_stm32f103xe.o(.text) referenced from startup_stm32f103xe.o(RESET)
 <LI><a href="#[1a]">DMA1_Channel6_IRQHandler</a> from startup_stm32f103xe.o(.text) referenced from startup_stm32f103xe.o(RESET)
 <LI><a href="#[1b]">DMA1_Channel7_IRQHandler</a> from startup_stm32f103xe.o(.text) referenced from startup_stm32f103xe.o(RESET)
 <LI><a href="#[42]">DMA2_Channel1_IRQHandler</a> from startup_stm32f103xe.o(.text) referenced from startup_stm32f103xe.o(RESET)
 <LI><a href="#[43]">DMA2_Channel2_IRQHandler</a> from startup_stm32f103xe.o(.text) referenced from startup_stm32f103xe.o(RESET)
 <LI><a href="#[44]">DMA2_Channel3_IRQHandler</a> from startup_stm32f103xe.o(.text) referenced from startup_stm32f103xe.o(RESET)
 <LI><a href="#[45]">DMA2_Channel4_5_IRQHandler</a> from startup_stm32f103xe.o(.text) referenced from startup_stm32f103xe.o(RESET)
 <LI><a href="#[50]">DataFromIPC</a> from threadpool.o(i.DataFromIPC) referenced from usercode.o(i.UserLogic_Code)
 <LI><a href="#[7]">DebugMon_Handler</a> from drv_hal.o(i.DebugMon_Handler) referenced from startup_stm32f103xe.o(RESET)
 <LI><a href="#[56]">DepthControl</a> from threadpool.o(i.DepthControl) referenced from usercode.o(i.UserLogic_Code)
 <LI><a href="#[10]">EXTI0_IRQHandler</a> from startup_stm32f103xe.o(.text) referenced from startup_stm32f103xe.o(RESET)
 <LI><a href="#[32]">EXTI15_10_IRQHandler</a> from task_irq.o(i.EXTI15_10_IRQHandler) referenced from startup_stm32f103xe.o(RESET)
 <LI><a href="#[11]">EXTI1_IRQHandler</a> from startup_stm32f103xe.o(.text) referenced from startup_stm32f103xe.o(RESET)
 <LI><a href="#[12]">EXTI2_IRQHandler</a> from startup_stm32f103xe.o(.text) referenced from startup_stm32f103xe.o(RESET)
 <LI><a href="#[13]">EXTI3_IRQHandler</a> from startup_stm32f103xe.o(.text) referenced from startup_stm32f103xe.o(RESET)
 <LI><a href="#[14]">EXTI4_IRQHandler</a> from startup_stm32f103xe.o(.text) referenced from startup_stm32f103xe.o(RESET)
 <LI><a href="#[21]">EXTI9_5_IRQHandler</a> from task_irq.o(i.EXTI9_5_IRQHandler) referenced from startup_stm32f103xe.o(RESET)
 <LI><a href="#[e]">FLASH_IRQHandler</a> from startup_stm32f103xe.o(.text) referenced from startup_stm32f103xe.o(RESET)
 <LI><a href="#[3a]">FSMC_IRQHandler</a> from startup_stm32f103xe.o(.text) referenced from startup_stm32f103xe.o(RESET)
 <LI><a href="#[53]">HANDLE_MODE</a> from threadpool.o(i.HANDLE_MODE) referenced from usercode.o(i.UserLogic_Code)
 <LI><a href="#[2]">HardFault_Handler</a> from context_rvds.o(.text) referenced from startup_stm32f103xe.o(RESET)
 <LI><a href="#[2a]">I2C1_ER_IRQHandler</a> from startup_stm32f103xe.o(.text) referenced from startup_stm32f103xe.o(RESET)
 <LI><a href="#[29]">I2C1_EV_IRQHandler</a> from startup_stm32f103xe.o(.text) referenced from startup_stm32f103xe.o(RESET)
 <LI><a href="#[2c]">I2C2_ER_IRQHandler</a> from startup_stm32f103xe.o(.text) referenced from startup_stm32f103xe.o(RESET)
 <LI><a href="#[2b]">I2C2_EV_IRQHandler</a> from startup_stm32f103xe.o(.text) referenced from startup_stm32f103xe.o(RESET)
 <LI><a href="#[51]">JY901SReadThread</a> from threadpool.o(i.JY901SReadThread) referenced from usercode.o(i.UserLogic_Code)
 <LI><a href="#[52]">MS5837ReadThread</a> from threadpool.o(i.MS5837ReadThread) referenced from usercode.o(i.UserLogic_Code)
 <LI><a href="#[3]">MemManage_Handler</a> from drv_hal.o(i.MemManage_Handler) referenced from startup_stm32f103xe.o(RESET)
 <LI><a href="#[55]">MotionControl</a> from threadpool.o(i.MotionControl) referenced from usercode.o(i.UserLogic_Code)
 <LI><a href="#[1]">NMI_Handler</a> from drv_hal.o(i.NMI_Handler) referenced from startup_stm32f103xe.o(RESET)
 <LI><a href="#[b]">PVD_IRQHandler</a> from startup_stm32f103xe.o(.text) referenced from startup_stm32f103xe.o(RESET)
 <LI><a href="#[8]">PendSV_Handler</a> from context_rvds.o(.text) referenced from startup_stm32f103xe.o(RESET)
 <LI><a href="#[57]">PlusControl</a> from threadpool.o(i.PlusControl) referenced from usercode.o(i.UserLogic_Code)
 <LI><a href="#[f]">RCC_IRQHandler</a> from startup_stm32f103xe.o(.text) referenced from startup_stm32f103xe.o(RESET)
 <LI><a href="#[33]">RTC_Alarm_IRQHandler</a> from startup_stm32f103xe.o(.text) referenced from startup_stm32f103xe.o(RESET)
 <LI><a href="#[d]">RTC_IRQHandler</a> from startup_stm32f103xe.o(.text) referenced from startup_stm32f103xe.o(RESET)
 <LI><a href="#[58]">ReportPWMout</a> from threadpool.o(i.ReportPWMout) referenced from usercode.o(i.UserLogic_Code)
 <LI><a href="#[0]">Reset_Handler</a> from startup_stm32f103xe.o(.text) referenced from startup_stm32f103xe.o(RESET)
 <LI><a href="#[3b]">SDIO_IRQHandler</a> from startup_stm32f103xe.o(.text) referenced from startup_stm32f103xe.o(RESET)
 <LI><a href="#[2d]">SPI1_IRQHandler</a> from startup_stm32f103xe.o(.text) referenced from startup_stm32f103xe.o(RESET)
 <LI><a href="#[2e]">SPI2_IRQHandler</a> from startup_stm32f103xe.o(.text) referenced from startup_stm32f103xe.o(RESET)
 <LI><a href="#[3d]">SPI3_IRQHandler</a> from startup_stm32f103xe.o(.text) referenced from startup_stm32f103xe.o(RESET)
 <LI><a href="#[6]">SVC_Handler</a> from drv_hal.o(i.SVC_Handler) referenced from startup_stm32f103xe.o(RESET)
 <LI><a href="#[9]">SysTick_Handler</a> from board.o(i.SysTick_Handler) referenced from startup_stm32f103xe.o(RESET)
 <LI><a href="#[47]">SystemInit</a> from system_stm32f1xx.o(i.SystemInit) referenced from startup_stm32f103xe.o(.text)
 <LI><a href="#[c]">TAMPER_IRQHandler</a> from startup_stm32f103xe.o(.text) referenced from startup_stm32f103xe.o(RESET)
 <LI><a href="#[22]">TIM1_BRK_IRQHandler</a> from startup_stm32f103xe.o(.text) referenced from startup_stm32f103xe.o(RESET)
 <LI><a href="#[25]">TIM1_CC_IRQHandler</a> from startup_stm32f103xe.o(.text) referenced from startup_stm32f103xe.o(RESET)
 <LI><a href="#[24]">TIM1_TRG_COM_IRQHandler</a> from startup_stm32f103xe.o(.text) referenced from startup_stm32f103xe.o(RESET)
 <LI><a href="#[23]">TIM1_UP_IRQHandler</a> from startup_stm32f103xe.o(.text) referenced from startup_stm32f103xe.o(RESET)
 <LI><a href="#[26]">TIM2_IRQHandler</a> from task_irq.o(i.TIM2_IRQHandler) referenced from startup_stm32f103xe.o(RESET)
 <LI><a href="#[27]">TIM3_IRQHandler</a> from task_irq.o(i.TIM3_IRQHandler) referenced from startup_stm32f103xe.o(RESET)
 <LI><a href="#[28]">TIM4_IRQHandler</a> from task_irq.o(i.TIM4_IRQHandler) referenced from startup_stm32f103xe.o(RESET)
 <LI><a href="#[3c]">TIM5_IRQHandler</a> from task_irq.o(i.TIM5_IRQHandler) referenced from startup_stm32f103xe.o(RESET)
 <LI><a href="#[40]">TIM6_IRQHandler</a> from task_irq.o(i.TIM6_IRQHandler) referenced from startup_stm32f103xe.o(RESET)
 <LI><a href="#[41]">TIM7_IRQHandler</a> from task_irq.o(i.TIM7_IRQHandler) referenced from startup_stm32f103xe.o(RESET)
 <LI><a href="#[35]">TIM8_BRK_IRQHandler</a> from startup_stm32f103xe.o(.text) referenced from startup_stm32f103xe.o(RESET)
 <LI><a href="#[38]">TIM8_CC_IRQHandler</a> from startup_stm32f103xe.o(.text) referenced from startup_stm32f103xe.o(RESET)
 <LI><a href="#[37]">TIM8_TRG_COM_IRQHandler</a> from startup_stm32f103xe.o(.text) referenced from startup_stm32f103xe.o(RESET)
 <LI><a href="#[36]">TIM8_UP_IRQHandler</a> from startup_stm32f103xe.o(.text) referenced from startup_stm32f103xe.o(RESET)
 <LI><a href="#[59]">TestThread</a> from threadpool.o(i.TestThread) referenced from usercode.o(i.UserLogic_Code)
 <LI><a href="#[3e]">UART4_IRQHandler</a> from task_irq.o(i.UART4_IRQHandler) referenced from startup_stm32f103xe.o(RESET)
 <LI><a href="#[3f]">UART5_IRQHandler</a> from task_irq.o(i.UART5_IRQHandler) referenced from startup_stm32f103xe.o(RESET)
 <LI><a href="#[4f]">UART_DMAError</a> from stm32f1xx_hal_uart.o(i.UART_DMAError) referenced from stm32f1xx_hal_uart.o(i.HAL_UART_Receive_DMA)
 <LI><a href="#[4d]">UART_DMAReceiveCplt</a> from stm32f1xx_hal_uart.o(i.UART_DMAReceiveCplt) referenced from stm32f1xx_hal_uart.o(i.HAL_UART_Receive_DMA)
 <LI><a href="#[4e]">UART_DMARxHalfCplt</a> from stm32f1xx_hal_uart.o(i.UART_DMARxHalfCplt) referenced from stm32f1xx_hal_uart.o(i.HAL_UART_Receive_DMA)
 <LI><a href="#[2f]">USART1_IRQHandler</a> from task_irq.o(i.USART1_IRQHandler) referenced from startup_stm32f103xe.o(RESET)
 <LI><a href="#[30]">USART2_IRQHandler</a> from task_irq.o(i.USART2_IRQHandler) referenced from startup_stm32f103xe.o(RESET)
 <LI><a href="#[31]">USART3_IRQHandler</a> from task_irq.o(i.USART3_IRQHandler) referenced from startup_stm32f103xe.o(RESET)
 <LI><a href="#[34]">USBWakeUp_IRQHandler</a> from startup_stm32f103xe.o(.text) referenced from startup_stm32f103xe.o(RESET)
 <LI><a href="#[1d]">USB_HP_CAN1_TX_IRQHandler</a> from startup_stm32f103xe.o(.text) referenced from startup_stm32f103xe.o(RESET)
 <LI><a href="#[1e]">USB_LP_CAN1_RX0_IRQHandler</a> from startup_stm32f103xe.o(.text) referenced from startup_stm32f103xe.o(RESET)
 <LI><a href="#[5]">UsageFault_Handler</a> from drv_hal.o(i.UsageFault_Handler) referenced from startup_stm32f103xe.o(RESET)
 <LI><a href="#[a]">WWDG_IRQHandler</a> from startup_stm32f103xe.o(.text) referenced from startup_stm32f103xe.o(RESET)
 <LI><a href="#[48]">__main</a> from entry.o(.ARM.Collect$$$$00000000) referenced from startup_stm32f103xe.o(.text)
 <LI><a href="#[4a]">_sbackspace</a> from _sgetc.o(.text) referenced 2 times from __0sscanf.o(.text)
 <LI><a href="#[4b]">_scanf_char_input</a> from scanf_char.o(.text) referenced from scanf_char.o(.text)
 <LI><a href="#[49]">_sgetc</a> from _sgetc.o(.text) referenced 2 times from __0sscanf.o(.text)
 <LI><a href="#[5b]">fputc</a> from drv_hal.o(i.fputc) referenced from printfa.o(i.__0printf)
 <LI><a href="#[4c]">isspace</a> from isspace_c.o(.text) referenced 2 times from scanf_char.o(.text)
 <LI><a href="#[46]">main</a> from components.o(i.$Sub$$main) referenced from entry9a.o(.ARM.Collect$$$$0000000B)
 <LI><a href="#[5e]">main_thread_entry</a> from components.o(i.main_thread_entry) referenced from components.o(i.rt_application_init)
 <LI><a href="#[5c]">rt_thread_exit</a> from thread.o(i.rt_thread_exit) referenced from thread.o(i._rt_thread_init)
 <LI><a href="#[60]">rt_thread_idle_entry</a> from idle.o(i.rt_thread_idle_entry) referenced from idle.o(i.rt_thread_idle_init)
 <LI><a href="#[5d]">rt_thread_timeout</a> from thread.o(i.rt_thread_timeout) referenced from thread.o(i._rt_thread_init)
 <LI><a href="#[5f]">rt_thread_timer_entry</a> from timer.o(i.rt_thread_timer_entry) referenced from timer.o(i.rt_system_timer_thread_init)
 <LI><a href="#[64]">rti_board_end</a> from components.o(i.rti_board_end) referenced from components.o(.rti_fn.1.end)
 <LI><a href="#[62]">rti_board_start</a> from components.o(i.rti_board_start) referenced from components.o(.rti_fn.0.end)
 <LI><a href="#[65]">rti_end</a> from components.o(i.rti_end) referenced from components.o(.rti_fn.6.end)
 <LI><a href="#[61]">rti_start</a> from components.o(i.rti_start) referenced from components.o(.rti_fn.0)
 <LI><a href="#[63]">uart_init</a> from board.o(i.uart_init) referenced from board.o(.rti_fn.1)
 <LI><a href="#[5a]">watchdog_timer_callback</a> from usercode.o(i.watchdog_timer_callback) referenced from usercode.o(i.UserLogic_Code)
</UL>
<P>
<H3>
Global Symbols
</H3>
<P><STRONG><a name="[48]"></a>__main</STRONG> (Thumb, 0 bytes, Stack size unknown bytes, entry.o(.ARM.Collect$$$$00000000))
<BR>[Address Reference Count : 1]<UL><LI> startup_stm32f103xe.o(.text)
</UL>
<P><STRONG><a name="[194]"></a>_main_stk</STRONG> (Thumb, 0 bytes, Stack size unknown bytes, entry2.o(.ARM.Collect$$$$00000001))

<P><STRONG><a name="[66]"></a>_main_scatterload</STRONG> (Thumb, 0 bytes, Stack size unknown bytes, entry5.o(.ARM.Collect$$$$00000004))
<BR><BR>[Calls]<UL><LI><a href="#[67]">&gt;&gt;</a>&nbsp;&nbsp;&nbsp;__scatterload
</UL>

<P><STRONG><a name="[8a]"></a>__main_after_scatterload</STRONG> (Thumb, 0 bytes, Stack size unknown bytes, entry5.o(.ARM.Collect$$$$00000004))
<BR><BR>[Called By]<UL><LI><a href="#[67]">&gt;&gt;</a>&nbsp;&nbsp;&nbsp;__scatterload
</UL>

<P><STRONG><a name="[195]"></a>_main_clock</STRONG> (Thumb, 0 bytes, Stack size unknown bytes, entry7b.o(.ARM.Collect$$$$00000008))

<P><STRONG><a name="[196]"></a>_main_cpp_init</STRONG> (Thumb, 0 bytes, Stack size unknown bytes, entry8b.o(.ARM.Collect$$$$0000000A))

<P><STRONG><a name="[197]"></a>_main_init</STRONG> (Thumb, 0 bytes, Stack size unknown bytes, entry9a.o(.ARM.Collect$$$$0000000B))

<P><STRONG><a name="[198]"></a>__rt_final_cpp</STRONG> (Thumb, 0 bytes, Stack size unknown bytes, entry10a.o(.ARM.Collect$$$$0000000D))

<P><STRONG><a name="[199]"></a>__rt_final_exit</STRONG> (Thumb, 0 bytes, Stack size unknown bytes, entry11a.o(.ARM.Collect$$$$0000000F))

<P><STRONG><a name="[153]"></a>rt_hw_interrupt_disable</STRONG> (Thumb, 8 bytes, Stack size 0 bytes, context_rvds.o(.text))
<BR><BR>[Called By]<UL><LI><a href="#[13b]">&gt;&gt;</a>&nbsp;&nbsp;&nbsp;rt_sem_release
<LI><a href="#[128]">&gt;&gt;</a>&nbsp;&nbsp;&nbsp;rt_interrupt_leave
<LI><a href="#[126]">&gt;&gt;</a>&nbsp;&nbsp;&nbsp;rt_interrupt_enter
<LI><a href="#[107]">&gt;&gt;</a>&nbsp;&nbsp;&nbsp;rt_thread_yield
<LI><a href="#[93]">&gt;&gt;</a>&nbsp;&nbsp;&nbsp;rt_thread_suspend
<LI><a href="#[9a]">&gt;&gt;</a>&nbsp;&nbsp;&nbsp;rt_thread_resume
<LI><a href="#[a3]">&gt;&gt;</a>&nbsp;&nbsp;&nbsp;rt_sem_take
<LI><a href="#[94]">&gt;&gt;</a>&nbsp;&nbsp;&nbsp;rt_schedule
<LI><a href="#[95]">&gt;&gt;</a>&nbsp;&nbsp;&nbsp;rt_mq_recv
<LI><a href="#[9b]">&gt;&gt;</a>&nbsp;&nbsp;&nbsp;rt_exit_critical
<LI><a href="#[99]">&gt;&gt;</a>&nbsp;&nbsp;&nbsp;rt_enter_critical
<LI><a href="#[143]">&gt;&gt;</a>&nbsp;&nbsp;&nbsp;rt_timer_start
<LI><a href="#[16d]">&gt;&gt;</a>&nbsp;&nbsp;&nbsp;rt_timer_control
<LI><a href="#[176]">&gt;&gt;</a>&nbsp;&nbsp;&nbsp;rt_object_init
<LI><a href="#[175]">&gt;&gt;</a>&nbsp;&nbsp;&nbsp;rt_object_detach
<LI><a href="#[16a]">&gt;&gt;</a>&nbsp;&nbsp;&nbsp;rt_object_allocate
<LI><a href="#[170]">&gt;&gt;</a>&nbsp;&nbsp;&nbsp;rt_mq_send_wait
<LI><a href="#[16b]">&gt;&gt;</a>&nbsp;&nbsp;&nbsp;rt_object_delete
<LI><a href="#[18c]">&gt;&gt;</a>&nbsp;&nbsp;&nbsp;rt_thread_idle_excute
<LI><a href="#[91]">&gt;&gt;</a>&nbsp;&nbsp;&nbsp;rtthread_startup
<LI><a href="#[191]">&gt;&gt;</a>&nbsp;&nbsp;&nbsp;rt_timer_check
<LI><a href="#[17d]">&gt;&gt;</a>&nbsp;&nbsp;&nbsp;rt_soft_timer_check
<LI><a href="#[190]">&gt;&gt;</a>&nbsp;&nbsp;&nbsp;rt_timer_list_next_timeout
<LI><a href="#[18f]">&gt;&gt;</a>&nbsp;&nbsp;&nbsp;rt_timer_stop
<LI><a href="#[189]">&gt;&gt;</a>&nbsp;&nbsp;&nbsp;rt_timer_detach
<LI><a href="#[188]">&gt;&gt;</a>&nbsp;&nbsp;&nbsp;rt_thread_sleep
<LI><a href="#[5c]">&gt;&gt;</a>&nbsp;&nbsp;&nbsp;rt_thread_exit
<LI><a href="#[152]">&gt;&gt;</a>&nbsp;&nbsp;&nbsp;_thread_cleanup_execute
<LI><a href="#[17b]">&gt;&gt;</a>&nbsp;&nbsp;&nbsp;rt_schedule_remove_thread
<LI><a href="#[17a]">&gt;&gt;</a>&nbsp;&nbsp;&nbsp;rt_schedule_insert_thread
</UL>

<P><STRONG><a name="[154]"></a>rt_hw_interrupt_enable</STRONG> (Thumb, 6 bytes, Stack size 0 bytes, context_rvds.o(.text))
<BR><BR>[Called By]<UL><LI><a href="#[13b]">&gt;&gt;</a>&nbsp;&nbsp;&nbsp;rt_sem_release
<LI><a href="#[128]">&gt;&gt;</a>&nbsp;&nbsp;&nbsp;rt_interrupt_leave
<LI><a href="#[126]">&gt;&gt;</a>&nbsp;&nbsp;&nbsp;rt_interrupt_enter
<LI><a href="#[107]">&gt;&gt;</a>&nbsp;&nbsp;&nbsp;rt_thread_yield
<LI><a href="#[93]">&gt;&gt;</a>&nbsp;&nbsp;&nbsp;rt_thread_suspend
<LI><a href="#[9a]">&gt;&gt;</a>&nbsp;&nbsp;&nbsp;rt_thread_resume
<LI><a href="#[a3]">&gt;&gt;</a>&nbsp;&nbsp;&nbsp;rt_sem_take
<LI><a href="#[94]">&gt;&gt;</a>&nbsp;&nbsp;&nbsp;rt_schedule
<LI><a href="#[95]">&gt;&gt;</a>&nbsp;&nbsp;&nbsp;rt_mq_recv
<LI><a href="#[9b]">&gt;&gt;</a>&nbsp;&nbsp;&nbsp;rt_exit_critical
<LI><a href="#[99]">&gt;&gt;</a>&nbsp;&nbsp;&nbsp;rt_enter_critical
<LI><a href="#[143]">&gt;&gt;</a>&nbsp;&nbsp;&nbsp;rt_timer_start
<LI><a href="#[16d]">&gt;&gt;</a>&nbsp;&nbsp;&nbsp;rt_timer_control
<LI><a href="#[176]">&gt;&gt;</a>&nbsp;&nbsp;&nbsp;rt_object_init
<LI><a href="#[175]">&gt;&gt;</a>&nbsp;&nbsp;&nbsp;rt_object_detach
<LI><a href="#[16a]">&gt;&gt;</a>&nbsp;&nbsp;&nbsp;rt_object_allocate
<LI><a href="#[170]">&gt;&gt;</a>&nbsp;&nbsp;&nbsp;rt_mq_send_wait
<LI><a href="#[16b]">&gt;&gt;</a>&nbsp;&nbsp;&nbsp;rt_object_delete
<LI><a href="#[18c]">&gt;&gt;</a>&nbsp;&nbsp;&nbsp;rt_thread_idle_excute
<LI><a href="#[191]">&gt;&gt;</a>&nbsp;&nbsp;&nbsp;rt_timer_check
<LI><a href="#[17d]">&gt;&gt;</a>&nbsp;&nbsp;&nbsp;rt_soft_timer_check
<LI><a href="#[190]">&gt;&gt;</a>&nbsp;&nbsp;&nbsp;rt_timer_list_next_timeout
<LI><a href="#[18f]">&gt;&gt;</a>&nbsp;&nbsp;&nbsp;rt_timer_stop
<LI><a href="#[189]">&gt;&gt;</a>&nbsp;&nbsp;&nbsp;rt_timer_detach
<LI><a href="#[188]">&gt;&gt;</a>&nbsp;&nbsp;&nbsp;rt_thread_sleep
<LI><a href="#[5c]">&gt;&gt;</a>&nbsp;&nbsp;&nbsp;rt_thread_exit
<LI><a href="#[152]">&gt;&gt;</a>&nbsp;&nbsp;&nbsp;_thread_cleanup_execute
<LI><a href="#[17b]">&gt;&gt;</a>&nbsp;&nbsp;&nbsp;rt_schedule_remove_thread
<LI><a href="#[17a]">&gt;&gt;</a>&nbsp;&nbsp;&nbsp;rt_schedule_insert_thread
</UL>

<P><STRONG><a name="[178]"></a>rt_hw_context_switch</STRONG> (Thumb, 32 bytes, Stack size 0 bytes, context_rvds.o(.text))
<BR><BR>[Called By]<UL><LI><a href="#[94]">&gt;&gt;</a>&nbsp;&nbsp;&nbsp;rt_schedule
</UL>

<P><STRONG><a name="[179]"></a>rt_hw_context_switch_interrupt</STRONG> (Thumb, 0 bytes, Stack size 0 bytes, context_rvds.o(.text))
<BR><BR>[Called By]<UL><LI><a href="#[94]">&gt;&gt;</a>&nbsp;&nbsp;&nbsp;rt_schedule
</UL>

<P><STRONG><a name="[8]"></a>PendSV_Handler</STRONG> (Thumb, 60 bytes, Stack size 0 bytes, context_rvds.o(.text))
<BR>[Address Reference Count : 1]<UL><LI> startup_stm32f103xe.o(RESET)
</UL>
<P><STRONG><a name="[183]"></a>rt_hw_context_switch_to</STRONG> (Thumb, 56 bytes, Stack size 0 bytes, context_rvds.o(.text))
<BR><BR>[Called By]<UL><LI><a href="#[182]">&gt;&gt;</a>&nbsp;&nbsp;&nbsp;rt_system_scheduler_start
</UL>

<P><STRONG><a name="[19a]"></a>rt_hw_interrupt_thread_switch</STRONG> (Thumb, 2 bytes, Stack size 0 bytes, context_rvds.o(.text), UNUSED)

<P><STRONG><a name="[2]"></a>HardFault_Handler</STRONG> (Thumb, 52 bytes, Stack size 0 bytes, context_rvds.o(.text))
<BR><BR>[Stack]<UL><LI>Max Depth = 196<LI>Call Chain = HardFault_Handler &rArr; rt_hw_hard_fault_exception &rArr; rt_kprintf &rArr; rt_vsnprintf &rArr; print_number
</UL>
<BR>[Calls]<UL><LI><a href="#[68]">&gt;&gt;</a>&nbsp;&nbsp;&nbsp;rt_hw_hard_fault_exception
</UL>
<BR>[Address Reference Count : 1]<UL><LI> startup_stm32f103xe.o(RESET)
</UL>
<P><STRONG><a name="[0]"></a>Reset_Handler</STRONG> (Thumb, 8 bytes, Stack size 0 bytes, startup_stm32f103xe.o(.text))
<BR>[Address Reference Count : 1]<UL><LI> startup_stm32f103xe.o(RESET)
</UL>
<P><STRONG><a name="[1c]"></a>ADC1_2_IRQHandler</STRONG> (Thumb, 0 bytes, Stack size 0 bytes, startup_stm32f103xe.o(.text))
<BR><BR>[Calls]<UL><LI><a href="#[1c]">&gt;&gt;</a>&nbsp;&nbsp;&nbsp;ADC1_2_IRQHandler
</UL>
<BR>[Called By]<UL><LI><a href="#[1c]">&gt;&gt;</a>&nbsp;&nbsp;&nbsp;ADC1_2_IRQHandler
</UL>
<BR>[Address Reference Count : 1]<UL><LI> startup_stm32f103xe.o(RESET)
</UL>
<P><STRONG><a name="[39]"></a>ADC3_IRQHandler</STRONG> (Thumb, 0 bytes, Stack size 0 bytes, startup_stm32f103xe.o(.text))
<BR>[Address Reference Count : 1]<UL><LI> startup_stm32f103xe.o(RESET)
</UL>
<P><STRONG><a name="[1f]"></a>CAN1_RX1_IRQHandler</STRONG> (Thumb, 0 bytes, Stack size 0 bytes, startup_stm32f103xe.o(.text))
<BR>[Address Reference Count : 1]<UL><LI> startup_stm32f103xe.o(RESET)
</UL>
<P><STRONG><a name="[20]"></a>CAN1_SCE_IRQHandler</STRONG> (Thumb, 0 bytes, Stack size 0 bytes, startup_stm32f103xe.o(.text))
<BR>[Address Reference Count : 1]<UL><LI> startup_stm32f103xe.o(RESET)
</UL>
<P><STRONG><a name="[15]"></a>DMA1_Channel1_IRQHandler</STRONG> (Thumb, 0 bytes, Stack size 0 bytes, startup_stm32f103xe.o(.text))
<BR>[Address Reference Count : 1]<UL><LI> startup_stm32f103xe.o(RESET)
</UL>
<P><STRONG><a name="[16]"></a>DMA1_Channel2_IRQHandler</STRONG> (Thumb, 0 bytes, Stack size 0 bytes, startup_stm32f103xe.o(.text))
<BR>[Address Reference Count : 1]<UL><LI> startup_stm32f103xe.o(RESET)
</UL>
<P><STRONG><a name="[17]"></a>DMA1_Channel3_IRQHandler</STRONG> (Thumb, 0 bytes, Stack size 0 bytes, startup_stm32f103xe.o(.text))
<BR>[Address Reference Count : 1]<UL><LI> startup_stm32f103xe.o(RESET)
</UL>
<P><STRONG><a name="[18]"></a>DMA1_Channel4_IRQHandler</STRONG> (Thumb, 0 bytes, Stack size 0 bytes, startup_stm32f103xe.o(.text))
<BR>[Address Reference Count : 1]<UL><LI> startup_stm32f103xe.o(RESET)
</UL>
<P><STRONG><a name="[19]"></a>DMA1_Channel5_IRQHandler</STRONG> (Thumb, 0 bytes, Stack size 0 bytes, startup_stm32f103xe.o(.text))
<BR>[Address Reference Count : 1]<UL><LI> startup_stm32f103xe.o(RESET)
</UL>
<P><STRONG><a name="[1a]"></a>DMA1_Channel6_IRQHandler</STRONG> (Thumb, 0 bytes, Stack size 0 bytes, startup_stm32f103xe.o(.text))
<BR>[Address Reference Count : 1]<UL><LI> startup_stm32f103xe.o(RESET)
</UL>
<P><STRONG><a name="[1b]"></a>DMA1_Channel7_IRQHandler</STRONG> (Thumb, 0 bytes, Stack size 0 bytes, startup_stm32f103xe.o(.text))
<BR>[Address Reference Count : 1]<UL><LI> startup_stm32f103xe.o(RESET)
</UL>
<P><STRONG><a name="[42]"></a>DMA2_Channel1_IRQHandler</STRONG> (Thumb, 0 bytes, Stack size 0 bytes, startup_stm32f103xe.o(.text))
<BR>[Address Reference Count : 1]<UL><LI> startup_stm32f103xe.o(RESET)
</UL>
<P><STRONG><a name="[43]"></a>DMA2_Channel2_IRQHandler</STRONG> (Thumb, 0 bytes, Stack size 0 bytes, startup_stm32f103xe.o(.text))
<BR>[Address Reference Count : 1]<UL><LI> startup_stm32f103xe.o(RESET)
</UL>
<P><STRONG><a name="[44]"></a>DMA2_Channel3_IRQHandler</STRONG> (Thumb, 0 bytes, Stack size 0 bytes, startup_stm32f103xe.o(.text))
<BR>[Address Reference Count : 1]<UL><LI> startup_stm32f103xe.o(RESET)
</UL>
<P><STRONG><a name="[45]"></a>DMA2_Channel4_5_IRQHandler</STRONG> (Thumb, 0 bytes, Stack size 0 bytes, startup_stm32f103xe.o(.text))
<BR>[Address Reference Count : 1]<UL><LI> startup_stm32f103xe.o(RESET)
</UL>
<P><STRONG><a name="[10]"></a>EXTI0_IRQHandler</STRONG> (Thumb, 0 bytes, Stack size 0 bytes, startup_stm32f103xe.o(.text))
<BR>[Address Reference Count : 1]<UL><LI> startup_stm32f103xe.o(RESET)
</UL>
<P><STRONG><a name="[11]"></a>EXTI1_IRQHandler</STRONG> (Thumb, 0 bytes, Stack size 0 bytes, startup_stm32f103xe.o(.text))
<BR>[Address Reference Count : 1]<UL><LI> startup_stm32f103xe.o(RESET)
</UL>
<P><STRONG><a name="[12]"></a>EXTI2_IRQHandler</STRONG> (Thumb, 0 bytes, Stack size 0 bytes, startup_stm32f103xe.o(.text))
<BR>[Address Reference Count : 1]<UL><LI> startup_stm32f103xe.o(RESET)
</UL>
<P><STRONG><a name="[13]"></a>EXTI3_IRQHandler</STRONG> (Thumb, 0 bytes, Stack size 0 bytes, startup_stm32f103xe.o(.text))
<BR>[Address Reference Count : 1]<UL><LI> startup_stm32f103xe.o(RESET)
</UL>
<P><STRONG><a name="[14]"></a>EXTI4_IRQHandler</STRONG> (Thumb, 0 bytes, Stack size 0 bytes, startup_stm32f103xe.o(.text))
<BR>[Address Reference Count : 1]<UL><LI> startup_stm32f103xe.o(RESET)
</UL>
<P><STRONG><a name="[e]"></a>FLASH_IRQHandler</STRONG> (Thumb, 0 bytes, Stack size 0 bytes, startup_stm32f103xe.o(.text))
<BR>[Address Reference Count : 1]<UL><LI> startup_stm32f103xe.o(RESET)
</UL>
<P><STRONG><a name="[3a]"></a>FSMC_IRQHandler</STRONG> (Thumb, 0 bytes, Stack size 0 bytes, startup_stm32f103xe.o(.text))
<BR>[Address Reference Count : 1]<UL><LI> startup_stm32f103xe.o(RESET)
</UL>
<P><STRONG><a name="[2a]"></a>I2C1_ER_IRQHandler</STRONG> (Thumb, 0 bytes, Stack size 0 bytes, startup_stm32f103xe.o(.text))
<BR>[Address Reference Count : 1]<UL><LI> startup_stm32f103xe.o(RESET)
</UL>
<P><STRONG><a name="[29]"></a>I2C1_EV_IRQHandler</STRONG> (Thumb, 0 bytes, Stack size 0 bytes, startup_stm32f103xe.o(.text))
<BR>[Address Reference Count : 1]<UL><LI> startup_stm32f103xe.o(RESET)
</UL>
<P><STRONG><a name="[2c]"></a>I2C2_ER_IRQHandler</STRONG> (Thumb, 0 bytes, Stack size 0 bytes, startup_stm32f103xe.o(.text))
<BR>[Address Reference Count : 1]<UL><LI> startup_stm32f103xe.o(RESET)
</UL>
<P><STRONG><a name="[2b]"></a>I2C2_EV_IRQHandler</STRONG> (Thumb, 0 bytes, Stack size 0 bytes, startup_stm32f103xe.o(.text))
<BR>[Address Reference Count : 1]<UL><LI> startup_stm32f103xe.o(RESET)
</UL>
<P><STRONG><a name="[b]"></a>PVD_IRQHandler</STRONG> (Thumb, 0 bytes, Stack size 0 bytes, startup_stm32f103xe.o(.text))
<BR>[Address Reference Count : 1]<UL><LI> startup_stm32f103xe.o(RESET)
</UL>
<P><STRONG><a name="[f]"></a>RCC_IRQHandler</STRONG> (Thumb, 0 bytes, Stack size 0 bytes, startup_stm32f103xe.o(.text))
<BR>[Address Reference Count : 1]<UL><LI> startup_stm32f103xe.o(RESET)
</UL>
<P><STRONG><a name="[33]"></a>RTC_Alarm_IRQHandler</STRONG> (Thumb, 0 bytes, Stack size 0 bytes, startup_stm32f103xe.o(.text))
<BR>[Address Reference Count : 1]<UL><LI> startup_stm32f103xe.o(RESET)
</UL>
<P><STRONG><a name="[d]"></a>RTC_IRQHandler</STRONG> (Thumb, 0 bytes, Stack size 0 bytes, startup_stm32f103xe.o(.text))
<BR>[Address Reference Count : 1]<UL><LI> startup_stm32f103xe.o(RESET)
</UL>
<P><STRONG><a name="[3b]"></a>SDIO_IRQHandler</STRONG> (Thumb, 0 bytes, Stack size 0 bytes, startup_stm32f103xe.o(.text))
<BR>[Address Reference Count : 1]<UL><LI> startup_stm32f103xe.o(RESET)
</UL>
<P><STRONG><a name="[2d]"></a>SPI1_IRQHandler</STRONG> (Thumb, 0 bytes, Stack size 0 bytes, startup_stm32f103xe.o(.text))
<BR>[Address Reference Count : 1]<UL><LI> startup_stm32f103xe.o(RESET)
</UL>
<P><STRONG><a name="[2e]"></a>SPI2_IRQHandler</STRONG> (Thumb, 0 bytes, Stack size 0 bytes, startup_stm32f103xe.o(.text))
<BR>[Address Reference Count : 1]<UL><LI> startup_stm32f103xe.o(RESET)
</UL>
<P><STRONG><a name="[3d]"></a>SPI3_IRQHandler</STRONG> (Thumb, 0 bytes, Stack size 0 bytes, startup_stm32f103xe.o(.text))
<BR>[Address Reference Count : 1]<UL><LI> startup_stm32f103xe.o(RESET)
</UL>
<P><STRONG><a name="[c]"></a>TAMPER_IRQHandler</STRONG> (Thumb, 0 bytes, Stack size 0 bytes, startup_stm32f103xe.o(.text))
<BR>[Address Reference Count : 1]<UL><LI> startup_stm32f103xe.o(RESET)
</UL>
<P><STRONG><a name="[22]"></a>TIM1_BRK_IRQHandler</STRONG> (Thumb, 0 bytes, Stack size 0 bytes, startup_stm32f103xe.o(.text))
<BR>[Address Reference Count : 1]<UL><LI> startup_stm32f103xe.o(RESET)
</UL>
<P><STRONG><a name="[25]"></a>TIM1_CC_IRQHandler</STRONG> (Thumb, 0 bytes, Stack size 0 bytes, startup_stm32f103xe.o(.text))
<BR>[Address Reference Count : 1]<UL><LI> startup_stm32f103xe.o(RESET)
</UL>
<P><STRONG><a name="[24]"></a>TIM1_TRG_COM_IRQHandler</STRONG> (Thumb, 0 bytes, Stack size 0 bytes, startup_stm32f103xe.o(.text))
<BR>[Address Reference Count : 1]<UL><LI> startup_stm32f103xe.o(RESET)
</UL>
<P><STRONG><a name="[23]"></a>TIM1_UP_IRQHandler</STRONG> (Thumb, 0 bytes, Stack size 0 bytes, startup_stm32f103xe.o(.text))
<BR>[Address Reference Count : 1]<UL><LI> startup_stm32f103xe.o(RESET)
</UL>
<P><STRONG><a name="[35]"></a>TIM8_BRK_IRQHandler</STRONG> (Thumb, 0 bytes, Stack size 0 bytes, startup_stm32f103xe.o(.text))
<BR>[Address Reference Count : 1]<UL><LI> startup_stm32f103xe.o(RESET)
</UL>
<P><STRONG><a name="[38]"></a>TIM8_CC_IRQHandler</STRONG> (Thumb, 0 bytes, Stack size 0 bytes, startup_stm32f103xe.o(.text))
<BR>[Address Reference Count : 1]<UL><LI> startup_stm32f103xe.o(RESET)
</UL>
<P><STRONG><a name="[37]"></a>TIM8_TRG_COM_IRQHandler</STRONG> (Thumb, 0 bytes, Stack size 0 bytes, startup_stm32f103xe.o(.text))
<BR>[Address Reference Count : 1]<UL><LI> startup_stm32f103xe.o(RESET)
</UL>
<P><STRONG><a name="[36]"></a>TIM8_UP_IRQHandler</STRONG> (Thumb, 0 bytes, Stack size 0 bytes, startup_stm32f103xe.o(.text))
<BR>[Address Reference Count : 1]<UL><LI> startup_stm32f103xe.o(RESET)
</UL>
<P><STRONG><a name="[34]"></a>USBWakeUp_IRQHandler</STRONG> (Thumb, 0 bytes, Stack size 0 bytes, startup_stm32f103xe.o(.text))
<BR>[Address Reference Count : 1]<UL><LI> startup_stm32f103xe.o(RESET)
</UL>
<P><STRONG><a name="[1d]"></a>USB_HP_CAN1_TX_IRQHandler</STRONG> (Thumb, 0 bytes, Stack size 0 bytes, startup_stm32f103xe.o(.text))
<BR>[Address Reference Count : 1]<UL><LI> startup_stm32f103xe.o(RESET)
</UL>
<P><STRONG><a name="[1e]"></a>USB_LP_CAN1_RX0_IRQHandler</STRONG> (Thumb, 0 bytes, Stack size 0 bytes, startup_stm32f103xe.o(.text))
<BR>[Address Reference Count : 1]<UL><LI> startup_stm32f103xe.o(RESET)
</UL>
<P><STRONG><a name="[a]"></a>WWDG_IRQHandler</STRONG> (Thumb, 0 bytes, Stack size 0 bytes, startup_stm32f103xe.o(.text))
<BR>[Address Reference Count : 1]<UL><LI> startup_stm32f103xe.o(RESET)
</UL>
<P><STRONG><a name="[69]"></a>__aeabi_ldivmod</STRONG> (Thumb, 98 bytes, Stack size 24 bytes, ldiv.o(.text))
<BR><BR>[Stack]<UL><LI>Max Depth = 64<LI>Call Chain = __aeabi_ldivmod &rArr; __aeabi_uldivmod
</UL>
<BR>[Calls]<UL><LI><a href="#[6a]">&gt;&gt;</a>&nbsp;&nbsp;&nbsp;__aeabi_uldivmod
</UL>
<BR>[Called By]<UL><LI><a href="#[108]">&gt;&gt;</a>&nbsp;&nbsp;&nbsp;OCD_MS5837_GetData
</UL>

<P><STRONG><a name="[83]"></a>__aeabi_llsr</STRONG> (Thumb, 32 bytes, Stack size 0 bytes, llushr.o(.text))
<BR><BR>[Called By]<UL><LI><a href="#[82]">&gt;&gt;</a>&nbsp;&nbsp;&nbsp;__aeabi_d2uiz
<LI><a href="#[6a]">&gt;&gt;</a>&nbsp;&nbsp;&nbsp;__aeabi_uldivmod
<LI><a href="#[79]">&gt;&gt;</a>&nbsp;&nbsp;&nbsp;_double_epilogue
<LI><a href="#[89]">&gt;&gt;</a>&nbsp;&nbsp;&nbsp;__aeabi_d2ulz
</UL>

<P><STRONG><a name="[19b]"></a>_ll_ushift_r</STRONG> (Thumb, 0 bytes, Stack size 0 bytes, llushr.o(.text), UNUSED)

<P><STRONG><a name="[dd]"></a>__aeabi_memcpy</STRONG> (Thumb, 36 bytes, Stack size 0 bytes, memcpya.o(.text))
<BR><BR>[Called By]<UL><LI><a href="#[a4]">&gt;&gt;</a>&nbsp;&nbsp;&nbsp;Drv_Uart_Receive_DMA
</UL>

<P><STRONG><a name="[129]"></a>__aeabi_memcpy4</STRONG> (Thumb, 0 bytes, Stack size 0 bytes, memcpya.o(.text))
<BR><BR>[Called By]<UL><LI><a href="#[a5]">&gt;&gt;</a>&nbsp;&nbsp;&nbsp;Task_AnalysisData
</UL>

<P><STRONG><a name="[19c]"></a>__aeabi_memcpy8</STRONG> (Thumb, 0 bytes, Stack size 0 bytes, memcpya.o(.text), UNUSED)

<P><STRONG><a name="[6c]"></a>__aeabi_memset</STRONG> (Thumb, 14 bytes, Stack size 0 bytes, memseta.o(.text))
<BR><BR>[Called By]<UL><LI><a href="#[6d]">&gt;&gt;</a>&nbsp;&nbsp;&nbsp;_memset$wrapper
<LI><a href="#[6b]">&gt;&gt;</a>&nbsp;&nbsp;&nbsp;__aeabi_memclr
</UL>

<P><STRONG><a name="[19d]"></a>__aeabi_memset4</STRONG> (Thumb, 0 bytes, Stack size 0 bytes, memseta.o(.text), UNUSED)

<P><STRONG><a name="[19e]"></a>__aeabi_memset8</STRONG> (Thumb, 0 bytes, Stack size 0 bytes, memseta.o(.text), UNUSED)

<P><STRONG><a name="[6b]"></a>__aeabi_memclr</STRONG> (Thumb, 4 bytes, Stack size 0 bytes, memseta.o(.text))
<BR><BR>[Calls]<UL><LI><a href="#[6c]">&gt;&gt;</a>&nbsp;&nbsp;&nbsp;__aeabi_memset
</UL>
<BR>[Called By]<UL><LI><a href="#[a4]">&gt;&gt;</a>&nbsp;&nbsp;&nbsp;Drv_Uart_Receive_DMA
</UL>

<P><STRONG><a name="[11d]"></a>__aeabi_memclr4</STRONG> (Thumb, 0 bytes, Stack size 0 bytes, memseta.o(.text))
<BR><BR>[Called By]<UL><LI><a href="#[b3]">&gt;&gt;</a>&nbsp;&nbsp;&nbsp;S_HAL_CLKConfig
</UL>

<P><STRONG><a name="[19f]"></a>__aeabi_memclr8</STRONG> (Thumb, 0 bytes, Stack size 0 bytes, memseta.o(.text), UNUSED)

<P><STRONG><a name="[6d]"></a>_memset$wrapper</STRONG> (Thumb, 18 bytes, Stack size 8 bytes, memseta.o(.text), UNUSED)
<BR><BR>[Calls]<UL><LI><a href="#[6c]">&gt;&gt;</a>&nbsp;&nbsp;&nbsp;__aeabi_memset
</UL>

<P><STRONG><a name="[6e]"></a>__0sscanf</STRONG> (Thumb, 48 bytes, Stack size 72 bytes, __0sscanf.o(.text))
<BR><BR>[Stack]<UL><LI>Max Depth = 264<LI>Call Chain = __0sscanf &rArr; __vfscanf_char &rArr; __vfscanf &rArr; _scanf_real
</UL>
<BR>[Calls]<UL><LI><a href="#[6f]">&gt;&gt;</a>&nbsp;&nbsp;&nbsp;__vfscanf_char
</UL>
<BR>[Called By]<UL><LI><a href="#[a5]">&gt;&gt;</a>&nbsp;&nbsp;&nbsp;Task_AnalysisData
</UL>

<P><STRONG><a name="[8c]"></a>_scanf_string</STRONG> (Thumb, 224 bytes, Stack size 56 bytes, _scanf_str.o(.text))
<BR><BR>[Stack]<UL><LI>Max Depth = 56<LI>Call Chain = _scanf_string
</UL>
<BR>[Called By]<UL><LI><a href="#[85]">&gt;&gt;</a>&nbsp;&nbsp;&nbsp;__vfscanf
</UL>

<P><STRONG><a name="[70]"></a>__aeabi_fadd</STRONG> (Thumb, 164 bytes, Stack size 16 bytes, fadd.o(.text))
<BR><BR>[Stack]<UL><LI>Max Depth = 20<LI>Call Chain = __aeabi_fadd &rArr; _float_epilogue
</UL>
<BR>[Calls]<UL><LI><a href="#[72]">&gt;&gt;</a>&nbsp;&nbsp;&nbsp;_float_round
<LI><a href="#[71]">&gt;&gt;</a>&nbsp;&nbsp;&nbsp;_float_epilogue
</UL>
<BR>[Called By]<UL><LI><a href="#[a8]">&gt;&gt;</a>&nbsp;&nbsp;&nbsp;task_DepthControl_Process
<LI><a href="#[73]">&gt;&gt;</a>&nbsp;&nbsp;&nbsp;__aeabi_fsub
<LI><a href="#[9c]">&gt;&gt;</a>&nbsp;&nbsp;&nbsp;Task_AutoMode_Process
<LI><a href="#[74]">&gt;&gt;</a>&nbsp;&nbsp;&nbsp;__aeabi_frsub
<LI><a href="#[9e]">&gt;&gt;</a>&nbsp;&nbsp;&nbsp;Algo_PID_Calculate
</UL>

<P><STRONG><a name="[73]"></a>__aeabi_fsub</STRONG> (Thumb, 6 bytes, Stack size 0 bytes, fadd.o(.text))
<BR><BR>[Stack]<UL><LI>Max Depth = 20<LI>Call Chain = __aeabi_fsub &rArr; __aeabi_fadd &rArr; _float_epilogue
</UL>
<BR>[Calls]<UL><LI><a href="#[70]">&gt;&gt;</a>&nbsp;&nbsp;&nbsp;__aeabi_fadd
</UL>
<BR>[Called By]<UL><LI><a href="#[9c]">&gt;&gt;</a>&nbsp;&nbsp;&nbsp;Task_AutoMode_Process
<LI><a href="#[108]">&gt;&gt;</a>&nbsp;&nbsp;&nbsp;OCD_MS5837_GetData
<LI><a href="#[9e]">&gt;&gt;</a>&nbsp;&nbsp;&nbsp;Algo_PID_Calculate
</UL>

<P><STRONG><a name="[74]"></a>__aeabi_frsub</STRONG> (Thumb, 6 bytes, Stack size 0 bytes, fadd.o(.text))
<BR><BR>[Stack]<UL><LI>Max Depth = 20<LI>Call Chain = __aeabi_frsub &rArr; __aeabi_fadd &rArr; _float_epilogue
</UL>
<BR>[Calls]<UL><LI><a href="#[70]">&gt;&gt;</a>&nbsp;&nbsp;&nbsp;__aeabi_fadd
</UL>
<BR>[Called By]<UL><LI><a href="#[132]">&gt;&gt;</a>&nbsp;&nbsp;&nbsp;Thruster_nagative_data_handle
<LI><a href="#[9e]">&gt;&gt;</a>&nbsp;&nbsp;&nbsp;Algo_PID_Calculate
</UL>

<P><STRONG><a name="[9f]"></a>__aeabi_fmul</STRONG> (Thumb, 100 bytes, Stack size 8 bytes, fmul.o(.text))
<BR><BR>[Stack]<UL><LI>Max Depth = 8<LI>Call Chain = __aeabi_fmul
</UL>
<BR>[Called By]<UL><LI><a href="#[9c]">&gt;&gt;</a>&nbsp;&nbsp;&nbsp;Task_AutoMode_Process
<LI><a href="#[106]">&gt;&gt;</a>&nbsp;&nbsp;&nbsp;OCD_JY901_DataConversion
<LI><a href="#[132]">&gt;&gt;</a>&nbsp;&nbsp;&nbsp;Thruster_nagative_data_handle
<LI><a href="#[9e]">&gt;&gt;</a>&nbsp;&nbsp;&nbsp;Algo_PID_Calculate
<LI><a href="#[ce]">&gt;&gt;</a>&nbsp;&nbsp;&nbsp;S_PWM_PramConfig
</UL>

<P><STRONG><a name="[75]"></a>__aeabi_fdiv</STRONG> (Thumb, 124 bytes, Stack size 8 bytes, fdiv.o(.text))
<BR><BR>[Stack]<UL><LI>Max Depth = 8<LI>Call Chain = __aeabi_fdiv
</UL>
<BR>[Calls]<UL><LI><a href="#[72]">&gt;&gt;</a>&nbsp;&nbsp;&nbsp;_float_round
</UL>
<BR>[Called By]<UL><LI><a href="#[9c]">&gt;&gt;</a>&nbsp;&nbsp;&nbsp;Task_AutoMode_Process
<LI><a href="#[108]">&gt;&gt;</a>&nbsp;&nbsp;&nbsp;OCD_MS5837_GetData
<LI><a href="#[106]">&gt;&gt;</a>&nbsp;&nbsp;&nbsp;OCD_JY901_DataConversion
<LI><a href="#[ce]">&gt;&gt;</a>&nbsp;&nbsp;&nbsp;S_PWM_PramConfig
</UL>

<P><STRONG><a name="[76]"></a>__aeabi_dadd</STRONG> (Thumb, 322 bytes, Stack size 48 bytes, dadd.o(.text))
<BR><BR>[Stack]<UL><LI>Max Depth = 88<LI>Call Chain = __aeabi_dadd &rArr; _double_epilogue &rArr; _double_round
</UL>
<BR>[Calls]<UL><LI><a href="#[78]">&gt;&gt;</a>&nbsp;&nbsp;&nbsp;__aeabi_lasr
<LI><a href="#[77]">&gt;&gt;</a>&nbsp;&nbsp;&nbsp;__aeabi_llsl
<LI><a href="#[7a]">&gt;&gt;</a>&nbsp;&nbsp;&nbsp;_double_round
<LI><a href="#[79]">&gt;&gt;</a>&nbsp;&nbsp;&nbsp;_double_epilogue
</UL>
<BR>[Called By]<UL><LI><a href="#[9c]">&gt;&gt;</a>&nbsp;&nbsp;&nbsp;Task_AutoMode_Process
<LI><a href="#[7c]">&gt;&gt;</a>&nbsp;&nbsp;&nbsp;__aeabi_drsub
<LI><a href="#[7b]">&gt;&gt;</a>&nbsp;&nbsp;&nbsp;__aeabi_dsub
<LI><a href="#[146]">&gt;&gt;</a>&nbsp;&nbsp;&nbsp;_fp_digits
</UL>

<P><STRONG><a name="[7b]"></a>__aeabi_dsub</STRONG> (Thumb, 6 bytes, Stack size 0 bytes, dadd.o(.text), UNUSED)
<BR><BR>[Calls]<UL><LI><a href="#[76]">&gt;&gt;</a>&nbsp;&nbsp;&nbsp;__aeabi_dadd
</UL>

<P><STRONG><a name="[7c]"></a>__aeabi_drsub</STRONG> (Thumb, 6 bytes, Stack size 0 bytes, dadd.o(.text))
<BR><BR>[Stack]<UL><LI>Max Depth = 88<LI>Call Chain = __aeabi_drsub &rArr; __aeabi_dadd &rArr; _double_epilogue &rArr; _double_round
</UL>
<BR>[Calls]<UL><LI><a href="#[76]">&gt;&gt;</a>&nbsp;&nbsp;&nbsp;__aeabi_dadd
</UL>
<BR>[Called By]<UL><LI><a href="#[9c]">&gt;&gt;</a>&nbsp;&nbsp;&nbsp;Task_AutoMode_Process
</UL>

<P><STRONG><a name="[7d]"></a>__aeabi_dmul</STRONG> (Thumb, 228 bytes, Stack size 48 bytes, dmul.o(.text))
<BR><BR>[Stack]<UL><LI>Max Depth = 88<LI>Call Chain = __aeabi_dmul &rArr; _double_epilogue &rArr; _double_round
</UL>
<BR>[Calls]<UL><LI><a href="#[79]">&gt;&gt;</a>&nbsp;&nbsp;&nbsp;_double_epilogue
</UL>
<BR>[Called By]<UL><LI><a href="#[9c]">&gt;&gt;</a>&nbsp;&nbsp;&nbsp;Task_AutoMode_Process
<LI><a href="#[108]">&gt;&gt;</a>&nbsp;&nbsp;&nbsp;OCD_MS5837_GetData
<LI><a href="#[8d]">&gt;&gt;</a>&nbsp;&nbsp;&nbsp;_fp_value
<LI><a href="#[146]">&gt;&gt;</a>&nbsp;&nbsp;&nbsp;_fp_digits
</UL>

<P><STRONG><a name="[7e]"></a>__aeabi_ddiv</STRONG> (Thumb, 222 bytes, Stack size 32 bytes, ddiv.o(.text))
<BR><BR>[Stack]<UL><LI>Max Depth = 40<LI>Call Chain = __aeabi_ddiv &rArr; _double_round
</UL>
<BR>[Calls]<UL><LI><a href="#[7a]">&gt;&gt;</a>&nbsp;&nbsp;&nbsp;_double_round
</UL>
<BR>[Called By]<UL><LI><a href="#[9c]">&gt;&gt;</a>&nbsp;&nbsp;&nbsp;Task_AutoMode_Process
<LI><a href="#[108]">&gt;&gt;</a>&nbsp;&nbsp;&nbsp;OCD_MS5837_GetData
<LI><a href="#[c8]">&gt;&gt;</a>&nbsp;&nbsp;&nbsp;S_IWDG_Config
<LI><a href="#[8d]">&gt;&gt;</a>&nbsp;&nbsp;&nbsp;_fp_value
<LI><a href="#[146]">&gt;&gt;</a>&nbsp;&nbsp;&nbsp;_fp_digits
</UL>

<P><STRONG><a name="[7f]"></a>__aeabi_i2f</STRONG> (Thumb, 18 bytes, Stack size 0 bytes, fflti.o(.text))
<BR><BR>[Stack]<UL><LI>Max Depth = 4<LI>Call Chain = __aeabi_i2f &rArr; _float_epilogue
</UL>
<BR>[Calls]<UL><LI><a href="#[71]">&gt;&gt;</a>&nbsp;&nbsp;&nbsp;_float_epilogue
</UL>
<BR>[Called By]<UL><LI><a href="#[a8]">&gt;&gt;</a>&nbsp;&nbsp;&nbsp;task_DepthControl_Process
<LI><a href="#[108]">&gt;&gt;</a>&nbsp;&nbsp;&nbsp;OCD_MS5837_GetData
<LI><a href="#[106]">&gt;&gt;</a>&nbsp;&nbsp;&nbsp;OCD_JY901_DataConversion
<LI><a href="#[132]">&gt;&gt;</a>&nbsp;&nbsp;&nbsp;Thruster_nagative_data_handle
<LI><a href="#[9e]">&gt;&gt;</a>&nbsp;&nbsp;&nbsp;Algo_PID_Calculate
</UL>

<P><STRONG><a name="[80]"></a>__aeabi_ui2f</STRONG> (Thumb, 10 bytes, Stack size 0 bytes, ffltui.o(.text))
<BR><BR>[Stack]<UL><LI>Max Depth = 4<LI>Call Chain = __aeabi_ui2f &rArr; _float_epilogue
</UL>
<BR>[Calls]<UL><LI><a href="#[71]">&gt;&gt;</a>&nbsp;&nbsp;&nbsp;_float_epilogue
</UL>
<BR>[Called By]<UL><LI><a href="#[ce]">&gt;&gt;</a>&nbsp;&nbsp;&nbsp;S_PWM_PramConfig
<LI><a href="#[c8]">&gt;&gt;</a>&nbsp;&nbsp;&nbsp;S_IWDG_Config
</UL>

<P><STRONG><a name="[81]"></a>__aeabi_l2f</STRONG> (Thumb, 44 bytes, Stack size 16 bytes, ffltl.o(.text))
<BR><BR>[Stack]<UL><LI>Max Depth = 20<LI>Call Chain = __aeabi_l2f &rArr; _float_epilogue
</UL>
<BR>[Calls]<UL><LI><a href="#[71]">&gt;&gt;</a>&nbsp;&nbsp;&nbsp;_float_epilogue
</UL>
<BR>[Called By]<UL><LI><a href="#[108]">&gt;&gt;</a>&nbsp;&nbsp;&nbsp;OCD_MS5837_GetData
</UL>

<P><STRONG><a name="[a0]"></a>__aeabi_f2iz</STRONG> (Thumb, 50 bytes, Stack size 0 bytes, ffixi.o(.text))
<BR><BR>[Called By]<UL><LI><a href="#[a5]">&gt;&gt;</a>&nbsp;&nbsp;&nbsp;Task_AnalysisData
<LI><a href="#[9e]">&gt;&gt;</a>&nbsp;&nbsp;&nbsp;Algo_PID_Calculate
</UL>

<P><STRONG><a name="[124]"></a>__aeabi_f2uiz</STRONG> (Thumb, 40 bytes, Stack size 0 bytes, ffixui.o(.text))
<BR><BR>[Called By]<UL><LI><a href="#[a8]">&gt;&gt;</a>&nbsp;&nbsp;&nbsp;task_DepthControl_Process
<LI><a href="#[102]">&gt;&gt;</a>&nbsp;&nbsp;&nbsp;Task_HandleMode_Process
<LI><a href="#[9c]">&gt;&gt;</a>&nbsp;&nbsp;&nbsp;Task_AutoMode_Process
<LI><a href="#[a5]">&gt;&gt;</a>&nbsp;&nbsp;&nbsp;Task_AnalysisData
<LI><a href="#[132]">&gt;&gt;</a>&nbsp;&nbsp;&nbsp;Thruster_nagative_data_handle
<LI><a href="#[ce]">&gt;&gt;</a>&nbsp;&nbsp;&nbsp;S_PWM_PramConfig
</UL>

<P><STRONG><a name="[82]"></a>__aeabi_d2uiz</STRONG> (Thumb, 50 bytes, Stack size 8 bytes, dfixui.o(.text))
<BR><BR>[Stack]<UL><LI>Max Depth = 8<LI>Call Chain = __aeabi_d2uiz
</UL>
<BR>[Calls]<UL><LI><a href="#[83]">&gt;&gt;</a>&nbsp;&nbsp;&nbsp;__aeabi_llsr
</UL>
<BR>[Called By]<UL><LI><a href="#[c8]">&gt;&gt;</a>&nbsp;&nbsp;&nbsp;S_IWDG_Config
</UL>

<P><STRONG><a name="[a7]"></a>__aeabi_f2d</STRONG> (Thumb, 38 bytes, Stack size 0 bytes, f2d.o(.text))
<BR><BR>[Called By]<UL><LI><a href="#[9c]">&gt;&gt;</a>&nbsp;&nbsp;&nbsp;Task_AutoMode_Process
<LI><a href="#[a5]">&gt;&gt;</a>&nbsp;&nbsp;&nbsp;Task_AnalysisData
<LI><a href="#[108]">&gt;&gt;</a>&nbsp;&nbsp;&nbsp;OCD_MS5837_GetData
<LI><a href="#[52]">&gt;&gt;</a>&nbsp;&nbsp;&nbsp;MS5837ReadThread
<LI><a href="#[56]">&gt;&gt;</a>&nbsp;&nbsp;&nbsp;DepthControl
<LI><a href="#[c8]">&gt;&gt;</a>&nbsp;&nbsp;&nbsp;S_IWDG_Config
</UL>

<P><STRONG><a name="[109]"></a>__aeabi_cdcmpeq</STRONG> (Thumb, 0 bytes, Stack size 0 bytes, cdcmple.o(.text))
<BR><BR>[Called By]<UL><LI><a href="#[52]">&gt;&gt;</a>&nbsp;&nbsp;&nbsp;MS5837ReadThread
</UL>

<P><STRONG><a name="[1a0]"></a>__aeabi_cdcmple</STRONG> (Thumb, 48 bytes, Stack size 0 bytes, cdcmple.o(.text), UNUSED)

<P><STRONG><a name="[147]"></a>__aeabi_cdrcmple</STRONG> (Thumb, 48 bytes, Stack size 0 bytes, cdrcmple.o(.text), UNUSED)
<BR><BR>[Called By]<UL><LI><a href="#[146]">&gt;&gt;</a>&nbsp;&nbsp;&nbsp;_fp_digits
</UL>

<P><STRONG><a name="[84]"></a>__aeabi_d2f</STRONG> (Thumb, 56 bytes, Stack size 8 bytes, d2f.o(.text))
<BR><BR>[Stack]<UL><LI>Max Depth = 8<LI>Call Chain = __aeabi_d2f
</UL>
<BR>[Calls]<UL><LI><a href="#[72]">&gt;&gt;</a>&nbsp;&nbsp;&nbsp;_float_round
</UL>
<BR>[Called By]<UL><LI><a href="#[9c]">&gt;&gt;</a>&nbsp;&nbsp;&nbsp;Task_AutoMode_Process
<LI><a href="#[a5]">&gt;&gt;</a>&nbsp;&nbsp;&nbsp;Task_AnalysisData
<LI><a href="#[108]">&gt;&gt;</a>&nbsp;&nbsp;&nbsp;OCD_MS5837_GetData
<LI><a href="#[12b]">&gt;&gt;</a>&nbsp;&nbsp;&nbsp;strtof
<LI><a href="#[8f]">&gt;&gt;</a>&nbsp;&nbsp;&nbsp;_scanf_really_real
</UL>

<P><STRONG><a name="[1a1]"></a>__aeabi_cfcmpeq</STRONG> (Thumb, 0 bytes, Stack size 0 bytes, cfcmple.o(.text), UNUSED)

<P><STRONG><a name="[12e]"></a>__aeabi_cfcmple</STRONG> (Thumb, 20 bytes, Stack size 0 bytes, cfcmple.o(.text))
<BR><BR>[Called By]<UL><LI><a href="#[a8]">&gt;&gt;</a>&nbsp;&nbsp;&nbsp;task_DepthControl_Process
<LI><a href="#[9c]">&gt;&gt;</a>&nbsp;&nbsp;&nbsp;Task_AutoMode_Process
</UL>

<P><STRONG><a name="[12d]"></a>__aeabi_cfrcmple</STRONG> (Thumb, 20 bytes, Stack size 0 bytes, cfrcmple.o(.text))
<BR><BR>[Called By]<UL><LI><a href="#[a8]">&gt;&gt;</a>&nbsp;&nbsp;&nbsp;task_DepthControl_Process
<LI><a href="#[9c]">&gt;&gt;</a>&nbsp;&nbsp;&nbsp;Task_AutoMode_Process
</UL>

<P><STRONG><a name="[1a2]"></a>__aeabi_uidiv</STRONG> (Thumb, 0 bytes, Stack size 12 bytes, uidiv.o(.text), UNUSED)

<P><STRONG><a name="[14a]"></a>__aeabi_uidivmod</STRONG> (Thumb, 44 bytes, Stack size 12 bytes, uidiv.o(.text), UNUSED)
<BR><BR>[Called By]<UL><LI><a href="#[145]">&gt;&gt;</a>&nbsp;&nbsp;&nbsp;_printf_core
</UL>

<P><STRONG><a name="[6a]"></a>__aeabi_uldivmod</STRONG> (Thumb, 98 bytes, Stack size 40 bytes, uldiv.o(.text))
<BR><BR>[Stack]<UL><LI>Max Depth = 40<LI>Call Chain = __aeabi_uldivmod
</UL>
<BR>[Calls]<UL><LI><a href="#[83]">&gt;&gt;</a>&nbsp;&nbsp;&nbsp;__aeabi_llsr
<LI><a href="#[77]">&gt;&gt;</a>&nbsp;&nbsp;&nbsp;__aeabi_llsl
</UL>
<BR>[Called By]<UL><LI><a href="#[69]">&gt;&gt;</a>&nbsp;&nbsp;&nbsp;__aeabi_ldivmod
<LI><a href="#[145]">&gt;&gt;</a>&nbsp;&nbsp;&nbsp;_printf_core
<LI><a href="#[146]">&gt;&gt;</a>&nbsp;&nbsp;&nbsp;_fp_digits
</UL>

<P><STRONG><a name="[77]"></a>__aeabi_llsl</STRONG> (Thumb, 30 bytes, Stack size 0 bytes, llshl.o(.text))
<BR><BR>[Called By]<UL><LI><a href="#[76]">&gt;&gt;</a>&nbsp;&nbsp;&nbsp;__aeabi_dadd
<LI><a href="#[6a]">&gt;&gt;</a>&nbsp;&nbsp;&nbsp;__aeabi_uldivmod
<LI><a href="#[79]">&gt;&gt;</a>&nbsp;&nbsp;&nbsp;_double_epilogue
<LI><a href="#[89]">&gt;&gt;</a>&nbsp;&nbsp;&nbsp;__aeabi_d2ulz
</UL>

<P><STRONG><a name="[1a3]"></a>_ll_shift_l</STRONG> (Thumb, 0 bytes, Stack size 0 bytes, llshl.o(.text), UNUSED)

<P><STRONG><a name="[78]"></a>__aeabi_lasr</STRONG> (Thumb, 36 bytes, Stack size 0 bytes, llsshr.o(.text))
<BR><BR>[Called By]<UL><LI><a href="#[76]">&gt;&gt;</a>&nbsp;&nbsp;&nbsp;__aeabi_dadd
</UL>

<P><STRONG><a name="[1a4]"></a>_ll_sshift_r</STRONG> (Thumb, 0 bytes, Stack size 0 bytes, llsshr.o(.text), UNUSED)

<P><STRONG><a name="[6f]"></a>__vfscanf_char</STRONG> (Thumb, 20 bytes, Stack size 0 bytes, scanf_char.o(.text))
<BR><BR>[Stack]<UL><LI>Max Depth = 192<LI>Call Chain = __vfscanf_char &rArr; __vfscanf &rArr; _scanf_real
</UL>
<BR>[Calls]<UL><LI><a href="#[85]">&gt;&gt;</a>&nbsp;&nbsp;&nbsp;__vfscanf
</UL>
<BR>[Called By]<UL><LI><a href="#[6e]">&gt;&gt;</a>&nbsp;&nbsp;&nbsp;__0sscanf
</UL>

<P><STRONG><a name="[49]"></a>_sgetc</STRONG> (Thumb, 30 bytes, Stack size 0 bytes, _sgetc.o(.text))
<BR>[Address Reference Count : 2]<UL><LI> strtod.o(.text)
<LI> __0sscanf.o(.text)
</UL>
<P><STRONG><a name="[4a]"></a>_sbackspace</STRONG> (Thumb, 34 bytes, Stack size 0 bytes, _sgetc.o(.text))
<BR>[Address Reference Count : 2]<UL><LI> strtod.o(.text)
<LI> __0sscanf.o(.text)
</UL>
<P><STRONG><a name="[88]"></a>__strtod_int</STRONG> (Thumb, 88 bytes, Stack size 40 bytes, strtod.o(.text))
<BR><BR>[Stack]<UL><LI>Max Depth = 200<LI>Call Chain = __strtod_int &rArr; _local_sscanf &rArr; _scanf_real
</UL>
<BR>[Calls]<UL><LI><a href="#[86]">&gt;&gt;</a>&nbsp;&nbsp;&nbsp;_local_sscanf
</UL>
<BR>[Called By]<UL><LI><a href="#[12b]">&gt;&gt;</a>&nbsp;&nbsp;&nbsp;strtof
<LI><a href="#[12a]">&gt;&gt;</a>&nbsp;&nbsp;&nbsp;strtod
</UL>

<P><STRONG><a name="[1a5]"></a>__I$use$fp</STRONG> (Thumb, 0 bytes, Stack size 0 bytes, iusefp.o(.text), UNUSED)

<P><STRONG><a name="[72]"></a>_float_round</STRONG> (Thumb, 18 bytes, Stack size 0 bytes, fepilogue.o(.text))
<BR><BR>[Called By]<UL><LI><a href="#[84]">&gt;&gt;</a>&nbsp;&nbsp;&nbsp;__aeabi_d2f
<LI><a href="#[70]">&gt;&gt;</a>&nbsp;&nbsp;&nbsp;__aeabi_fadd
<LI><a href="#[75]">&gt;&gt;</a>&nbsp;&nbsp;&nbsp;__aeabi_fdiv
</UL>

<P><STRONG><a name="[71]"></a>_float_epilogue</STRONG> (Thumb, 92 bytes, Stack size 4 bytes, fepilogue.o(.text))
<BR><BR>[Stack]<UL><LI>Max Depth = 4<LI>Call Chain = _float_epilogue
</UL>
<BR>[Called By]<UL><LI><a href="#[70]">&gt;&gt;</a>&nbsp;&nbsp;&nbsp;__aeabi_fadd
<LI><a href="#[81]">&gt;&gt;</a>&nbsp;&nbsp;&nbsp;__aeabi_l2f
<LI><a href="#[7f]">&gt;&gt;</a>&nbsp;&nbsp;&nbsp;__aeabi_i2f
<LI><a href="#[80]">&gt;&gt;</a>&nbsp;&nbsp;&nbsp;__aeabi_ui2f
</UL>

<P><STRONG><a name="[7a]"></a>_double_round</STRONG> (Thumb, 30 bytes, Stack size 8 bytes, depilogue.o(.text))
<BR><BR>[Stack]<UL><LI>Max Depth = 8<LI>Call Chain = _double_round
</UL>
<BR>[Called By]<UL><LI><a href="#[7e]">&gt;&gt;</a>&nbsp;&nbsp;&nbsp;__aeabi_ddiv
<LI><a href="#[76]">&gt;&gt;</a>&nbsp;&nbsp;&nbsp;__aeabi_dadd
<LI><a href="#[79]">&gt;&gt;</a>&nbsp;&nbsp;&nbsp;_double_epilogue
</UL>

<P><STRONG><a name="[79]"></a>_double_epilogue</STRONG> (Thumb, 156 bytes, Stack size 32 bytes, depilogue.o(.text))
<BR><BR>[Stack]<UL><LI>Max Depth = 40<LI>Call Chain = _double_epilogue &rArr; _double_round
</UL>
<BR>[Calls]<UL><LI><a href="#[83]">&gt;&gt;</a>&nbsp;&nbsp;&nbsp;__aeabi_llsr
<LI><a href="#[77]">&gt;&gt;</a>&nbsp;&nbsp;&nbsp;__aeabi_llsl
<LI><a href="#[7a]">&gt;&gt;</a>&nbsp;&nbsp;&nbsp;_double_round
</UL>
<BR>[Called By]<UL><LI><a href="#[7d]">&gt;&gt;</a>&nbsp;&nbsp;&nbsp;__aeabi_dmul
<LI><a href="#[76]">&gt;&gt;</a>&nbsp;&nbsp;&nbsp;__aeabi_dadd
<LI><a href="#[8e]">&gt;&gt;</a>&nbsp;&nbsp;&nbsp;__aeabi_ul2d
</UL>

<P><STRONG><a name="[89]"></a>__aeabi_d2ulz</STRONG> (Thumb, 48 bytes, Stack size 0 bytes, dfixul.o(.text), UNUSED)
<BR><BR>[Calls]<UL><LI><a href="#[83]">&gt;&gt;</a>&nbsp;&nbsp;&nbsp;__aeabi_llsr
<LI><a href="#[77]">&gt;&gt;</a>&nbsp;&nbsp;&nbsp;__aeabi_llsl
</UL>
<BR>[Called By]<UL><LI><a href="#[146]">&gt;&gt;</a>&nbsp;&nbsp;&nbsp;_fp_digits
</UL>

<P><STRONG><a name="[67]"></a>__scatterload</STRONG> (Thumb, 28 bytes, Stack size 0 bytes, init.o(.text))
<BR><BR>[Calls]<UL><LI><a href="#[8a]">&gt;&gt;</a>&nbsp;&nbsp;&nbsp;__main_after_scatterload
</UL>
<BR>[Called By]<UL><LI><a href="#[66]">&gt;&gt;</a>&nbsp;&nbsp;&nbsp;_main_scatterload
</UL>

<P><STRONG><a name="[1a6]"></a>__scatterload_rt2</STRONG> (Thumb, 0 bytes, Stack size 0 bytes, init.o(.text), UNUSED)

<P><STRONG><a name="[4c]"></a>isspace</STRONG> (Thumb, 10 bytes, Stack size 0 bytes, isspace_c.o(.text))
<BR><BR>[Calls]<UL><LI><a href="#[8b]">&gt;&gt;</a>&nbsp;&nbsp;&nbsp;__ctype_lookup
</UL>
<BR>[Address Reference Count : 2]<UL><LI> scanf_char.o(.text)
<LI> strtod.o(.text)
</UL>
<P><STRONG><a name="[85]"></a>__vfscanf</STRONG> (Thumb, 808 bytes, Stack size 88 bytes, _scanf.o(.text))
<BR><BR>[Stack]<UL><LI>Max Depth = 192<LI>Call Chain = __vfscanf &rArr; _scanf_real
</UL>
<BR>[Calls]<UL><LI><a href="#[87]">&gt;&gt;</a>&nbsp;&nbsp;&nbsp;_scanf_real
<LI><a href="#[8c]">&gt;&gt;</a>&nbsp;&nbsp;&nbsp;_scanf_string
</UL>
<BR>[Called By]<UL><LI><a href="#[6f]">&gt;&gt;</a>&nbsp;&nbsp;&nbsp;__vfscanf_char
</UL>

<P><STRONG><a name="[87]"></a>_scanf_real</STRONG> (Thumb, 0 bytes, Stack size 104 bytes, scanf_fp.o(.text))
<BR><BR>[Stack]<UL><LI>Max Depth = 104<LI>Call Chain = _scanf_real
</UL>
<BR>[Called By]<UL><LI><a href="#[85]">&gt;&gt;</a>&nbsp;&nbsp;&nbsp;__vfscanf
<LI><a href="#[86]">&gt;&gt;</a>&nbsp;&nbsp;&nbsp;_local_sscanf
</UL>

<P><STRONG><a name="[8f]"></a>_scanf_really_real</STRONG> (Thumb, 556 bytes, Stack size 104 bytes, scanf_fp.o(.text), UNUSED)
<BR><BR>[Calls]<UL><LI><a href="#[84]">&gt;&gt;</a>&nbsp;&nbsp;&nbsp;__aeabi_d2f
<LI><a href="#[90]">&gt;&gt;</a>&nbsp;&nbsp;&nbsp;_is_digit
<LI><a href="#[8d]">&gt;&gt;</a>&nbsp;&nbsp;&nbsp;_fp_value
</UL>

<P><STRONG><a name="[8b]"></a>__ctype_lookup</STRONG> (Thumb, 34 bytes, Stack size 0 bytes, ctype_c.o(.text))
<BR><BR>[Called By]<UL><LI><a href="#[4c]">&gt;&gt;</a>&nbsp;&nbsp;&nbsp;isspace
</UL>

<P><STRONG><a name="[8e]"></a>__aeabi_ul2d</STRONG> (Thumb, 24 bytes, Stack size 16 bytes, dfltul.o(.text), UNUSED)
<BR><BR>[Calls]<UL><LI><a href="#[79]">&gt;&gt;</a>&nbsp;&nbsp;&nbsp;_double_epilogue
</UL>
<BR>[Called By]<UL><LI><a href="#[8d]">&gt;&gt;</a>&nbsp;&nbsp;&nbsp;_fp_value
</UL>

<P><STRONG><a name="[1a7]"></a>__decompress</STRONG> (Thumb, 0 bytes, Stack size unknown bytes, __dczerorl2.o(.text), UNUSED)

<P><STRONG><a name="[1a8]"></a>__decompress1</STRONG> (Thumb, 86 bytes, Stack size unknown bytes, __dczerorl2.o(.text), UNUSED)

<P><STRONG><a name="[46]"></a>main</STRONG> (Thumb, 10 bytes, Stack size 8 bytes, components.o(i.$Sub$$main))
<BR><BR>[Stack]<UL><LI>Max Depth = 300<LI>Call Chain = main &rArr; rtthread_startup &rArr; rt_application_init &rArr; rt_thread_create &rArr; rt_object_delete &rArr; rt_free &rArr; rt_kprintf &rArr; rt_vsnprintf &rArr; print_number
</UL>
<BR>[Calls]<UL><LI><a href="#[91]">&gt;&gt;</a>&nbsp;&nbsp;&nbsp;rtthread_startup
</UL>
<BR>[Address Reference Count : 1]<UL><LI> entry9a.o(.ARM.Collect$$$$0000000B)
</UL>
<P><STRONG><a name="[54]"></a>AUTO_MODE</STRONG> (Thumb, 138 bytes, Stack size 64 bytes, threadpool.o(i.AUTO_MODE))
<BR><BR>[Stack]<UL><LI>Max Depth = 264<LI>Call Chain = AUTO_MODE &rArr; Task_AutoMode_Process &rArr; __aeabi_drsub &rArr; __aeabi_dadd &rArr; _double_epilogue &rArr; _double_round
</UL>
<BR>[Calls]<UL><LI><a href="#[93]">&gt;&gt;</a>&nbsp;&nbsp;&nbsp;rt_thread_suspend
<LI><a href="#[92]">&gt;&gt;</a>&nbsp;&nbsp;&nbsp;rt_thread_self
<LI><a href="#[9a]">&gt;&gt;</a>&nbsp;&nbsp;&nbsp;rt_thread_resume
<LI><a href="#[96]">&gt;&gt;</a>&nbsp;&nbsp;&nbsp;rt_strcmp
<LI><a href="#[94]">&gt;&gt;</a>&nbsp;&nbsp;&nbsp;rt_schedule
<LI><a href="#[95]">&gt;&gt;</a>&nbsp;&nbsp;&nbsp;rt_mq_recv
<LI><a href="#[9b]">&gt;&gt;</a>&nbsp;&nbsp;&nbsp;rt_exit_critical
<LI><a href="#[99]">&gt;&gt;</a>&nbsp;&nbsp;&nbsp;rt_enter_critical
<LI><a href="#[97]">&gt;&gt;</a>&nbsp;&nbsp;&nbsp;Task_Thruster_AllStop
<LI><a href="#[9c]">&gt;&gt;</a>&nbsp;&nbsp;&nbsp;Task_AutoMode_Process
<LI><a href="#[9d]">&gt;&gt;</a>&nbsp;&nbsp;&nbsp;Drv_Delay_Ms
<LI><a href="#[98]">&gt;&gt;</a>&nbsp;&nbsp;&nbsp;__2printf
</UL>
<BR>[Address Reference Count : 1]<UL><LI> usercode.o(i.UserLogic_Code)
</UL>
<P><STRONG><a name="[9e]"></a>Algo_PID_Calculate</STRONG> (Thumb, 156 bytes, Stack size 32 bytes, algo_pid.o(i.Algo_PID_Calculate))
<BR><BR>[Stack]<UL><LI>Max Depth = 52<LI>Call Chain = Algo_PID_Calculate &rArr; __aeabi_fsub &rArr; __aeabi_fadd &rArr; _float_epilogue
</UL>
<BR>[Calls]<UL><LI><a href="#[a0]">&gt;&gt;</a>&nbsp;&nbsp;&nbsp;__aeabi_f2iz
<LI><a href="#[73]">&gt;&gt;</a>&nbsp;&nbsp;&nbsp;__aeabi_fsub
<LI><a href="#[70]">&gt;&gt;</a>&nbsp;&nbsp;&nbsp;__aeabi_fadd
<LI><a href="#[74]">&gt;&gt;</a>&nbsp;&nbsp;&nbsp;__aeabi_frsub
<LI><a href="#[7f]">&gt;&gt;</a>&nbsp;&nbsp;&nbsp;__aeabi_i2f
<LI><a href="#[9f]">&gt;&gt;</a>&nbsp;&nbsp;&nbsp;__aeabi_fmul
</UL>
<BR>[Called By]<UL><LI><a href="#[a8]">&gt;&gt;</a>&nbsp;&nbsp;&nbsp;task_DepthControl_Process
<LI><a href="#[9c]">&gt;&gt;</a>&nbsp;&nbsp;&nbsp;Task_AutoMode_Process
</UL>

<P><STRONG><a name="[a1]"></a>Algo_PID_Init</STRONG> (Thumb, 42 bytes, Stack size 8 bytes, algo_pid.o(i.Algo_PID_Init))
<BR><BR>[Stack]<UL><LI>Max Depth = 48<LI>Call Chain = Algo_PID_Init &rArr; Drv_HAL_Error &rArr; __2printf
</UL>
<BR>[Calls]<UL><LI><a href="#[a2]">&gt;&gt;</a>&nbsp;&nbsp;&nbsp;Drv_HAL_Error
</UL>
<BR>[Called By]<UL><LI><a href="#[137]">&gt;&gt;</a>&nbsp;&nbsp;&nbsp;Task_UserInit
</UL>

<P><STRONG><a name="[12c]"></a>Algo_PID_Update</STRONG> (Thumb, 14 bytes, Stack size 0 bytes, algo_pid.o(i.Algo_PID_Update))
<BR><BR>[Called By]<UL><LI><a href="#[a5]">&gt;&gt;</a>&nbsp;&nbsp;&nbsp;Task_AnalysisData
</UL>

<P><STRONG><a name="[4]"></a>BusFault_Handler</STRONG> (Thumb, 4 bytes, Stack size 0 bytes, drv_hal.o(i.BusFault_Handler))
<BR>[Address Reference Count : 1]<UL><LI> startup_stm32f103xe.o(RESET)
</UL>
<P><STRONG><a name="[50]"></a>DataFromIPC</STRONG> (Thumb, 58 bytes, Stack size 104 bytes, threadpool.o(i.DataFromIPC))
<BR><BR>[Stack]<UL><LI>Max Depth = 480<LI>Call Chain = DataFromIPC &rArr; Task_AnalysisData &rArr; __0sscanf &rArr; __vfscanf_char &rArr; __vfscanf &rArr; _scanf_real
</UL>
<BR>[Calls]<UL><LI><a href="#[a3]">&gt;&gt;</a>&nbsp;&nbsp;&nbsp;rt_sem_take
<LI><a href="#[a6]">&gt;&gt;</a>&nbsp;&nbsp;&nbsp;rt_memset
<LI><a href="#[a5]">&gt;&gt;</a>&nbsp;&nbsp;&nbsp;Task_AnalysisData
<LI><a href="#[a4]">&gt;&gt;</a>&nbsp;&nbsp;&nbsp;Drv_Uart_Receive_DMA
<LI><a href="#[9d]">&gt;&gt;</a>&nbsp;&nbsp;&nbsp;Drv_Delay_Ms
</UL>
<BR>[Address Reference Count : 1]<UL><LI> usercode.o(i.UserLogic_Code)
</UL>
<P><STRONG><a name="[7]"></a>DebugMon_Handler</STRONG> (Thumb, 2 bytes, Stack size 0 bytes, drv_hal.o(i.DebugMon_Handler))
<BR>[Address Reference Count : 1]<UL><LI> startup_stm32f103xe.o(RESET)
</UL>
<P><STRONG><a name="[56]"></a>DepthControl</STRONG> (Thumb, 66 bytes, Stack size 8 bytes, threadpool.o(i.DepthControl))
<BR><BR>[Stack]<UL><LI>Max Depth = 136<LI>Call Chain = DepthControl &rArr; rt_mq_recv &rArr; rt_timer_start &rArr; rt_thread_resume &rArr; rt_timer_stop &rArr; _rt_timer_remove
</UL>
<BR>[Calls]<UL><LI><a href="#[a8]">&gt;&gt;</a>&nbsp;&nbsp;&nbsp;task_DepthControl_Process
<LI><a href="#[95]">&gt;&gt;</a>&nbsp;&nbsp;&nbsp;rt_mq_recv
<LI><a href="#[a7]">&gt;&gt;</a>&nbsp;&nbsp;&nbsp;__aeabi_f2d
<LI><a href="#[9d]">&gt;&gt;</a>&nbsp;&nbsp;&nbsp;Drv_Delay_Ms
<LI><a href="#[98]">&gt;&gt;</a>&nbsp;&nbsp;&nbsp;__2printf
</UL>
<BR>[Address Reference Count : 1]<UL><LI> usercode.o(i.UserLogic_Code)
</UL>
<P><STRONG><a name="[9d]"></a>Drv_Delay_Ms</STRONG> (Thumb, 12 bytes, Stack size 8 bytes, drv_hal_delay.o(i.Drv_Delay_Ms))
<BR><BR>[Stack]<UL><LI>Max Depth = 120<LI>Call Chain = Drv_Delay_Ms &rArr; rt_thread_mdelay &rArr; rt_thread_sleep &rArr; rt_timer_start &rArr; rt_thread_resume &rArr; rt_timer_stop &rArr; _rt_timer_remove
</UL>
<BR>[Calls]<UL><LI><a href="#[a9]">&gt;&gt;</a>&nbsp;&nbsp;&nbsp;rt_thread_mdelay
</UL>
<BR>[Called By]<UL><LI><a href="#[136]">&gt;&gt;</a>&nbsp;&nbsp;&nbsp;Task_Thruster_Init
<LI><a href="#[115]">&gt;&gt;</a>&nbsp;&nbsp;&nbsp;OCD_MS5837_Init
<LI><a href="#[59]">&gt;&gt;</a>&nbsp;&nbsp;&nbsp;TestThread
<LI><a href="#[58]">&gt;&gt;</a>&nbsp;&nbsp;&nbsp;ReportPWMout
<LI><a href="#[57]">&gt;&gt;</a>&nbsp;&nbsp;&nbsp;PlusControl
<LI><a href="#[55]">&gt;&gt;</a>&nbsp;&nbsp;&nbsp;MotionControl
<LI><a href="#[52]">&gt;&gt;</a>&nbsp;&nbsp;&nbsp;MS5837ReadThread
<LI><a href="#[51]">&gt;&gt;</a>&nbsp;&nbsp;&nbsp;JY901SReadThread
<LI><a href="#[53]">&gt;&gt;</a>&nbsp;&nbsp;&nbsp;HANDLE_MODE
<LI><a href="#[56]">&gt;&gt;</a>&nbsp;&nbsp;&nbsp;DepthControl
<LI><a href="#[50]">&gt;&gt;</a>&nbsp;&nbsp;&nbsp;DataFromIPC
<LI><a href="#[54]">&gt;&gt;</a>&nbsp;&nbsp;&nbsp;AUTO_MODE
<LI><a href="#[114]">&gt;&gt;</a>&nbsp;&nbsp;&nbsp;S_MS5837_GetConversion
<LI><a href="#[117]">&gt;&gt;</a>&nbsp;&nbsp;&nbsp;S_MS5837_GetCalibrationData
<LI><a href="#[121]">&gt;&gt;</a>&nbsp;&nbsp;&nbsp;S_JY901_Delay
</UL>

<P><STRONG><a name="[11f]"></a>Drv_Delay_Us</STRONG> (Thumb, 80 bytes, Stack size 0 bytes, drv_hal_delay.o(i.Drv_Delay_Us))
<BR><BR>[Called By]<UL><LI><a href="#[117]">&gt;&gt;</a>&nbsp;&nbsp;&nbsp;S_MS5837_GetCalibrationData
<LI><a href="#[b9]">&gt;&gt;</a>&nbsp;&nbsp;&nbsp;S_IICSoft_DelayUs
</UL>

<P><STRONG><a name="[aa]"></a>Drv_GPIO_Init</STRONG> (Thumb, 104 bytes, Stack size 16 bytes, drv_hal_gpio.o(i.Drv_GPIO_Init))
<BR><BR>[Stack]<UL><LI>Max Depth = 72<LI>Call Chain = Drv_GPIO_Init &rArr; S_GPIO_NVICParamConfig &rArr; HAL_NVIC_SetPriority &rArr; __NVIC_SetPriority
</UL>
<BR>[Calls]<UL><LI><a href="#[ac]">&gt;&gt;</a>&nbsp;&nbsp;&nbsp;S_GPIO_ParamConfig
<LI><a href="#[ad]">&gt;&gt;</a>&nbsp;&nbsp;&nbsp;S_GPIO_NVICParamConfig
<LI><a href="#[ab]">&gt;&gt;</a>&nbsp;&nbsp;&nbsp;S_GPIO_CLKEnable
</UL>
<BR>[Called By]<UL><LI><a href="#[b5]">&gt;&gt;</a>&nbsp;&nbsp;&nbsp;Drv_IICSoft_Init
<LI><a href="#[d6]">&gt;&gt;</a>&nbsp;&nbsp;&nbsp;S_Uart_GPIOConfig
<LI><a href="#[cd]">&gt;&gt;</a>&nbsp;&nbsp;&nbsp;S_PWM_GPIOConfig
</UL>

<P><STRONG><a name="[ae]"></a>Drv_GPIO_Reset</STRONG> (Thumb, 18 bytes, Stack size 8 bytes, drv_hal_gpio.o(i.Drv_GPIO_Reset))
<BR><BR>[Stack]<UL><LI>Max Depth = 8<LI>Call Chain = Drv_GPIO_Reset
</UL>
<BR>[Calls]<UL><LI><a href="#[af]">&gt;&gt;</a>&nbsp;&nbsp;&nbsp;HAL_GPIO_WritePin
</UL>
<BR>[Called By]<UL><LI><a href="#[59]">&gt;&gt;</a>&nbsp;&nbsp;&nbsp;TestThread
</UL>

<P><STRONG><a name="[b0]"></a>Drv_GPIO_Set</STRONG> (Thumb, 18 bytes, Stack size 8 bytes, drv_hal_gpio.o(i.Drv_GPIO_Set))
<BR><BR>[Stack]<UL><LI>Max Depth = 8<LI>Call Chain = Drv_GPIO_Set
</UL>
<BR>[Calls]<UL><LI><a href="#[af]">&gt;&gt;</a>&nbsp;&nbsp;&nbsp;HAL_GPIO_WritePin
</UL>
<BR>[Called By]<UL><LI><a href="#[59]">&gt;&gt;</a>&nbsp;&nbsp;&nbsp;TestThread
</UL>

<P><STRONG><a name="[a2]"></a>Drv_HAL_Error</STRONG> (Thumb, 24 bytes, Stack size 16 bytes, drv_hal.o(i.Drv_HAL_Error))
<BR><BR>[Stack]<UL><LI>Max Depth = 40<LI>Call Chain = Drv_HAL_Error &rArr; __2printf
</UL>
<BR>[Calls]<UL><LI><a href="#[98]">&gt;&gt;</a>&nbsp;&nbsp;&nbsp;__2printf
</UL>
<BR>[Called By]<UL><LI><a href="#[ca]">&gt;&gt;</a>&nbsp;&nbsp;&nbsp;Drv_PWM_HighLvTimeSet
<LI><a href="#[a1]">&gt;&gt;</a>&nbsp;&nbsp;&nbsp;Algo_PID_Init
<LI><a href="#[d8]">&gt;&gt;</a>&nbsp;&nbsp;&nbsp;S_Uart_ParamConfig
<LI><a href="#[d2]">&gt;&gt;</a>&nbsp;&nbsp;&nbsp;S_Uart_DMA_CLKEnable
<LI><a href="#[d4]">&gt;&gt;</a>&nbsp;&nbsp;&nbsp;S_Uart_DMAParamConfig
<LI><a href="#[ce]">&gt;&gt;</a>&nbsp;&nbsp;&nbsp;S_PWM_PramConfig
</UL>

<P><STRONG><a name="[b1]"></a>Drv_HAL_Init</STRONG> (Thumb, 16 bytes, Stack size 8 bytes, drv_hal.o(i.Drv_HAL_Init))
<BR><BR>[Stack]<UL><LI>Max Depth = 152<LI>Call Chain = Drv_HAL_Init &rArr; S_HAL_CLKConfig &rArr; HAL_RCC_ClockConfig &rArr; HAL_InitTick &rArr; HAL_NVIC_SetPriority &rArr; __NVIC_SetPriority
</UL>
<BR>[Calls]<UL><LI><a href="#[b4]">&gt;&gt;</a>&nbsp;&nbsp;&nbsp;S_HAL_RTTCLKInit
<LI><a href="#[b3]">&gt;&gt;</a>&nbsp;&nbsp;&nbsp;S_HAL_CLKConfig
<LI><a href="#[b2]">&gt;&gt;</a>&nbsp;&nbsp;&nbsp;HAL_Init
</UL>
<BR>[Called By]<UL><LI><a href="#[15b]">&gt;&gt;</a>&nbsp;&nbsp;&nbsp;rt_hw_board_init
</UL>

<P><STRONG><a name="[b5]"></a>Drv_IICSoft_Init</STRONG> (Thumb, 14 bytes, Stack size 8 bytes, drv_hal_iic_soft.o(i.Drv_IICSoft_Init))
<BR><BR>[Stack]<UL><LI>Max Depth = 80<LI>Call Chain = Drv_IICSoft_Init &rArr; Drv_GPIO_Init &rArr; S_GPIO_NVICParamConfig &rArr; HAL_NVIC_SetPriority &rArr; __NVIC_SetPriority
</UL>
<BR>[Calls]<UL><LI><a href="#[aa]">&gt;&gt;</a>&nbsp;&nbsp;&nbsp;Drv_GPIO_Init
</UL>
<BR>[Called By]<UL><LI><a href="#[115]">&gt;&gt;</a>&nbsp;&nbsp;&nbsp;OCD_MS5837_Init
</UL>

<P><STRONG><a name="[b6]"></a>Drv_IICSoft_ReadByte</STRONG> (Thumb, 90 bytes, Stack size 24 bytes, drv_hal_iic_soft.o(i.Drv_IICSoft_ReadByte))
<BR><BR>[Stack]<UL><LI>Max Depth = 92<LI>Call Chain = Drv_IICSoft_ReadByte &rArr; S_IICSoft_SendNAck &rArr; S_IICSoft_SDA_OutputMode &rArr; HAL_GPIO_Init
</UL>
<BR>[Calls]<UL><LI><a href="#[bd]">&gt;&gt;</a>&nbsp;&nbsp;&nbsp;S_IICSoft_SendNAck
<LI><a href="#[bc]">&gt;&gt;</a>&nbsp;&nbsp;&nbsp;S_IICSoft_SendAck
<LI><a href="#[b7]">&gt;&gt;</a>&nbsp;&nbsp;&nbsp;S_IICSoft_SDA_InputMode
<LI><a href="#[b8]">&gt;&gt;</a>&nbsp;&nbsp;&nbsp;S_IICSoft_SCL_L
<LI><a href="#[ba]">&gt;&gt;</a>&nbsp;&nbsp;&nbsp;S_IICSoft_SCL_H
<LI><a href="#[bb]">&gt;&gt;</a>&nbsp;&nbsp;&nbsp;S_IICSoft_READ_SDA
<LI><a href="#[b9]">&gt;&gt;</a>&nbsp;&nbsp;&nbsp;S_IICSoft_DelayUs
</UL>
<BR>[Called By]<UL><LI><a href="#[114]">&gt;&gt;</a>&nbsp;&nbsp;&nbsp;S_MS5837_GetConversion
<LI><a href="#[117]">&gt;&gt;</a>&nbsp;&nbsp;&nbsp;S_MS5837_GetCalibrationData
</UL>

<P><STRONG><a name="[be]"></a>Drv_IICSoft_SendByte</STRONG> (Thumb, 86 bytes, Stack size 16 bytes, drv_hal_iic_soft.o(i.Drv_IICSoft_SendByte))
<BR><BR>[Stack]<UL><LI>Max Depth = 76<LI>Call Chain = Drv_IICSoft_SendByte &rArr; S_IICSoft_SDA_OutputMode &rArr; HAL_GPIO_Init
</UL>
<BR>[Calls]<UL><LI><a href="#[bf]">&gt;&gt;</a>&nbsp;&nbsp;&nbsp;S_IICSoft_SDA_OutputMode
<LI><a href="#[c1]">&gt;&gt;</a>&nbsp;&nbsp;&nbsp;S_IICSoft_SDA_L
<LI><a href="#[c0]">&gt;&gt;</a>&nbsp;&nbsp;&nbsp;S_IICSoft_SDA_H
<LI><a href="#[b8]">&gt;&gt;</a>&nbsp;&nbsp;&nbsp;S_IICSoft_SCL_L
<LI><a href="#[ba]">&gt;&gt;</a>&nbsp;&nbsp;&nbsp;S_IICSoft_SCL_H
<LI><a href="#[b9]">&gt;&gt;</a>&nbsp;&nbsp;&nbsp;S_IICSoft_DelayUs
</UL>
<BR>[Called By]<UL><LI><a href="#[116]">&gt;&gt;</a>&nbsp;&nbsp;&nbsp;S_MS5837_Reset
<LI><a href="#[114]">&gt;&gt;</a>&nbsp;&nbsp;&nbsp;S_MS5837_GetConversion
<LI><a href="#[117]">&gt;&gt;</a>&nbsp;&nbsp;&nbsp;S_MS5837_GetCalibrationData
</UL>

<P><STRONG><a name="[c2]"></a>Drv_IICSoft_Start</STRONG> (Thumb, 48 bytes, Stack size 8 bytes, drv_hal_iic_soft.o(i.Drv_IICSoft_Start))
<BR><BR>[Stack]<UL><LI>Max Depth = 68<LI>Call Chain = Drv_IICSoft_Start &rArr; S_IICSoft_SDA_OutputMode &rArr; HAL_GPIO_Init
</UL>
<BR>[Calls]<UL><LI><a href="#[bf]">&gt;&gt;</a>&nbsp;&nbsp;&nbsp;S_IICSoft_SDA_OutputMode
<LI><a href="#[c1]">&gt;&gt;</a>&nbsp;&nbsp;&nbsp;S_IICSoft_SDA_L
<LI><a href="#[c0]">&gt;&gt;</a>&nbsp;&nbsp;&nbsp;S_IICSoft_SDA_H
<LI><a href="#[b8]">&gt;&gt;</a>&nbsp;&nbsp;&nbsp;S_IICSoft_SCL_L
<LI><a href="#[ba]">&gt;&gt;</a>&nbsp;&nbsp;&nbsp;S_IICSoft_SCL_H
<LI><a href="#[b9]">&gt;&gt;</a>&nbsp;&nbsp;&nbsp;S_IICSoft_DelayUs
</UL>
<BR>[Called By]<UL><LI><a href="#[116]">&gt;&gt;</a>&nbsp;&nbsp;&nbsp;S_MS5837_Reset
<LI><a href="#[114]">&gt;&gt;</a>&nbsp;&nbsp;&nbsp;S_MS5837_GetConversion
<LI><a href="#[117]">&gt;&gt;</a>&nbsp;&nbsp;&nbsp;S_MS5837_GetCalibrationData
</UL>

<P><STRONG><a name="[c3]"></a>Drv_IICSoft_Stop</STRONG> (Thumb, 48 bytes, Stack size 8 bytes, drv_hal_iic_soft.o(i.Drv_IICSoft_Stop))
<BR><BR>[Stack]<UL><LI>Max Depth = 68<LI>Call Chain = Drv_IICSoft_Stop &rArr; S_IICSoft_SDA_OutputMode &rArr; HAL_GPIO_Init
</UL>
<BR>[Calls]<UL><LI><a href="#[bf]">&gt;&gt;</a>&nbsp;&nbsp;&nbsp;S_IICSoft_SDA_OutputMode
<LI><a href="#[c1]">&gt;&gt;</a>&nbsp;&nbsp;&nbsp;S_IICSoft_SDA_L
<LI><a href="#[c0]">&gt;&gt;</a>&nbsp;&nbsp;&nbsp;S_IICSoft_SDA_H
<LI><a href="#[b8]">&gt;&gt;</a>&nbsp;&nbsp;&nbsp;S_IICSoft_SCL_L
<LI><a href="#[ba]">&gt;&gt;</a>&nbsp;&nbsp;&nbsp;S_IICSoft_SCL_H
<LI><a href="#[b9]">&gt;&gt;</a>&nbsp;&nbsp;&nbsp;S_IICSoft_DelayUs
</UL>
<BR>[Called By]<UL><LI><a href="#[116]">&gt;&gt;</a>&nbsp;&nbsp;&nbsp;S_MS5837_Reset
<LI><a href="#[114]">&gt;&gt;</a>&nbsp;&nbsp;&nbsp;S_MS5837_GetConversion
<LI><a href="#[117]">&gt;&gt;</a>&nbsp;&nbsp;&nbsp;S_MS5837_GetCalibrationData
<LI><a href="#[c4]">&gt;&gt;</a>&nbsp;&nbsp;&nbsp;Drv_IICSoft_WaitAck
</UL>

<P><STRONG><a name="[c4]"></a>Drv_IICSoft_WaitAck</STRONG> (Thumb, 76 bytes, Stack size 16 bytes, drv_hal_iic_soft.o(i.Drv_IICSoft_WaitAck))
<BR><BR>[Stack]<UL><LI>Max Depth = 84<LI>Call Chain = Drv_IICSoft_WaitAck &rArr; Drv_IICSoft_Stop &rArr; S_IICSoft_SDA_OutputMode &rArr; HAL_GPIO_Init
</UL>
<BR>[Calls]<UL><LI><a href="#[c3]">&gt;&gt;</a>&nbsp;&nbsp;&nbsp;Drv_IICSoft_Stop
<LI><a href="#[b7]">&gt;&gt;</a>&nbsp;&nbsp;&nbsp;S_IICSoft_SDA_InputMode
<LI><a href="#[c0]">&gt;&gt;</a>&nbsp;&nbsp;&nbsp;S_IICSoft_SDA_H
<LI><a href="#[b8]">&gt;&gt;</a>&nbsp;&nbsp;&nbsp;S_IICSoft_SCL_L
<LI><a href="#[ba]">&gt;&gt;</a>&nbsp;&nbsp;&nbsp;S_IICSoft_SCL_H
<LI><a href="#[bb]">&gt;&gt;</a>&nbsp;&nbsp;&nbsp;S_IICSoft_READ_SDA
<LI><a href="#[b9]">&gt;&gt;</a>&nbsp;&nbsp;&nbsp;S_IICSoft_DelayUs
</UL>
<BR>[Called By]<UL><LI><a href="#[116]">&gt;&gt;</a>&nbsp;&nbsp;&nbsp;S_MS5837_Reset
<LI><a href="#[114]">&gt;&gt;</a>&nbsp;&nbsp;&nbsp;S_MS5837_GetConversion
<LI><a href="#[117]">&gt;&gt;</a>&nbsp;&nbsp;&nbsp;S_MS5837_GetCalibrationData
</UL>

<P><STRONG><a name="[c5]"></a>Drv_IWDG_Feed</STRONG> (Thumb, 12 bytes, Stack size 8 bytes, drv_hal_wdg.o(i.Drv_IWDG_Feed))
<BR><BR>[Stack]<UL><LI>Max Depth = 8<LI>Call Chain = Drv_IWDG_Feed
</UL>
<BR>[Calls]<UL><LI><a href="#[c6]">&gt;&gt;</a>&nbsp;&nbsp;&nbsp;HAL_IWDG_Refresh
</UL>
<BR>[Called By]<UL><LI><a href="#[5a]">&gt;&gt;</a>&nbsp;&nbsp;&nbsp;watchdog_timer_callback
</UL>

<P><STRONG><a name="[c7]"></a>Drv_IWDG_Init</STRONG> (Thumb, 18 bytes, Stack size 8 bytes, drv_hal_wdg.o(i.Drv_IWDG_Init))
<BR><BR>[Stack]<UL><LI>Max Depth = 80<LI>Call Chain = Drv_IWDG_Init &rArr; S_IWDG_Config &rArr; __aeabi_ddiv &rArr; _double_round
</UL>
<BR>[Calls]<UL><LI><a href="#[c9]">&gt;&gt;</a>&nbsp;&nbsp;&nbsp;HAL_IWDG_Init
<LI><a href="#[c8]">&gt;&gt;</a>&nbsp;&nbsp;&nbsp;S_IWDG_Config
</UL>
<BR>[Called By]<UL><LI><a href="#[137]">&gt;&gt;</a>&nbsp;&nbsp;&nbsp;Task_UserInit
</UL>

<P><STRONG><a name="[ca]"></a>Drv_PWM_HighLvTimeSet</STRONG> (Thumb, 70 bytes, Stack size 16 bytes, drv_hal_pwm.o(i.Drv_PWM_HighLvTimeSet))
<BR><BR>[Stack]<UL><LI>Max Depth = 56<LI>Call Chain = Drv_PWM_HighLvTimeSet &rArr; Drv_HAL_Error &rArr; __2printf
</UL>
<BR>[Calls]<UL><LI><a href="#[a2]">&gt;&gt;</a>&nbsp;&nbsp;&nbsp;Drv_HAL_Error
</UL>
<BR>[Called By]<UL><LI><a href="#[135]">&gt;&gt;</a>&nbsp;&nbsp;&nbsp;Task_Thruster_Stop
<LI><a href="#[12f]">&gt;&gt;</a>&nbsp;&nbsp;&nbsp;Task_Thruster_SpeedSet
<LI><a href="#[136]">&gt;&gt;</a>&nbsp;&nbsp;&nbsp;Task_Thruster_Init
</UL>

<P><STRONG><a name="[cb]"></a>Drv_PWM_Init</STRONG> (Thumb, 56 bytes, Stack size 16 bytes, drv_hal_pwm.o(i.Drv_PWM_Init))
<BR><BR>[Stack]<UL><LI>Max Depth = 104<LI>Call Chain = Drv_PWM_Init &rArr; S_PWM_GPIOConfig &rArr; Drv_GPIO_Init &rArr; S_GPIO_NVICParamConfig &rArr; HAL_NVIC_SetPriority &rArr; __NVIC_SetPriority
</UL>
<BR>[Calls]<UL><LI><a href="#[ce]">&gt;&gt;</a>&nbsp;&nbsp;&nbsp;S_PWM_PramConfig
<LI><a href="#[cd]">&gt;&gt;</a>&nbsp;&nbsp;&nbsp;S_PWM_GPIOConfig
<LI><a href="#[cc]">&gt;&gt;</a>&nbsp;&nbsp;&nbsp;S_PWM_CLKEnable
</UL>
<BR>[Called By]<UL><LI><a href="#[137]">&gt;&gt;</a>&nbsp;&nbsp;&nbsp;Task_UserInit
</UL>

<P><STRONG><a name="[cf]"></a>Drv_Uart_DMAInit</STRONG> (Thumb, 150 bytes, Stack size 8 bytes, drv_hal_uart.o(i.Drv_Uart_DMAInit))
<BR><BR>[Stack]<UL><LI>Max Depth = 96<LI>Call Chain = Drv_Uart_DMAInit &rArr; S_Uart_GPIOConfig &rArr; Drv_GPIO_Init &rArr; S_GPIO_NVICParamConfig &rArr; HAL_NVIC_SetPriority &rArr; __NVIC_SetPriority
</UL>
<BR>[Calls]<UL><LI><a href="#[d1]">&gt;&gt;</a>&nbsp;&nbsp;&nbsp;S_Uart_ParamMatch
<LI><a href="#[d8]">&gt;&gt;</a>&nbsp;&nbsp;&nbsp;S_Uart_ParamConfig
<LI><a href="#[d7]">&gt;&gt;</a>&nbsp;&nbsp;&nbsp;S_Uart_NVICConfig
<LI><a href="#[d6]">&gt;&gt;</a>&nbsp;&nbsp;&nbsp;S_Uart_GPIOConfig
<LI><a href="#[d3]">&gt;&gt;</a>&nbsp;&nbsp;&nbsp;S_Uart_DMA_NVICConfig
<LI><a href="#[d2]">&gt;&gt;</a>&nbsp;&nbsp;&nbsp;S_Uart_DMA_CLKEnable
<LI><a href="#[d4]">&gt;&gt;</a>&nbsp;&nbsp;&nbsp;S_Uart_DMAParamConfig
<LI><a href="#[d5]">&gt;&gt;</a>&nbsp;&nbsp;&nbsp;S_Uart_CLKEnable
<LI><a href="#[d0]">&gt;&gt;</a>&nbsp;&nbsp;&nbsp;S_Uart_CLKConfig
<LI><a href="#[da]">&gt;&gt;</a>&nbsp;&nbsp;&nbsp;HAL_UART_Receive_DMA
<LI><a href="#[d9]">&gt;&gt;</a>&nbsp;&nbsp;&nbsp;malloc
</UL>
<BR>[Called By]<UL><LI><a href="#[10d]">&gt;&gt;</a>&nbsp;&nbsp;&nbsp;OCD_JY901_DMAInit
<LI><a href="#[137]">&gt;&gt;</a>&nbsp;&nbsp;&nbsp;Task_UserInit
</UL>

<P><STRONG><a name="[db]"></a>Drv_Uart_DMA_RxHandler</STRONG> (Thumb, 82 bytes, Stack size 16 bytes, drv_hal_uart.o(i.Drv_Uart_DMA_RxHandler))
<BR><BR>[Stack]<UL><LI>Max Depth = 84<LI>Call Chain = Drv_Uart_DMA_RxHandler &rArr; HAL_UART_Receive_DMA &rArr; HAL_DMA_Start_IT &rArr; DMA_SetConfig
</UL>
<BR>[Calls]<UL><LI><a href="#[da]">&gt;&gt;</a>&nbsp;&nbsp;&nbsp;HAL_UART_Receive_DMA
<LI><a href="#[dc]">&gt;&gt;</a>&nbsp;&nbsp;&nbsp;HAL_UART_DMAStop
</UL>
<BR>[Called By]<UL><LI><a href="#[31]">&gt;&gt;</a>&nbsp;&nbsp;&nbsp;USART3_IRQHandler
<LI><a href="#[30]">&gt;&gt;</a>&nbsp;&nbsp;&nbsp;USART2_IRQHandler
<LI><a href="#[2f]">&gt;&gt;</a>&nbsp;&nbsp;&nbsp;USART1_IRQHandler
</UL>

<P><STRONG><a name="[a4]"></a>Drv_Uart_Receive_DMA</STRONG> (Thumb, 52 bytes, Stack size 16 bytes, drv_hal_uart.o(i.Drv_Uart_Receive_DMA))
<BR><BR>[Stack]<UL><LI>Max Depth = 16<LI>Call Chain = Drv_Uart_Receive_DMA
</UL>
<BR>[Calls]<UL><LI><a href="#[6b]">&gt;&gt;</a>&nbsp;&nbsp;&nbsp;__aeabi_memclr
<LI><a href="#[dd]">&gt;&gt;</a>&nbsp;&nbsp;&nbsp;__aeabi_memcpy
</UL>
<BR>[Called By]<UL><LI><a href="#[50]">&gt;&gt;</a>&nbsp;&nbsp;&nbsp;DataFromIPC
</UL>

<P><STRONG><a name="[de]"></a>Drv_Uart_Transmit</STRONG> (Thumb, 22 bytes, Stack size 16 bytes, drv_hal_uart.o(i.Drv_Uart_Transmit))
<BR><BR>[Stack]<UL><LI>Max Depth = 80<LI>Call Chain = Drv_Uart_Transmit &rArr; HAL_UART_Transmit &rArr; UART_WaitOnFlagUntilTimeout
</UL>
<BR>[Calls]<UL><LI><a href="#[df]">&gt;&gt;</a>&nbsp;&nbsp;&nbsp;HAL_UART_Transmit
</UL>
<BR>[Called By]<UL><LI><a href="#[123]">&gt;&gt;</a>&nbsp;&nbsp;&nbsp;S_JY901_UnLock
<LI><a href="#[10c]">&gt;&gt;</a>&nbsp;&nbsp;&nbsp;S_JY901_Setting
<LI><a href="#[122]">&gt;&gt;</a>&nbsp;&nbsp;&nbsp;S_JY901_SaveConfig
</UL>

<P><STRONG><a name="[32]"></a>EXTI15_10_IRQHandler</STRONG> (Thumb, 2 bytes, Stack size 0 bytes, task_irq.o(i.EXTI15_10_IRQHandler))
<BR>[Address Reference Count : 1]<UL><LI> startup_stm32f103xe.o(RESET)
</UL>
<P><STRONG><a name="[21]"></a>EXTI9_5_IRQHandler</STRONG> (Thumb, 2 bytes, Stack size 0 bytes, task_irq.o(i.EXTI9_5_IRQHandler))
<BR>[Address Reference Count : 1]<UL><LI> startup_stm32f103xe.o(RESET)
</UL>
<P><STRONG><a name="[fb]"></a>HAL_DMA_Abort</STRONG> (Thumb, 86 bytes, Stack size 0 bytes, stm32f1xx_hal_dma.o(i.HAL_DMA_Abort))
<BR><BR>[Called By]<UL><LI><a href="#[dc]">&gt;&gt;</a>&nbsp;&nbsp;&nbsp;HAL_UART_DMAStop
</UL>

<P><STRONG><a name="[125]"></a>HAL_DMA_Init</STRONG> (Thumb, 132 bytes, Stack size 0 bytes, stm32f1xx_hal_dma.o(i.HAL_DMA_Init))
<BR><BR>[Called By]<UL><LI><a href="#[d4]">&gt;&gt;</a>&nbsp;&nbsp;&nbsp;S_Uart_DMAParamConfig
</UL>

<P><STRONG><a name="[e0]"></a>HAL_DMA_Start_IT</STRONG> (Thumb, 156 bytes, Stack size 24 bytes, stm32f1xx_hal_dma.o(i.HAL_DMA_Start_IT))
<BR><BR>[Stack]<UL><LI>Max Depth = 36<LI>Call Chain = HAL_DMA_Start_IT &rArr; DMA_SetConfig
</UL>
<BR>[Calls]<UL><LI><a href="#[e1]">&gt;&gt;</a>&nbsp;&nbsp;&nbsp;DMA_SetConfig
</UL>
<BR>[Called By]<UL><LI><a href="#[da]">&gt;&gt;</a>&nbsp;&nbsp;&nbsp;HAL_UART_Receive_DMA
</UL>

<P><STRONG><a name="[11c]"></a>HAL_GPIO_Init</STRONG> (Thumb, 792 bytes, Stack size 36 bytes, stm32f1xx_hal_gpio.o(i.HAL_GPIO_Init))
<BR><BR>[Stack]<UL><LI>Max Depth = 36<LI>Call Chain = HAL_GPIO_Init
</UL>
<BR>[Called By]<UL><LI><a href="#[bf]">&gt;&gt;</a>&nbsp;&nbsp;&nbsp;S_IICSoft_SDA_OutputMode
<LI><a href="#[b7]">&gt;&gt;</a>&nbsp;&nbsp;&nbsp;S_IICSoft_SDA_InputMode
<LI><a href="#[ac]">&gt;&gt;</a>&nbsp;&nbsp;&nbsp;S_GPIO_ParamConfig
<LI><a href="#[63]">&gt;&gt;</a>&nbsp;&nbsp;&nbsp;uart_init
</UL>

<P><STRONG><a name="[120]"></a>HAL_GPIO_ReadPin</STRONG> (Thumb, 16 bytes, Stack size 0 bytes, stm32f1xx_hal_gpio.o(i.HAL_GPIO_ReadPin))
<BR><BR>[Called By]<UL><LI><a href="#[bb]">&gt;&gt;</a>&nbsp;&nbsp;&nbsp;S_IICSoft_READ_SDA
</UL>

<P><STRONG><a name="[af]"></a>HAL_GPIO_WritePin</STRONG> (Thumb, 12 bytes, Stack size 0 bytes, stm32f1xx_hal_gpio.o(i.HAL_GPIO_WritePin))
<BR><BR>[Called By]<UL><LI><a href="#[b0]">&gt;&gt;</a>&nbsp;&nbsp;&nbsp;Drv_GPIO_Set
<LI><a href="#[ae]">&gt;&gt;</a>&nbsp;&nbsp;&nbsp;Drv_GPIO_Reset
<LI><a href="#[c1]">&gt;&gt;</a>&nbsp;&nbsp;&nbsp;S_IICSoft_SDA_L
<LI><a href="#[c0]">&gt;&gt;</a>&nbsp;&nbsp;&nbsp;S_IICSoft_SDA_H
<LI><a href="#[b8]">&gt;&gt;</a>&nbsp;&nbsp;&nbsp;S_IICSoft_SCL_L
<LI><a href="#[ba]">&gt;&gt;</a>&nbsp;&nbsp;&nbsp;S_IICSoft_SCL_H
</UL>

<P><STRONG><a name="[e2]"></a>HAL_GetTick</STRONG> (Thumb, 6 bytes, Stack size 0 bytes, stm32f1xx_hal.o(i.HAL_GetTick))
<BR><BR>[Called By]<UL><LI><a href="#[ef]">&gt;&gt;</a>&nbsp;&nbsp;&nbsp;HAL_RCC_OscConfig
<LI><a href="#[ea]">&gt;&gt;</a>&nbsp;&nbsp;&nbsp;HAL_RCC_ClockConfig
<LI><a href="#[c9]">&gt;&gt;</a>&nbsp;&nbsp;&nbsp;HAL_IWDG_Init
<LI><a href="#[df]">&gt;&gt;</a>&nbsp;&nbsp;&nbsp;HAL_UART_Transmit
<LI><a href="#[101]">&gt;&gt;</a>&nbsp;&nbsp;&nbsp;UART_WaitOnFlagUntilTimeout
</UL>

<P><STRONG><a name="[c9]"></a>HAL_IWDG_Init</STRONG> (Thumb, 80 bytes, Stack size 16 bytes, stm32f1xx_hal_iwdg.o(i.HAL_IWDG_Init))
<BR><BR>[Stack]<UL><LI>Max Depth = 16<LI>Call Chain = HAL_IWDG_Init
</UL>
<BR>[Calls]<UL><LI><a href="#[e2]">&gt;&gt;</a>&nbsp;&nbsp;&nbsp;HAL_GetTick
</UL>
<BR>[Called By]<UL><LI><a href="#[c7]">&gt;&gt;</a>&nbsp;&nbsp;&nbsp;Drv_IWDG_Init
</UL>

<P><STRONG><a name="[c6]"></a>HAL_IWDG_Refresh</STRONG> (Thumb, 14 bytes, Stack size 0 bytes, stm32f1xx_hal_iwdg.o(i.HAL_IWDG_Refresh))
<BR><BR>[Called By]<UL><LI><a href="#[c5]">&gt;&gt;</a>&nbsp;&nbsp;&nbsp;Drv_IWDG_Feed
</UL>

<P><STRONG><a name="[b2]"></a>HAL_Init</STRONG> (Thumb, 34 bytes, Stack size 8 bytes, stm32f1xx_hal.o(i.HAL_Init))
<BR><BR>[Stack]<UL><LI>Max Depth = 72<LI>Call Chain = HAL_Init &rArr; HAL_InitTick &rArr; HAL_NVIC_SetPriority &rArr; __NVIC_SetPriority
</UL>
<BR>[Calls]<UL><LI><a href="#[e3]">&gt;&gt;</a>&nbsp;&nbsp;&nbsp;HAL_NVIC_SetPriorityGrouping
<LI><a href="#[e5]">&gt;&gt;</a>&nbsp;&nbsp;&nbsp;HAL_MspInit
<LI><a href="#[e4]">&gt;&gt;</a>&nbsp;&nbsp;&nbsp;HAL_InitTick
</UL>
<BR>[Called By]<UL><LI><a href="#[b1]">&gt;&gt;</a>&nbsp;&nbsp;&nbsp;Drv_HAL_Init
</UL>

<P><STRONG><a name="[e4]"></a>HAL_InitTick</STRONG> (Thumb, 64 bytes, Stack size 16 bytes, stm32f1xx_hal.o(i.HAL_InitTick))
<BR><BR>[Stack]<UL><LI>Max Depth = 64<LI>Call Chain = HAL_InitTick &rArr; HAL_NVIC_SetPriority &rArr; __NVIC_SetPriority
</UL>
<BR>[Calls]<UL><LI><a href="#[e6]">&gt;&gt;</a>&nbsp;&nbsp;&nbsp;HAL_SYSTICK_Config
<LI><a href="#[e7]">&gt;&gt;</a>&nbsp;&nbsp;&nbsp;HAL_NVIC_SetPriority
</UL>
<BR>[Called By]<UL><LI><a href="#[ea]">&gt;&gt;</a>&nbsp;&nbsp;&nbsp;HAL_RCC_ClockConfig
<LI><a href="#[b2]">&gt;&gt;</a>&nbsp;&nbsp;&nbsp;HAL_Init
</UL>

<P><STRONG><a name="[e5]"></a>HAL_MspInit</STRONG> (Thumb, 158 bytes, Stack size 8 bytes, drv_hal.o(i.HAL_MspInit))
<BR><BR>[Stack]<UL><LI>Max Depth = 56<LI>Call Chain = HAL_MspInit &rArr; HAL_NVIC_SetPriority &rArr; __NVIC_SetPriority
</UL>
<BR>[Calls]<UL><LI><a href="#[e3]">&gt;&gt;</a>&nbsp;&nbsp;&nbsp;HAL_NVIC_SetPriorityGrouping
<LI><a href="#[e7]">&gt;&gt;</a>&nbsp;&nbsp;&nbsp;HAL_NVIC_SetPriority
</UL>
<BR>[Called By]<UL><LI><a href="#[b2]">&gt;&gt;</a>&nbsp;&nbsp;&nbsp;HAL_Init
</UL>

<P><STRONG><a name="[11b]"></a>HAL_NVIC_EnableIRQ</STRONG> (Thumb, 32 bytes, Stack size 0 bytes, stm32f1xx_hal_cortex.o(i.HAL_NVIC_EnableIRQ))
<BR><BR>[Called By]<UL><LI><a href="#[d7]">&gt;&gt;</a>&nbsp;&nbsp;&nbsp;S_Uart_NVICConfig
<LI><a href="#[d3]">&gt;&gt;</a>&nbsp;&nbsp;&nbsp;S_Uart_DMA_NVICConfig
<LI><a href="#[ad]">&gt;&gt;</a>&nbsp;&nbsp;&nbsp;S_GPIO_NVICParamConfig
</UL>

<P><STRONG><a name="[e7]"></a>HAL_NVIC_SetPriority</STRONG> (Thumb, 124 bytes, Stack size 40 bytes, stm32f1xx_hal_cortex.o(i.HAL_NVIC_SetPriority))
<BR><BR>[Stack]<UL><LI>Max Depth = 48<LI>Call Chain = HAL_NVIC_SetPriority &rArr; __NVIC_SetPriority
</UL>
<BR>[Calls]<UL><LI><a href="#[e9]">&gt;&gt;</a>&nbsp;&nbsp;&nbsp;__NVIC_SetPriority
<LI><a href="#[e8]">&gt;&gt;</a>&nbsp;&nbsp;&nbsp;__NVIC_GetPriorityGrouping
</UL>
<BR>[Called By]<UL><LI><a href="#[b4]">&gt;&gt;</a>&nbsp;&nbsp;&nbsp;S_HAL_RTTCLKInit
<LI><a href="#[d7]">&gt;&gt;</a>&nbsp;&nbsp;&nbsp;S_Uart_NVICConfig
<LI><a href="#[d3]">&gt;&gt;</a>&nbsp;&nbsp;&nbsp;S_Uart_DMA_NVICConfig
<LI><a href="#[ad]">&gt;&gt;</a>&nbsp;&nbsp;&nbsp;S_GPIO_NVICParamConfig
<LI><a href="#[e5]">&gt;&gt;</a>&nbsp;&nbsp;&nbsp;HAL_MspInit
<LI><a href="#[e4]">&gt;&gt;</a>&nbsp;&nbsp;&nbsp;HAL_InitTick
</UL>

<P><STRONG><a name="[e3]"></a>HAL_NVIC_SetPriorityGrouping</STRONG> (Thumb, 32 bytes, Stack size 0 bytes, stm32f1xx_hal_cortex.o(i.HAL_NVIC_SetPriorityGrouping))
<BR><BR>[Called By]<UL><LI><a href="#[b2]">&gt;&gt;</a>&nbsp;&nbsp;&nbsp;HAL_Init
<LI><a href="#[e5]">&gt;&gt;</a>&nbsp;&nbsp;&nbsp;HAL_MspInit
</UL>

<P><STRONG><a name="[ea]"></a>HAL_RCC_ClockConfig</STRONG> (Thumb, 376 bytes, Stack size 16 bytes, stm32f1xx_hal_rcc.o(i.HAL_RCC_ClockConfig))
<BR><BR>[Stack]<UL><LI>Max Depth = 80<LI>Call Chain = HAL_RCC_ClockConfig &rArr; HAL_InitTick &rArr; HAL_NVIC_SetPriority &rArr; __NVIC_SetPriority
</UL>
<BR>[Calls]<UL><LI><a href="#[e4]">&gt;&gt;</a>&nbsp;&nbsp;&nbsp;HAL_InitTick
<LI><a href="#[e2]">&gt;&gt;</a>&nbsp;&nbsp;&nbsp;HAL_GetTick
<LI><a href="#[eb]">&gt;&gt;</a>&nbsp;&nbsp;&nbsp;HAL_RCC_GetSysClockFreq
</UL>
<BR>[Called By]<UL><LI><a href="#[b3]">&gt;&gt;</a>&nbsp;&nbsp;&nbsp;S_HAL_CLKConfig
</UL>

[...]
</UL>
<BR>[Calls]<UL><LI><a href="#[a7]">&gt;&gt;</a>&nbsp;&nbsp;&nbsp;__aeabi_f2d
<LI><a href="#[7e]">&gt;&gt;</a>&nbsp;&nbsp;&nbsp;__aeabi_ddiv
<LI><a href="#[82]">&gt;&gt;</a>&nbsp;&nbsp;&nbsp;__aeabi_d2uiz
<LI><a href="#[80]">&gt;&gt;</a>&nbsp;&nbsp;&nbsp;__aeabi_ui2f
</UL>
<BR>[Called By]<UL><LI><a href="#[c7]">&gt;&gt;</a>&nbsp;&nbsp;&nbsp;Drv_IWDG_Init
</UL>

<P><STRONG><a name="[63]"></a>uart_init</STRONG> (Thumb, 156 bytes, Stack size 24 bytes, board.o(i.uart_init))
<BR><BR>[Stack]<UL><LI>Max Depth = 60<LI>Call Chain = uart_init &rArr; HAL_GPIO_Init
</UL>
<BR>[Calls]<UL><LI><a href="#[11c]">&gt;&gt;</a>&nbsp;&nbsp;&nbsp;HAL_GPIO_Init
<LI><a href="#[fe]">&gt;&gt;</a>&nbsp;&nbsp;&nbsp;HAL_UART_Init
</UL>
<BR>[Address Reference Count : 1]<UL><LI> board.o(.rti_fn.1)
</UL>
<P><STRONG><a name="[64]"></a>rti_board_end</STRONG> (Thumb, 4 bytes, Stack size 0 bytes, components.o(i.rti_board_end))
<BR>[Address Reference Count : 1]<UL><LI> components.o(.rti_fn.1.end)
</UL>
<P><STRONG><a name="[62]"></a>rti_board_start</STRONG> (Thumb, 4 bytes, Stack size 0 bytes, components.o(i.rti_board_start))
<BR>[Address Reference Count : 1]<UL><LI> components.o(.rti_fn.0.end)
</UL>
<P><STRONG><a name="[65]"></a>rti_end</STRONG> (Thumb, 4 bytes, Stack size 0 bytes, components.o(i.rti_end))
<BR>[Address Reference Count : 1]<UL><LI> components.o(.rti_fn.6.end)
</UL>
<P><STRONG><a name="[61]"></a>rti_start</STRONG> (Thumb, 4 bytes, Stack size 0 bytes, components.o(i.rti_start))
<BR>[Address Reference Count : 1]<UL><LI> components.o(.rti_fn.0)
</UL>
<P><STRONG><a name="[60]"></a>rt_thread_idle_entry</STRONG> (Thumb, 36 bytes, Stack size 0 bytes, idle.o(i.rt_thread_idle_entry))
<BR><BR>[Stack]<UL><LI>Max Depth = 228<LI>Call Chain = rt_thread_idle_entry &rArr; rt_thread_idle_excute &rArr; rt_object_delete &rArr; rt_free &rArr; rt_kprintf &rArr; rt_vsnprintf &rArr; print_number
</UL>
<BR>[Calls]<UL><LI><a href="#[18c]">&gt;&gt;</a>&nbsp;&nbsp;&nbsp;rt_thread_idle_excute
</UL>
<BR>[Address Reference Count : 1]<UL><LI> idle.o(i.rt_thread_idle_init)
</UL>
<P><STRONG><a name="[163]"></a>rt_ipc_list_resume</STRONG> (Thumb, 20 bytes, Stack size 16 bytes, ipc.o(i.rt_ipc_list_resume))
<BR><BR>[Stack]<UL><LI>Max Depth = 64<LI>Call Chain = rt_ipc_list_resume &rArr; rt_thread_resume &rArr; rt_timer_stop &rArr; _rt_timer_remove
</UL>
<BR>[Calls]<UL><LI><a href="#[9a]">&gt;&gt;</a>&nbsp;&nbsp;&nbsp;rt_thread_resume
</UL>
<BR>[Called By]<UL><LI><a href="#[13b]">&gt;&gt;</a>&nbsp;&nbsp;&nbsp;rt_sem_release
<LI><a href="#[95]">&gt;&gt;</a>&nbsp;&nbsp;&nbsp;rt_mq_recv
<LI><a href="#[170]">&gt;&gt;</a>&nbsp;&nbsp;&nbsp;rt_mq_send_wait
</UL>

<P><STRONG><a name="[164]"></a>rt_ipc_list_suspend</STRONG> (Thumb, 110 bytes, Stack size 24 bytes, ipc.o(i.rt_ipc_list_suspend))
<BR><BR>[Stack]<UL><LI>Max Depth = 72<LI>Call Chain = rt_ipc_list_suspend &rArr; rt_thread_suspend &rArr; rt_timer_stop &rArr; _rt_timer_remove
</UL>
<BR>[Calls]<UL><LI><a href="#[93]">&gt;&gt;</a>&nbsp;&nbsp;&nbsp;rt_thread_suspend
<LI><a href="#[165]">&gt;&gt;</a>&nbsp;&nbsp;&nbsp;rt_list_insert_before
</UL>
<BR>[Called By]<UL><LI><a href="#[a3]">&gt;&gt;</a>&nbsp;&nbsp;&nbsp;rt_sem_take
<LI><a href="#[95]">&gt;&gt;</a>&nbsp;&nbsp;&nbsp;rt_mq_recv
<LI><a href="#[170]">&gt;&gt;</a>&nbsp;&nbsp;&nbsp;rt_mq_send_wait
</UL>

<P><STRONG><a name="[166]"></a>rt_ipc_object_init</STRONG> (Thumb, 16 bytes, Stack size 8 bytes, ipc.o(i.rt_ipc_object_init))
<BR><BR>[Stack]<UL><LI>Max Depth = 8<LI>Call Chain = rt_ipc_object_init
</UL>
<BR>[Calls]<UL><LI><a href="#[167]">&gt;&gt;</a>&nbsp;&nbsp;&nbsp;rt_list_init
</UL>
<BR>[Called By]<UL><LI><a href="#[13d]">&gt;&gt;</a>&nbsp;&nbsp;&nbsp;rt_sem_create
<LI><a href="#[13e]">&gt;&gt;</a>&nbsp;&nbsp;&nbsp;rt_mq_create
<LI><a href="#[17c]">&gt;&gt;</a>&nbsp;&nbsp;&nbsp;rt_sem_init
</UL>

<P><STRONG><a name="[167]"></a>rt_list_init</STRONG> (Thumb, 6 bytes, Stack size 0 bytes, ipc.o(i.rt_list_init))
<BR><BR>[Called By]<UL><LI><a href="#[13e]">&gt;&gt;</a>&nbsp;&nbsp;&nbsp;rt_mq_create
<LI><a href="#[166]">&gt;&gt;</a>&nbsp;&nbsp;&nbsp;rt_ipc_object_init
</UL>

<P><STRONG><a name="[165]"></a>rt_list_insert_before</STRONG> (Thumb, 14 bytes, Stack size 0 bytes, ipc.o(i.rt_list_insert_before))
<BR><BR>[Called By]<UL><LI><a href="#[164]">&gt;&gt;</a>&nbsp;&nbsp;&nbsp;rt_ipc_list_suspend
</UL>

<P><STRONG><a name="[16f]"></a>rt_list_isempty</STRONG> (Thumb, 16 bytes, Stack size 0 bytes, ipc.o(i.rt_list_isempty))
<BR><BR>[Called By]<UL><LI><a href="#[13b]">&gt;&gt;</a>&nbsp;&nbsp;&nbsp;rt_sem_release
<LI><a href="#[95]">&gt;&gt;</a>&nbsp;&nbsp;&nbsp;rt_mq_recv
<LI><a href="#[170]">&gt;&gt;</a>&nbsp;&nbsp;&nbsp;rt_mq_send_wait
</UL>

<P><STRONG><a name="[193]"></a>print_number</STRONG> (Thumb, 400 bytes, Stack size 60 bytes, kservice.o(i.print_number))
<BR><BR>[Stack]<UL><LI>Max Depth = 60<LI>Call Chain = print_number
</UL>
<BR>[Called By]<UL><LI><a href="#[168]">&gt;&gt;</a>&nbsp;&nbsp;&nbsp;rt_vsnprintf
</UL>

<P><STRONG><a name="[192]"></a>skip_atoi</STRONG> (Thumb, 38 bytes, Stack size 0 bytes, kservice.o(i.skip_atoi))
<BR><BR>[Called By]<UL><LI><a href="#[168]">&gt;&gt;</a>&nbsp;&nbsp;&nbsp;rt_vsnprintf
</UL>

<P><STRONG><a name="[15a]"></a>plug_holes</STRONG> (Thumb, 108 bytes, Stack size 12 bytes, mem.o(i.plug_holes))
<BR><BR>[Stack]<UL><LI>Max Depth = 12<LI>Call Chain = plug_holes
</UL>
<BR>[Called By]<UL><LI><a href="#[159]">&gt;&gt;</a>&nbsp;&nbsp;&nbsp;rt_free
</UL>

<P><STRONG><a name="[173]"></a>rt_list_insert_after</STRONG> (Thumb, 14 bytes, Stack size 0 bytes, object.o(i.rt_list_insert_after))
<BR><BR>[Called By]<UL><LI><a href="#[176]">&gt;&gt;</a>&nbsp;&nbsp;&nbsp;rt_object_init
<LI><a href="#[16a]">&gt;&gt;</a>&nbsp;&nbsp;&nbsp;rt_object_allocate
</UL>

<P><STRONG><a name="[174]"></a>rt_list_remove</STRONG> (Thumb, 18 bytes, Stack size 0 bytes, object.o(i.rt_list_remove))
<BR><BR>[Called By]<UL><LI><a href="#[175]">&gt;&gt;</a>&nbsp;&nbsp;&nbsp;rt_object_detach
<LI><a href="#[16b]">&gt;&gt;</a>&nbsp;&nbsp;&nbsp;rt_object_delete
</UL>

<P><STRONG><a name="[181]"></a>rt_list_init</STRONG> (Thumb, 6 bytes, Stack size 0 bytes, scheduler.o(i.rt_list_init))
<BR><BR>[Called By]<UL><LI><a href="#[180]">&gt;&gt;</a>&nbsp;&nbsp;&nbsp;rt_system_scheduler_init
</UL>

<P><STRONG><a name="[14b]"></a>_rt_thread_init</STRONG> (Thumb, 142 bytes, Stack size 48 bytes, thread.o(i._rt_thread_init))
<BR><BR>[Stack]<UL><LI>Max Depth = 144<LI>Call Chain = _rt_thread_init &rArr; rt_timer_init &rArr; rt_object_init &rArr; rt_exit_critical &rArr; rt_schedule
</UL>
<BR>[Calls]<UL><LI><a href="#[a6]">&gt;&gt;</a>&nbsp;&nbsp;&nbsp;rt_memset
<LI><a href="#[14d]">&gt;&gt;</a>&nbsp;&nbsp;&nbsp;rt_timer_init
<LI><a href="#[14c]">&gt;&gt;</a>&nbsp;&nbsp;&nbsp;rt_hw_stack_init
</UL>
<BR>[Called By]<UL><LI><a href="#[13f]">&gt;&gt;</a>&nbsp;&nbsp;&nbsp;rt_thread_create
<LI><a href="#[186]">&gt;&gt;</a>&nbsp;&nbsp;&nbsp;rt_thread_init
</UL>

<P><STRONG><a name="[152]"></a>_thread_cleanup_execute</STRONG> (Thumb, 28 bytes, Stack size 16 bytes, thread.o(i._thread_cleanup_execute))
<BR><BR>[Stack]<UL><LI>Max Depth = 16<LI>Call Chain = _thread_cleanup_execute
</UL>
<BR>[Calls]<UL><LI><a href="#[154]">&gt;&gt;</a>&nbsp;&nbsp;&nbsp;rt_hw_interrupt_enable
<LI><a href="#[153]">&gt;&gt;</a>&nbsp;&nbsp;&nbsp;rt_hw_interrupt_disable
</UL>
<BR>[Called By]<UL><LI><a href="#[5c]">&gt;&gt;</a>&nbsp;&nbsp;&nbsp;rt_thread_exit
</UL>

<P><STRONG><a name="[18b]"></a>rt_list_insert_after</STRONG> (Thumb, 14 bytes, Stack size 0 bytes, thread.o(i.rt_list_insert_after))
<BR><BR>[Called By]<UL><LI><a href="#[5c]">&gt;&gt;</a>&nbsp;&nbsp;&nbsp;rt_thread_exit
</UL>

<P><STRONG><a name="[18e]"></a>rt_list_remove</STRONG> (Thumb, 18 bytes, Stack size 0 bytes, thread.o(i.rt_list_remove))
<BR><BR>[Called By]<UL><LI><a href="#[107]">&gt;&gt;</a>&nbsp;&nbsp;&nbsp;rt_thread_yield
<LI><a href="#[9a]">&gt;&gt;</a>&nbsp;&nbsp;&nbsp;rt_thread_resume
<LI><a href="#[5d]">&gt;&gt;</a>&nbsp;&nbsp;&nbsp;rt_thread_timeout
</UL>

<P><STRONG><a name="[14e]"></a>_rt_timer_init</STRONG> (Thumb, 66 bytes, Stack size 32 bytes, timer.o(i._rt_timer_init))
<BR><BR>[Stack]<UL><LI>Max Depth = 32<LI>Call Chain = _rt_timer_init
</UL>
<BR>[Calls]<UL><LI><a href="#[14f]">&gt;&gt;</a>&nbsp;&nbsp;&nbsp;rt_list_init
</UL>
<BR>[Called By]<UL><LI><a href="#[142]">&gt;&gt;</a>&nbsp;&nbsp;&nbsp;rt_timer_create
<LI><a href="#[14d]">&gt;&gt;</a>&nbsp;&nbsp;&nbsp;rt_timer_init
</UL>

<P><STRONG><a name="[150]"></a>_rt_timer_remove</STRONG> (Thumb, 28 bytes, Stack size 16 bytes, timer.o(i._rt_timer_remove))
<BR><BR>[Stack]<UL><LI>Max Depth = 16<LI>Call Chain = _rt_timer_remove
</UL>
<BR>[Calls]<UL><LI><a href="#[151]">&gt;&gt;</a>&nbsp;&nbsp;&nbsp;rt_list_remove
</UL>
<BR>[Called By]<UL><LI><a href="#[143]">&gt;&gt;</a>&nbsp;&nbsp;&nbsp;rt_timer_start
<LI><a href="#[191]">&gt;&gt;</a>&nbsp;&nbsp;&nbsp;rt_timer_check
<LI><a href="#[17d]">&gt;&gt;</a>&nbsp;&nbsp;&nbsp;rt_soft_timer_check
<LI><a href="#[18f]">&gt;&gt;</a>&nbsp;&nbsp;&nbsp;rt_timer_stop
<LI><a href="#[189]">&gt;&gt;</a>&nbsp;&nbsp;&nbsp;rt_timer_detach
</UL>

<P><STRONG><a name="[14f]"></a>rt_list_init</STRONG> (Thumb, 6 bytes, Stack size 0 bytes, timer.o(i.rt_list_init))
<BR><BR>[Called By]<UL><LI><a href="#[185]">&gt;&gt;</a>&nbsp;&nbsp;&nbsp;rt_system_timer_thread_init
<LI><a href="#[184]">&gt;&gt;</a>&nbsp;&nbsp;&nbsp;rt_system_timer_init
<LI><a href="#[191]">&gt;&gt;</a>&nbsp;&nbsp;&nbsp;rt_timer_check
<LI><a href="#[17d]">&gt;&gt;</a>&nbsp;&nbsp;&nbsp;rt_soft_timer_check
<LI><a href="#[14e]">&gt;&gt;</a>&nbsp;&nbsp;&nbsp;_rt_timer_init
</UL>

<P><STRONG><a name="[17e]"></a>rt_list_insert_after</STRONG> (Thumb, 14 bytes, Stack size 0 bytes, timer.o(i.rt_list_insert_after))
<BR><BR>[Called By]<UL><LI><a href="#[143]">&gt;&gt;</a>&nbsp;&nbsp;&nbsp;rt_timer_start
<LI><a href="#[191]">&gt;&gt;</a>&nbsp;&nbsp;&nbsp;rt_timer_check
<LI><a href="#[17d]">&gt;&gt;</a>&nbsp;&nbsp;&nbsp;rt_soft_timer_check
</UL>

<P><STRONG><a name="[17f]"></a>rt_list_isempty</STRONG> (Thumb, 16 bytes, Stack size 0 bytes, timer.o(i.rt_list_isempty))
<BR><BR>[Called By]<UL><LI><a href="#[191]">&gt;&gt;</a>&nbsp;&nbsp;&nbsp;rt_timer_check
<LI><a href="#[17d]">&gt;&gt;</a>&nbsp;&nbsp;&nbsp;rt_soft_timer_check
<LI><a href="#[190]">&gt;&gt;</a>&nbsp;&nbsp;&nbsp;rt_timer_list_next_timeout
</UL>

<P><STRONG><a name="[151]"></a>rt_list_remove</STRONG> (Thumb, 18 bytes, Stack size 0 bytes, timer.o(i.rt_list_remove))
<BR><BR>[Called By]<UL><LI><a href="#[191]">&gt;&gt;</a>&nbsp;&nbsp;&nbsp;rt_timer_check
<LI><a href="#[17d]">&gt;&gt;</a>&nbsp;&nbsp;&nbsp;rt_soft_timer_check
<LI><a href="#[150]">&gt;&gt;</a>&nbsp;&nbsp;&nbsp;_rt_timer_remove
</UL>

<P><STRONG><a name="[5f]"></a>rt_thread_timer_entry</STRONG> (Thumb, 62 bytes, Stack size 0 bytes, timer.o(i.rt_thread_timer_entry))
<BR><BR>[Stack]<UL><LI>Max Depth = 104<LI>Call Chain = rt_thread_timer_entry &rArr; rt_soft_timer_check &rArr; rt_timer_start &rArr; rt_thread_resume &rArr; rt_timer_stop &rArr; _rt_timer_remove
</UL>
<BR>[Calls]<UL><LI><a href="#[93]">&gt;&gt;</a>&nbsp;&nbsp;&nbsp;rt_thread_suspend
<LI><a href="#[92]">&gt;&gt;</a>&nbsp;&nbsp;&nbsp;rt_thread_self
<LI><a href="#[94]">&gt;&gt;</a>&nbsp;&nbsp;&nbsp;rt_schedule
<LI><a href="#[16c]">&gt;&gt;</a>&nbsp;&nbsp;&nbsp;rt_tick_get
<LI><a href="#[17d]">&gt;&gt;</a>&nbsp;&nbsp;&nbsp;rt_soft_timer_check
<LI><a href="#[190]">&gt;&gt;</a>&nbsp;&nbsp;&nbsp;rt_timer_list_next_timeout
<LI><a href="#[187]">&gt;&gt;</a>&nbsp;&nbsp;&nbsp;rt_thread_delay
</UL>
<BR>[Address Reference Count : 1]<UL><LI> timer.o(i.rt_system_timer_thread_init)
</UL>
<P><STRONG><a name="[190]"></a>rt_timer_list_next_timeout</STRONG> (Thumb, 44 bytes, Stack size 24 bytes, timer.o(i.rt_timer_list_next_timeout))
<BR><BR>[Stack]<UL><LI>Max Depth = 24<LI>Call Chain = rt_timer_list_next_timeout
</UL>
<BR>[Calls]<UL><LI><a href="#[154]">&gt;&gt;</a>&nbsp;&nbsp;&nbsp;rt_hw_interrupt_enable
<LI><a href="#[153]">&gt;&gt;</a>&nbsp;&nbsp;&nbsp;rt_hw_interrupt_disable
<LI><a href="#[17f]">&gt;&gt;</a>&nbsp;&nbsp;&nbsp;rt_list_isempty
</UL>
<BR>[Called By]<UL><LI><a href="#[5f]">&gt;&gt;</a>&nbsp;&nbsp;&nbsp;rt_thread_timer_entry
</UL>

<P><STRONG><a name="[e8]"></a>__NVIC_GetPriorityGrouping</STRONG> (Thumb, 10 bytes, Stack size 0 bytes, stm32f1xx_hal_cortex.o(i.__NVIC_GetPriorityGrouping))
<BR><BR>[Called By]<UL><LI><a href="#[e7]">&gt;&gt;</a>&nbsp;&nbsp;&nbsp;HAL_NVIC_SetPriority
</UL>

<P><STRONG><a name="[e9]"></a>__NVIC_SetPriority</STRONG> (Thumb, 32 bytes, Stack size 8 bytes, stm32f1xx_hal_cortex.o(i.__NVIC_SetPriority))
<BR><BR>[Stack]<UL><LI>Max Depth = 8<LI>Call Chain = __NVIC_SetPriority
</UL>
<BR>[Called By]<UL><LI><a href="#[e6]">&gt;&gt;</a>&nbsp;&nbsp;&nbsp;HAL_SYSTICK_Config
<LI><a href="#[e7]">&gt;&gt;</a>&nbsp;&nbsp;&nbsp;HAL_NVIC_SetPriority
</UL>

<P><STRONG><a name="[e1]"></a>DMA_SetConfig</STRONG> (Thumb, 44 bytes, Stack size 12 bytes, stm32f1xx_hal_dma.o(i.DMA_SetConfig))
<BR><BR>[Stack]<UL><LI>Max Depth = 12<LI>Call Chain = DMA_SetConfig
</UL>
<BR>[Called By]<UL><LI><a href="#[e0]">&gt;&gt;</a>&nbsp;&nbsp;&nbsp;HAL_DMA_Start_IT
</UL>

<P><STRONG><a name="[f0]"></a>RCC_Delay</STRONG> (Thumb, 36 bytes, Stack size 8 bytes, stm32f1xx_hal_rcc.o(i.RCC_Delay))
<BR><BR>[Stack]<UL><LI>Max Depth = 8<LI>Call Chain = RCC_Delay
</UL>
<BR>[Called By]<UL><LI><a href="#[ef]">&gt;&gt;</a>&nbsp;&nbsp;&nbsp;HAL_RCC_OscConfig
</UL>

<P><STRONG><a name="[f2]"></a>TIM_OC1_SetConfig</STRONG> (Thumb, 104 bytes, Stack size 12 bytes, stm32f1xx_hal_tim.o(i.TIM_OC1_SetConfig))
<BR><BR>[Stack]<UL><LI>Max Depth = 12<LI>Call Chain = TIM_OC1_SetConfig
</UL>
<BR>[Called By]<UL><LI><a href="#[f1]">&gt;&gt;</a>&nbsp;&nbsp;&nbsp;HAL_TIM_PWM_ConfigChannel
</UL>

<P><STRONG><a name="[f4]"></a>TIM_OC3_SetConfig</STRONG> (Thumb, 112 bytes, Stack size 12 bytes, stm32f1xx_hal_tim.o(i.TIM_OC3_SetConfig))
<BR><BR>[Stack]<UL><LI>Max Depth = 12<LI>Call Chain = TIM_OC3_SetConfig
</UL>
<BR>[Called By]<UL><LI><a href="#[f1]">&gt;&gt;</a>&nbsp;&nbsp;&nbsp;HAL_TIM_PWM_ConfigChannel
</UL>

<P><STRONG><a name="[f5]"></a>TIM_OC4_SetConfig</STRONG> (Thumb, 74 bytes, Stack size 12 bytes, stm32f1xx_hal_tim.o(i.TIM_OC4_SetConfig))
<BR><BR>[Stack]<UL><LI>Max Depth = 12<LI>Call Chain = TIM_OC4_SetConfig
</UL>
<BR>[Called By]<UL><LI><a href="#[f1]">&gt;&gt;</a>&nbsp;&nbsp;&nbsp;HAL_TIM_PWM_ConfigChannel
</UL>

<P><STRONG><a name="[4f]"></a>UART_DMAError</STRONG> (Thumb, 80 bytes, Stack size 16 bytes, stm32f1xx_hal_uart.o(i.UART_DMAError))
<BR><BR>[Stack]<UL><LI>Max Depth = 16<LI>Call Chain = UART_DMAError
</UL>
<BR>[Calls]<UL><LI><a href="#[138]">&gt;&gt;</a>&nbsp;&nbsp;&nbsp;HAL_UART_ErrorCallback
<LI><a href="#[fc]">&gt;&gt;</a>&nbsp;&nbsp;&nbsp;UART_EndTxTransfer
<LI><a href="#[fd]">&gt;&gt;</a>&nbsp;&nbsp;&nbsp;UART_EndRxTransfer
</UL>
<BR>[Address Reference Count : 1]<UL><LI> stm32f1xx_hal_uart.o(i.HAL_UART_Receive_DMA)
</UL>
<P><STRONG><a name="[4d]"></a>UART_DMAReceiveCplt</STRONG> (Thumb, 70 bytes, Stack size 16 bytes, stm32f1xx_hal_uart.o(i.UART_DMAReceiveCplt))
<BR><BR>[Stack]<UL><LI>Max Depth = 16<LI>Call Chain = UART_DMAReceiveCplt
</UL>
<BR>[Calls]<UL><LI><a href="#[139]">&gt;&gt;</a>&nbsp;&nbsp;&nbsp;HAL_UART_RxCpltCallback
</UL>
<BR>[Address Reference Count : 1]<UL><LI> stm32f1xx_hal_uart.o(i.HAL_UART_Receive_DMA)
</UL>
<P><STRONG><a name="[4e]"></a>UART_DMARxHalfCplt</STRONG> (Thumb, 14 bytes, Stack size 16 bytes, stm32f1xx_hal_uart.o(i.UART_DMARxHalfCplt))
<BR><BR>[Stack]<UL><LI>Max Depth = 16<LI>Call Chain = UART_DMARxHalfCplt
</UL>
<BR>[Calls]<UL><LI><a href="#[13a]">&gt;&gt;</a>&nbsp;&nbsp;&nbsp;HAL_UART_RxHalfCpltCallback
</UL>
<BR>[Address Reference Count : 1]<UL><LI> stm32f1xx_hal_uart.o(i.HAL_UART_Receive_DMA)
</UL>
<P><STRONG><a name="[fd]"></a>UART_EndRxTransfer</STRONG> (Thumb, 32 bytes, Stack size 0 bytes, stm32f1xx_hal_uart.o(i.UART_EndRxTransfer))
<BR><BR>[Called By]<UL><LI><a href="#[dc]">&gt;&gt;</a>&nbsp;&nbsp;&nbsp;HAL_UART_DMAStop
<LI><a href="#[4f]">&gt;&gt;</a>&nbsp;&nbsp;&nbsp;UART_DMAError
</UL>

<P><STRONG><a name="[fc]"></a>UART_EndTxTransfer</STRONG> (Thumb, 20 bytes, Stack size 0 bytes, stm32f1xx_hal_uart.o(i.UART_EndTxTransfer))
<BR><BR>[Called By]<UL><LI><a href="#[dc]">&gt;&gt;</a>&nbsp;&nbsp;&nbsp;HAL_UART_DMAStop
<LI><a href="#[4f]">&gt;&gt;</a>&nbsp;&nbsp;&nbsp;UART_DMAError
</UL>

<P><STRONG><a name="[100]"></a>UART_SetConfig</STRONG> (Thumb, 248 bytes, Stack size 16 bytes, stm32f1xx_hal_uart.o(i.UART_SetConfig))
<BR><BR>[Stack]<UL><LI>Max Depth = 20<LI>Call Chain = UART_SetConfig &rArr; HAL_RCC_GetPCLK2Freq
</UL>
<BR>[Calls]<UL><LI><a href="#[ee]">&gt;&gt;</a>&nbsp;&nbsp;&nbsp;HAL_RCC_GetPCLK2Freq
<LI><a href="#[ec]">&gt;&gt;</a>&nbsp;&nbsp;&nbsp;HAL_RCC_GetPCLK1Freq
</UL>
<BR>[Called By]<UL><LI><a href="#[fe]">&gt;&gt;</a>&nbsp;&nbsp;&nbsp;HAL_UART_Init
</UL>

<P><STRONG><a name="[101]"></a>UART_WaitOnFlagUntilTimeout</STRONG> (Thumb, 108 bytes, Stack size 24 bytes, stm32f1xx_hal_uart.o(i.UART_WaitOnFlagUntilTimeout))
<BR><BR>[Stack]<UL><LI>Max Depth = 24<LI>Call Chain = UART_WaitOnFlagUntilTimeout
</UL>
<BR>[Calls]<UL><LI><a href="#[e2]">&gt;&gt;</a>&nbsp;&nbsp;&nbsp;HAL_GetTick
</UL>
<BR>[Called By]<UL><LI><a href="#[df]">&gt;&gt;</a>&nbsp;&nbsp;&nbsp;HAL_UART_Transmit
</UL>

<P><STRONG><a name="[146]"></a>_fp_digits</STRONG> (Thumb, 334 bytes, Stack size 56 bytes, printfa.o(i._fp_digits), UNUSED)
<BR><BR>[Calls]<UL><LI><a href="#[7d]">&gt;&gt;</a>&nbsp;&nbsp;&nbsp;__aeabi_dmul
<LI><a href="#[7e]">&gt;&gt;</a>&nbsp;&nbsp;&nbsp;__aeabi_ddiv
<LI><a href="#[76]">&gt;&gt;</a>&nbsp;&nbsp;&nbsp;__aeabi_dadd
<LI><a href="#[147]">&gt;&gt;</a>&nbsp;&nbsp;&nbsp;__aeabi_cdrcmple
<LI><a href="#[6a]">&gt;&gt;</a>&nbsp;&nbsp;&nbsp;__aeabi_uldivmod
<LI><a href="#[89]">&gt;&gt;</a>&nbsp;&nbsp;&nbsp;__aeabi_d2ulz
</UL>
<BR>[Called By]<UL><LI><a href="#[145]">&gt;&gt;</a>&nbsp;&nbsp;&nbsp;_printf_core
</UL>

<P><STRONG><a name="[145]"></a>_printf_core</STRONG> (Thumb, 1744 bytes, Stack size 136 bytes, printfa.o(i._printf_core), UNUSED)
<BR><BR>[Calls]<UL><LI><a href="#[6a]">&gt;&gt;</a>&nbsp;&nbsp;&nbsp;__aeabi_uldivmod
<LI><a href="#[14a]">&gt;&gt;</a>&nbsp;&nbsp;&nbsp;__aeabi_uidivmod
<LI><a href="#[148]">&gt;&gt;</a>&nbsp;&nbsp;&nbsp;_printf_pre_padding
<LI><a href="#[149]">&gt;&gt;</a>&nbsp;&nbsp;&nbsp;_printf_post_padding
<LI><a href="#[146]">&gt;&gt;</a>&nbsp;&nbsp;&nbsp;_fp_digits
</UL>
<BR>[Called By]<UL><LI><a href="#[144]">&gt;&gt;</a>&nbsp;&nbsp;&nbsp;__0printf
</UL>

<P><STRONG><a name="[149]"></a>_printf_post_padding</STRONG> (Thumb, 36 bytes, Stack size 24 bytes, printfa.o(i._printf_post_padding), UNUSED)
<BR><BR>[Called By]<UL><LI><a href="#[145]">&gt;&gt;</a>&nbsp;&nbsp;&nbsp;_printf_core
</UL>

<P><STRONG><a name="[148]"></a>_printf_pre_padding</STRONG> (Thumb, 46 bytes, Stack size 24 bytes, printfa.o(i._printf_pre_padding), UNUSED)
<BR><BR>[Called By]<UL><LI><a href="#[145]">&gt;&gt;</a>&nbsp;&nbsp;&nbsp;_printf_core
</UL>

<P><STRONG><a name="[4b]"></a>_scanf_char_input</STRONG> (Thumb, 12 bytes, Stack size 0 bytes, scanf_char.o(.text))
<BR>[Address Reference Count : 1]<UL><LI> scanf_char.o(.text)
</UL>
<P><STRONG><a name="[86]"></a>_local_sscanf</STRONG> (Thumb, 54 bytes, Stack size 56 bytes, strtod.o(.text))
<BR><BR>[Stack]<UL><LI>Max Depth = 160<LI>Call Chain = _local_sscanf &rArr; _scanf_real
</UL>
<BR>[Calls]<UL><LI><a href="#[87]">&gt;&gt;</a>&nbsp;&nbsp;&nbsp;_scanf_real
</UL>
<BR>[Called By]<UL><LI><a href="#[88]">&gt;&gt;</a>&nbsp;&nbsp;&nbsp;__strtod_int
</UL>

<P><STRONG><a name="[8d]"></a>_fp_value</STRONG> (Thumb, 256 bytes, Stack size 56 bytes, scanf_fp.o(.text), UNUSED)
<BR><BR>[Calls]<UL><LI><a href="#[7d]">&gt;&gt;</a>&nbsp;&nbsp;&nbsp;__aeabi_dmul
<LI><a href="#[7e]">&gt;&gt;</a>&nbsp;&nbsp;&nbsp;__aeabi_ddiv
<LI><a href="#[8e]">&gt;&gt;</a>&nbsp;&nbsp;&nbsp;__aeabi_ul2d
</UL>
<BR>[Called By]<UL><LI><a href="#[8f]">&gt;&gt;</a>&nbsp;&nbsp;&nbsp;_scanf_really_real
</UL>
<P>
<H3>
Undefined Global Symbols
</H3><HR></body></html>
