<html>
<body>
<pre>
<h1>µVision Build Log</h1>
<h2>Tool Versions:</h2>
IDE-Version: ¦ÌVision V5.40.0.0
Copyright (C) 2024 ARM Ltd and ARM Germany GmbH. All rights reserved.
License Information: 1 weiyuyiyu@outlook.com, 1, LIC=8VRJ7-E3SKD-II15V-PYGKL-50IQ8-ZINFA
 
Tool Versions:
Toolchain:       MDK-ARM Plus  Version: 5.40.0.3
Toolchain Path:  D:\Keil_v5\ARM\ARMCC\Bin
C Compiler:      Armcc.exe V5.05 update 1 (build 106)
Assembler:       Armasm.exe V5.05 update 1 (build 106)
Linker/Locator:  ArmLink.exe V5.05 update 1 (build 106)
Library Manager: ArmAr.exe V5.05 update 1 (build 106)
Hex Converter:   FromElf.exe V5.05 update 1 (build 106)
CPU DLL:         SARMCM3.DLL V5.40.0.3
Dialog DLL:      DRAMSTM.DLL
Target DLL:      Segger\JL2CM3.dll V2.99.44.0
Dialog DLL:      TCM.DLL V1.56.4.0
 
<h2>Project:</h2>
d:\My Competition\xian2024\bisai\SGA_ele\Project\STM32.uvprojx
Project File Date:  10/11/2024

<h2>Output:</h2>
*** Using Compiler 'V5.05 update 1 (build 106)', folder: 'D:\Keil_v5\ARM\ARMCC\Bin'
Build target 'Demo'
compiling usercode.c...
compiling task_irq.c...
compiling task_sysinit.c...
compiling task_thruster.c...
compiling task_handlemode.c...
compiling config.c...
compiling task_analysisdata.c...
..\Apply\Task\Src\task_analysisdata.c(14): warning:  #177-D: variable "AMInfo" was declared but never referenced
      AutoModeInfo AMInfo = {" ",0};
..\Apply\Task\Src\task_analysisdata.c(15): warning:  #177-D: variable "DCInfo" was declared but never referenced
      DepthControlInfo DCInfo = {0};
..\Apply\Task\Src\task_analysisdata.c: 2 warnings, 0 errors
compiling task_depthcontrol.c...
compiling threadpool.c...
compiling task_userinit.c...
compiling task_automode.c...
compiling ocd_ms5837.c...
compiling task_balance.c...
compiling task_motioncontrol.c...
linking...
Program Size: Code=39664 RO-data=808 RW-data=3776 ZI-data=18504  
FromELF: creating hex file...
".\Objects\STM32.axf" - 0 Error(s), 2 Warning(s).

<h2>Software Packages used:</h2>

Package Vendor: Keil
                http://www.keil.com/pack/Keil.STM32F1xx_DFP.2.2.0.pack
                Keil::STM32F1xx_DFP@2.2.0
                STMicroelectronics STM32F1 Series Device Support, Drivers and Examples

<h2>Collection of Component include folders:</h2>
  D:/Keil_v5/ARM/Pack/Keil/STM32F1xx_DFP/2.2.0/Device/Include

<h2>Collection of Component Files used:</h2>
Build Time Elapsed:  00:00:04
</pre>
</body>
</html>
